[0.008s] Invoking command in '/home/nvidia/learn_ros/chapt3/topic_practice_ws/build/status_interfaces': CMAKE_PREFIX_PATH=/opt/ros/humble /usr/bin/cmake /home/nvidia/learn_ros/chapt3/topic_practice_ws/src/status_interfaces -DCMAKE_INSTALL_PREFIX=/home/nvidia/learn_ros/chapt3/topic_practice_ws/install/status_interfaces
[0.014s] -- Found ament_cmake: 1.3.14 (/opt/ros/humble/share/ament_cmake/cmake)
[0.089s] -- Found builtin_interfaces: 1.2.3 (/opt/ros/humble/share/builtin_interfaces/cmake)
[0.419s] -- Found rosidl_generator_c: 3.1.9 (/opt/ros/humble/share/rosidl_generator_c/cmake)
[0.420s] -- Found rosidl_adapter: 3.1.9 (/opt/ros/humble/share/rosidl_adapter/cmake)
[0.424s] -- Found rosidl_generator_cpp: 3.1.9 (/opt/ros/humble/share/rosidl_generator_cpp/cmake)
[0.429s] -- Using all available rosidl_typesupport_c: rosidl_typesupport_fastrtps_c;rosidl_typesupport_introspection_c
[0.436s] -- Using all available rosidl_typesupport_cpp: rosidl_typesupport_fastrtps_cpp;rosidl_typesupport_introspection_cpp
[0.442s] -- Found rosidl_default_generators: 1.2.1 (/opt/ros/humble/share/rosidl_default_generators/cmake)
[0.566s] [31mCMake Error at /opt/ros/humble/share/rosidl_adapter/cmake/rosidl_adapt_interfaces.cmake:59 (message):
[0.566s]   execute_process(/usr/bin/python3 -m rosidl_adapter --package-name
[0.566s]   status_interfaces --arguments-file
[0.566s]   /home/nvidia/learn_ros/chapt3/topic_practice_ws/build/status_interfaces/rosidl_adapter__arguments__status_interfaces.json
[0.567s]   --output-dir
[0.567s]   /home/nvidia/learn_ros/chapt3/topic_practice_ws/build/status_interfaces/rosidl_adapter/status_interfaces
[0.567s]   --output-file
[0.567s]   /home/nvidia/learn_ros/chapt3/topic_practice_ws/build/status_interfaces/rosidl_adapter/status_interfaces.idls)
[0.567s]   returned error code 1:
[0.567s] 
[0.567s]   Error processing 'float64 net recv' of 'status_interfaces/SystemStatus':
[0.567s]   'value 'recv' can not be converted to type 'float64': must be a floating
[0.567s]   point number using '.' as the separator'
[0.567s] 
[0.567s]   Traceback (most recent call last):
[0.567s] 
[0.567s]     File "/opt/ros/humble/local/lib/python3.10/dist-packages/rosidl_adapter/parser.py", line 729, in parse_primitive_value_string
[0.567s]       return float(value_string)
[0.567s] 
[0.567s]   ValueError: could not convert string to float: 'recv'
[0.567s] 
[0.567s]   
[0.567s] 
[0.567s]   During handling of the above exception, another exception occurred:
[0.567s] 
[0.567s]   
[0.567s] 
[0.567s]   Traceback (most recent call last):
[0.567s] 
[0.568s]     File "/usr/lib/python3.10/runpy.py", line 196, in _run_module_as_main
[0.568s]       return _run_code(code, main_globals, None,
[0.568s]     File "/usr/lib/python3.10/runpy.py", line 86, in _run_code
[0.568s]       exec(code, run_globals)
[0.568s]     File "/opt/ros/humble/local/lib/python3.10/dist-packages/rosidl_adapter/__main__.py", line 19, in <module>
[0.568s]       sys.exit(main())
[0.568s]     File "/opt/ros/humble/local/lib/python3.10/dist-packages/rosidl_adapter/main.py", line 53, in main
[0.568s]       abs_idl_file = convert_to_idl(
[0.568s]     File "/opt/ros/humble/local/lib/python3.10/dist-packages/rosidl_adapter/__init__.py", line 19, in convert_to_idl
[0.568s]       return convert_msg_to_idl(
[0.568s]     File "/opt/ros/humble/local/lib/python3.10/dist-packages/rosidl_adapter/msg/__init__.py", line 28, in convert_msg_to_idl
[0.568s]       msg = parse_message_string(package_name, input_file.stem, content)
[0.568s]     File "/opt/ros/humble/local/lib/python3.10/dist-packages/rosidl_adapter/parser.py", line 519, in parse_message_string
[0.568s]       fields.append(Field(
[0.568s]     File "/opt/ros/humble/local/lib/python3.10/dist-packages/rosidl_adapter/parser.py", line 361, in __init__
[0.568s]       self.default_value = parse_value_string(
[0.568s]     File "/opt/ros/humble/local/lib/python3.10/dist-packages/rosidl_adapter/parser.py", line 594, in parse_value_string
[0.568s]       return parse_primitive_value_string(type_, value_string)
[0.568s]     File "/opt/ros/humble/local/lib/python3.10/dist-packages/rosidl_adapter/parser.py", line 731, in parse_primitive_value_string
[0.568s]       raise InvalidValue(
[0.568s] 
[0.568s]   rosidl_adapter.parser.InvalidValue: value 'recv' can not be converted to
[0.568s]   type 'float64': must be a floating point number using '.' as the separator
[0.568s] 
[0.568s] Call Stack (most recent call first):
[0.568s]   /opt/ros/humble/share/rosidl_cmake/cmake/rosidl_generate_interfaces.cmake:130 (rosidl_adapt_interfaces)
[0.568s]   CMakeLists.txt:14 (rosidl_generate_interfaces)
[0.568s] 
[0.568s] [0m
[0.569s] -- Configuring incomplete, errors occurred!
[0.569s] See also "/home/nvidia/learn_ros/chapt3/topic_practice_ws/build/status_interfaces/CMakeFiles/CMakeOutput.log".
[0.572s] Invoked command in '/home/nvidia/learn_ros/chapt3/topic_practice_ws/build/status_interfaces' returned '1': CMAKE_PREFIX_PATH=/opt/ros/humble /usr/bin/cmake /home/nvidia/learn_ros/chapt3/topic_practice_ws/src/status_interfaces -DCMAKE_INSTALL_PREFIX=/home/nvidia/learn_ros/chapt3/topic_practice_ws/install/status_interfaces
