[0.016s] Invoking command in '/home/nvidia/learn_ros/chapt2/build/demo_cpp_pkg': CMAKE_PREFIX_PATH=/opt/ros/humble /usr/bin/cmake /home/nvidia/learn_ros/chapt2/demo_cpp_pkg -DCMAKE_INSTALL_PREFIX=/home/nvidia/learn_ros/chapt2/install/demo_cpp_pkg
[0.375s] -- The C compiler identification is GNU 11.4.0
[1.622s] -- The CXX compiler identification is GNU 11.4.0
[2.542s] -- Detecting C compiler ABI info
[2.870s] -- Detecting C compiler ABI info - done
[2.874s] -- Check for working C compiler: /usr/bin/cc - skipped
[2.874s] -- Detecting C compile features
[2.874s] -- Detecting C compile features - done
[2.876s] -- Detecting CXX compiler ABI info
[3.215s] -- Detecting CXX compiler ABI info - done
[3.219s] -- Check for working CXX compiler: /usr/bin/c++ - skipped
[3.220s] -- Detecting CXX compile features
[3.220s] -- Detecting CXX compile features - done
[3.221s] -- Found ament_cmake: 1.3.14 (/opt/ros/humble/share/ament_cmake/cmake)
[3.297s] -- Found Python3: /usr/bin/python3 (found version "3.10.12") found components: Interpreter 
[3.344s] -- Found rclcpp: 16.0.21 (/opt/ros/humble/share/rclcpp/cmake)
[3.641s] -- Found rosidl_generator_c: 3.1.9 (/opt/ros/humble/share/rosidl_generator_c/cmake)
[3.643s] -- Found rosidl_adapter: 3.1.9 (/opt/ros/humble/share/rosidl_adapter/cmake)
[3.647s] -- Found rosidl_generator_cpp: 3.1.9 (/opt/ros/humble/share/rosidl_generator_cpp/cmake)
[3.653s] -- Using all available rosidl_typesupport_c: rosidl_typesupport_fastrtps_c;rosidl_typesupport_introspection_c
[3.660s] -- Using all available rosidl_typesupport_cpp: rosidl_typesupport_fastrtps_cpp;rosidl_typesupport_introspection_cpp
[3.680s] -- Found rmw_implementation_cmake: 6.1.4 (/opt/ros/humble/share/rmw_implementation_cmake/cmake)
[3.681s] -- Found rmw_fastrtps_cpp: 6.2.10 (/opt/ros/humble/share/rmw_fastrtps_cpp/cmake)
[6.649s] -- Found OpenSSL: /usr/lib/x86_64-linux-gnu/libcrypto.so (found version "3.0.2")  
[10.018s] -- Found FastRTPS: /opt/ros/humble/include  
[16.040s] -- Using RMW implementation 'rmw_fastrtps_cpp' as default
[16.044s] -- Looking for pthread.h
[16.381s] -- Looking for pthread.h - found
[16.381s] -- Performing Test CMAKE_HAVE_LIBC_PTHREAD
[16.742s] -- Performing Test CMAKE_HAVE_LIBC_PTHREAD - Success
[16.743s] -- Found Threads: TRUE  
[16.771s] -- Found ament_lint_auto: 0.12.15 (/opt/ros/humble/share/ament_lint_auto/cmake)
[16.811s] -- Added test 'cppcheck' to perform static code analysis on C / C++ code
[16.811s] -- Configured cppcheck include dirs: 
[16.811s] -- Configured cppcheck exclude dirs and/or files: 
[16.812s] -- Added test 'lint_cmake' to check CMake code style
[16.814s] -- Added test 'uncrustify' to check C / C++ code style
[16.814s] -- Configured uncrustify additional arguments: 
[16.814s] -- Added test 'xmllint' to check XML markup files
[16.815s] -- Configuring done
[16.820s] -- Generating done
[16.822s] -- Build files have been written to: /home/nvidia/learn_ros/chapt2/build/demo_cpp_pkg
[16.828s] Invoked command in '/home/nvidia/learn_ros/chapt2/build/demo_cpp_pkg' returned '0': CMAKE_PREFIX_PATH=/opt/ros/humble /usr/bin/cmake /home/nvidia/learn_ros/chapt2/demo_cpp_pkg -DCMAKE_INSTALL_PREFIX=/home/nvidia/learn_ros/chapt2/install/demo_cpp_pkg
[16.829s] Invoking command in '/home/nvidia/learn_ros/chapt2/build/demo_cpp_pkg': CMAKE_PREFIX_PATH=/opt/ros/humble /usr/bin/cmake --build /home/nvidia/learn_ros/chapt2/build/demo_cpp_pkg -- -j24 -l24
[16.852s] [ 50%] [32mBuilding CXX object CMakeFiles/cpp_node.dir/src/cpp_node.cpp.o[0m
[18.539s] [100%] [32m[1mLinking CXX executable cpp_node[0m
[18.936s] [100%] Built target cpp_node
[18.943s] Invoked command in '/home/nvidia/learn_ros/chapt2/build/demo_cpp_pkg' returned '0': CMAKE_PREFIX_PATH=/opt/ros/humble /usr/bin/cmake --build /home/nvidia/learn_ros/chapt2/build/demo_cpp_pkg -- -j24 -l24
[18.947s] Invoking command in '/home/nvidia/learn_ros/chapt2/build/demo_cpp_pkg': CMAKE_PREFIX_PATH=/opt/ros/humble /usr/bin/cmake --install /home/nvidia/learn_ros/chapt2/build/demo_cpp_pkg
[18.950s] -- Install configuration: ""
[18.950s] -- Installing: /home/nvidia/learn_ros/chapt2/install/demo_cpp_pkg/share/ament_index/resource_index/package_run_dependencies/demo_cpp_pkg
[18.950s] -- Installing: /home/nvidia/learn_ros/chapt2/install/demo_cpp_pkg/share/ament_index/resource_index/parent_prefix_path/demo_cpp_pkg
[18.951s] -- Installing: /home/nvidia/learn_ros/chapt2/install/demo_cpp_pkg/share/demo_cpp_pkg/environment/ament_prefix_path.sh
[18.951s] -- Installing: /home/nvidia/learn_ros/chapt2/install/demo_cpp_pkg/share/demo_cpp_pkg/environment/ament_prefix_path.dsv
[18.951s] -- Installing: /home/nvidia/learn_ros/chapt2/install/demo_cpp_pkg/share/demo_cpp_pkg/environment/path.sh
[18.951s] -- Installing: /home/nvidia/learn_ros/chapt2/install/demo_cpp_pkg/share/demo_cpp_pkg/environment/path.dsv
[18.951s] -- Installing: /home/nvidia/learn_ros/chapt2/install/demo_cpp_pkg/share/demo_cpp_pkg/local_setup.bash
[18.951s] -- Installing: /home/nvidia/learn_ros/chapt2/install/demo_cpp_pkg/share/demo_cpp_pkg/local_setup.sh
[18.951s] -- Installing: /home/nvidia/learn_ros/chapt2/install/demo_cpp_pkg/share/demo_cpp_pkg/local_setup.zsh
[18.951s] -- Installing: /home/nvidia/learn_ros/chapt2/install/demo_cpp_pkg/share/demo_cpp_pkg/local_setup.dsv
[18.951s] -- Installing: /home/nvidia/learn_ros/chapt2/install/demo_cpp_pkg/share/demo_cpp_pkg/package.dsv
[18.951s] -- Installing: /home/nvidia/learn_ros/chapt2/install/demo_cpp_pkg/share/ament_index/resource_index/packages/demo_cpp_pkg
[18.951s] -- Installing: /home/nvidia/learn_ros/chapt2/install/demo_cpp_pkg/share/demo_cpp_pkg/cmake/demo_cpp_pkgConfig.cmake
[18.951s] -- Installing: /home/nvidia/learn_ros/chapt2/install/demo_cpp_pkg/share/demo_cpp_pkg/cmake/demo_cpp_pkgConfig-version.cmake
[18.951s] -- Installing: /home/nvidia/learn_ros/chapt2/install/demo_cpp_pkg/share/demo_cpp_pkg/package.xml
[18.953s] Invoked command in '/home/nvidia/learn_ros/chapt2/build/demo_cpp_pkg' returned '0': CMAKE_PREFIX_PATH=/opt/ros/humble /usr/bin/cmake --install /home/nvidia/learn_ros/chapt2/build/demo_cpp_pkg
