[0.588s] DEBUG:colcon:Command line arguments: ['/usr/bin/colcon', 'build']
[0.588s] DEBUG:colcon:Parsed command line arguments: Namespace(log_base=None, log_level=None, verb_name='build', build_base='build', install_base='install', merge_install=False, symlink_install=False, test_result_base=None, continue_on_error=False, executor='parallel', parallel_workers=24, event_handlers=None, ignore_user_meta=False, metas=['./colcon.meta'], base_paths=['.'], packages_ignore=None, packages_ignore_regex=None, paths=None, packages_up_to=None, packages_up_to_regex=None, packages_above=None, packages_above_and_dependencies=None, packages_above_depth=None, packages_select_by_dep=None, packages_skip_by_dep=None, packages_skip_up_to=None, packages_select_build_failed=False, packages_skip_build_finished=False, packages_select_test_failures=False, packages_skip_test_passed=False, packages_select=None, packages_skip=None, packages_select_regex=None, packages_skip_regex=None, packages_start=None, packages_end=None, allow_overriding=[], cmake_args=None, cmake_target=None, cmake_target_skip_unavailable=False, cmake_clean_cache=False, cmake_clean_first=False, cmake_force_configure=False, ament_cmake_args=None, catkin_cmake_args=None, catkin_skip_building_tests=False, verb_parser=<colcon_defaults.argument_parser.defaults.DefaultArgumentsDecorator object at 0x74419952f8b0>, verb_extension=<colcon_core.verb.build.BuildVerb object at 0x74419952ef20>, main=<bound method BuildVerb.main of <colcon_core.verb.build.BuildVerb object at 0x74419952ef20>>)
[0.798s] Level 1:colcon.colcon_core.package_discovery:discover_packages(colcon_meta) check parameters
[0.798s] Level 1:colcon.colcon_core.package_discovery:discover_packages(recursive) check parameters
[0.798s] Level 1:colcon.colcon_core.package_discovery:discover_packages(ignore) check parameters
[0.799s] Level 1:colcon.colcon_core.package_discovery:discover_packages(path) check parameters
[0.799s] Level 1:colcon.colcon_core.package_discovery:discover_packages(colcon_meta) discover
[0.799s] Level 1:colcon.colcon_core.package_discovery:discover_packages(recursive) discover
[0.799s] INFO:colcon.colcon_core.package_discovery:Crawling recursively for packages in '/home/nvidia/learn_ros/chapt3/topic_ws'
[0.799s] Level 1:colcon.colcon_core.package_identification:_identify(.) by extensions ['ignore', 'ignore_ament_install']
[0.799s] Level 1:colcon.colcon_core.package_identification:_identify(.) by extension 'ignore'
[0.799s] Level 1:colcon.colcon_core.package_identification:_identify(.) by extension 'ignore_ament_install'
[0.799s] Level 1:colcon.colcon_core.package_identification:_identify(.) by extensions ['colcon_pkg']
[0.799s] Level 1:colcon.colcon_core.package_identification:_identify(.) by extension 'colcon_pkg'
[0.799s] Level 1:colcon.colcon_core.package_identification:_identify(.) by extensions ['colcon_meta']
[0.799s] Level 1:colcon.colcon_core.package_identification:_identify(.) by extension 'colcon_meta'
[0.799s] Level 1:colcon.colcon_core.package_identification:_identify(.) by extensions ['ros']
[0.799s] Level 1:colcon.colcon_core.package_identification:_identify(.) by extension 'ros'
[0.810s] Level 1:colcon.colcon_core.package_identification:_identify(.) by extensions ['cmake', 'python']
[0.810s] Level 1:colcon.colcon_core.package_identification:_identify(.) by extension 'cmake'
[0.810s] Level 1:colcon.colcon_core.package_identification:_identify(.) by extension 'python'
[0.810s] Level 1:colcon.colcon_core.package_identification:_identify(.) by extensions ['python_setup_py']
[0.810s] Level 1:colcon.colcon_core.package_identification:_identify(.) by extension 'python_setup_py'
[0.810s] Level 1:colcon.colcon_core.package_identification:_identify(build) by extensions ['ignore', 'ignore_ament_install']
[0.810s] Level 1:colcon.colcon_core.package_identification:_identify(build) by extension 'ignore'
[0.810s] Level 1:colcon.colcon_core.package_identification:_identify(build) ignored
[0.811s] Level 1:colcon.colcon_core.package_identification:_identify(install) by extensions ['ignore', 'ignore_ament_install']
[0.811s] Level 1:colcon.colcon_core.package_identification:_identify(install) by extension 'ignore'
[0.811s] Level 1:colcon.colcon_core.package_identification:_identify(install) ignored
[0.811s] Level 1:colcon.colcon_core.package_identification:_identify(log) by extensions ['ignore', 'ignore_ament_install']
[0.811s] Level 1:colcon.colcon_core.package_identification:_identify(log) by extension 'ignore'
[0.811s] Level 1:colcon.colcon_core.package_identification:_identify(log) ignored
[0.811s] Level 1:colcon.colcon_core.package_identification:_identify(src) by extensions ['ignore', 'ignore_ament_install']
[0.811s] Level 1:colcon.colcon_core.package_identification:_identify(src) by extension 'ignore'
[0.811s] Level 1:colcon.colcon_core.package_identification:_identify(src) by extension 'ignore_ament_install'
[0.811s] Level 1:colcon.colcon_core.package_identification:_identify(src) by extensions ['colcon_pkg']
[0.811s] Level 1:colcon.colcon_core.package_identification:_identify(src) by extension 'colcon_pkg'
[0.811s] Level 1:colcon.colcon_core.package_identification:_identify(src) by extensions ['colcon_meta']
[0.811s] Level 1:colcon.colcon_core.package_identification:_identify(src) by extension 'colcon_meta'
[0.811s] Level 1:colcon.colcon_core.package_identification:_identify(src) by extensions ['ros']
[0.811s] Level 1:colcon.colcon_core.package_identification:_identify(src) by extension 'ros'
[0.811s] Level 1:colcon.colcon_core.package_identification:_identify(src) by extensions ['cmake', 'python']
[0.811s] Level 1:colcon.colcon_core.package_identification:_identify(src) by extension 'cmake'
[0.811s] Level 1:colcon.colcon_core.package_identification:_identify(src) by extension 'python'
[0.812s] Level 1:colcon.colcon_core.package_identification:_identify(src) by extensions ['python_setup_py']
[0.812s] Level 1:colcon.colcon_core.package_identification:_identify(src) by extension 'python_setup_py'
[0.812s] Level 1:colcon.colcon_core.package_identification:_identify(src/demo_cpp_topic) by extensions ['ignore', 'ignore_ament_install']
[0.812s] Level 1:colcon.colcon_core.package_identification:_identify(src/demo_cpp_topic) by extension 'ignore'
[0.812s] Level 1:colcon.colcon_core.package_identification:_identify(src/demo_cpp_topic) by extension 'ignore_ament_install'
[0.812s] Level 1:colcon.colcon_core.package_identification:_identify(src/demo_cpp_topic) by extensions ['colcon_pkg']
[0.812s] Level 1:colcon.colcon_core.package_identification:_identify(src/demo_cpp_topic) by extension 'colcon_pkg'
[0.812s] Level 1:colcon.colcon_core.package_identification:_identify(src/demo_cpp_topic) by extensions ['colcon_meta']
[0.812s] Level 1:colcon.colcon_core.package_identification:_identify(src/demo_cpp_topic) by extension 'colcon_meta'
[0.812s] Level 1:colcon.colcon_core.package_identification:_identify(src/demo_cpp_topic) by extensions ['ros']
[0.812s] Level 1:colcon.colcon_core.package_identification:_identify(src/demo_cpp_topic) by extension 'ros'
[0.815s] DEBUG:colcon.colcon_core.package_identification:Package 'src/demo_cpp_topic' with type 'ros.ament_cmake' and name 'demo_cpp_topic'
[0.815s] Level 1:colcon.colcon_core.package_identification:_identify(src/demo_python_topic) by extensions ['ignore', 'ignore_ament_install']
[0.815s] Level 1:colcon.colcon_core.package_identification:_identify(src/demo_python_topic) by extension 'ignore'
[0.815s] Level 1:colcon.colcon_core.package_identification:_identify(src/demo_python_topic) by extension 'ignore_ament_install'
[0.815s] Level 1:colcon.colcon_core.package_identification:_identify(src/demo_python_topic) by extensions ['colcon_pkg']
[0.815s] Level 1:colcon.colcon_core.package_identification:_identify(src/demo_python_topic) by extension 'colcon_pkg'
[0.815s] Level 1:colcon.colcon_core.package_identification:_identify(src/demo_python_topic) by extensions ['colcon_meta']
[0.815s] Level 1:colcon.colcon_core.package_identification:_identify(src/demo_python_topic) by extension 'colcon_meta'
[0.815s] Level 1:colcon.colcon_core.package_identification:_identify(src/demo_python_topic) by extensions ['ros']
[0.815s] Level 1:colcon.colcon_core.package_identification:_identify(src/demo_python_topic) by extension 'ros'
[0.816s] DEBUG:colcon.colcon_core.package_identification:Package 'src/demo_python_topic' with type 'ros.ament_python' and name 'demo_python_topic'
[0.816s] Level 1:colcon.colcon_core.package_discovery:discover_packages(recursive) using defaults
[0.816s] Level 1:colcon.colcon_core.package_discovery:discover_packages(ignore) discover
[0.816s] Level 1:colcon.colcon_core.package_discovery:discover_packages(ignore) using defaults
[0.816s] Level 1:colcon.colcon_core.package_discovery:discover_packages(path) discover
[0.816s] Level 1:colcon.colcon_core.package_discovery:discover_packages(path) using defaults
[0.845s] Level 1:colcon.colcon_core.package_discovery:discover_packages(prefix_path) check parameters
[0.845s] Level 1:colcon.colcon_core.package_discovery:discover_packages(prefix_path) discover
[0.849s] DEBUG:colcon.colcon_installed_package_information.package_discovery:Found 1 installed packages in /home/nvidia/learn_ros/chapt3/topic_ws/install
[0.851s] DEBUG:colcon.colcon_installed_package_information.package_discovery:Found 273 installed packages in /opt/ros/humble
[0.853s] Level 1:colcon.colcon_core.package_discovery:discover_packages(prefix_path) using defaults
[0.937s] Level 5:colcon.colcon_core.verb:set package 'demo_cpp_topic' build argument 'cmake_args' from command line to 'None'
[0.937s] Level 5:colcon.colcon_core.verb:set package 'demo_cpp_topic' build argument 'cmake_target' from command line to 'None'
[0.937s] Level 5:colcon.colcon_core.verb:set package 'demo_cpp_topic' build argument 'cmake_target_skip_unavailable' from command line to 'False'
[0.937s] Level 5:colcon.colcon_core.verb:set package 'demo_cpp_topic' build argument 'cmake_clean_cache' from command line to 'False'
[0.937s] Level 5:colcon.colcon_core.verb:set package 'demo_cpp_topic' build argument 'cmake_clean_first' from command line to 'False'
[0.937s] Level 5:colcon.colcon_core.verb:set package 'demo_cpp_topic' build argument 'cmake_force_configure' from command line to 'False'
[0.937s] Level 5:colcon.colcon_core.verb:set package 'demo_cpp_topic' build argument 'ament_cmake_args' from command line to 'None'
[0.937s] Level 5:colcon.colcon_core.verb:set package 'demo_cpp_topic' build argument 'catkin_cmake_args' from command line to 'None'
[0.937s] Level 5:colcon.colcon_core.verb:set package 'demo_cpp_topic' build argument 'catkin_skip_building_tests' from command line to 'False'
[0.937s] DEBUG:colcon.colcon_core.verb:Building package 'demo_cpp_topic' with the following arguments: {'ament_cmake_args': None, 'build_base': '/home/nvidia/learn_ros/chapt3/topic_ws/build/demo_cpp_topic', 'catkin_cmake_args': None, 'catkin_skip_building_tests': False, 'cmake_args': None, 'cmake_clean_cache': False, 'cmake_clean_first': False, 'cmake_force_configure': False, 'cmake_target': None, 'cmake_target_skip_unavailable': False, 'install_base': '/home/nvidia/learn_ros/chapt3/topic_ws/install/demo_cpp_topic', 'merge_install': False, 'path': '/home/nvidia/learn_ros/chapt3/topic_ws/src/demo_cpp_topic', 'symlink_install': False, 'test_result_base': None}
[0.937s] Level 5:colcon.colcon_core.verb:set package 'demo_python_topic' build argument 'cmake_args' from command line to 'None'
[0.937s] Level 5:colcon.colcon_core.verb:set package 'demo_python_topic' build argument 'cmake_target' from command line to 'None'
[0.937s] Level 5:colcon.colcon_core.verb:set package 'demo_python_topic' build argument 'cmake_target_skip_unavailable' from command line to 'False'
[0.937s] Level 5:colcon.colcon_core.verb:set package 'demo_python_topic' build argument 'cmake_clean_cache' from command line to 'False'
[0.937s] Level 5:colcon.colcon_core.verb:set package 'demo_python_topic' build argument 'cmake_clean_first' from command line to 'False'
[0.937s] Level 5:colcon.colcon_core.verb:set package 'demo_python_topic' build argument 'cmake_force_configure' from command line to 'False'
[0.937s] Level 5:colcon.colcon_core.verb:set package 'demo_python_topic' build argument 'ament_cmake_args' from command line to 'None'
[0.937s] Level 5:colcon.colcon_core.verb:set package 'demo_python_topic' build argument 'catkin_cmake_args' from command line to 'None'
[0.937s] Level 5:colcon.colcon_core.verb:set package 'demo_python_topic' build argument 'catkin_skip_building_tests' from command line to 'False'
[0.937s] DEBUG:colcon.colcon_core.verb:Building package 'demo_python_topic' with the following arguments: {'ament_cmake_args': None, 'build_base': '/home/nvidia/learn_ros/chapt3/topic_ws/build/demo_python_topic', 'catkin_cmake_args': None, 'catkin_skip_building_tests': False, 'cmake_args': None, 'cmake_clean_cache': False, 'cmake_clean_first': False, 'cmake_force_configure': False, 'cmake_target': None, 'cmake_target_skip_unavailable': False, 'install_base': '/home/nvidia/learn_ros/chapt3/topic_ws/install/demo_python_topic', 'merge_install': False, 'path': '/home/nvidia/learn_ros/chapt3/topic_ws/src/demo_python_topic', 'symlink_install': False, 'test_result_base': None}
[0.938s] INFO:colcon.colcon_core.executor:Executing jobs using 'parallel' executor
[0.938s] DEBUG:colcon.colcon_parallel_executor.executor.parallel:run_until_complete
[0.938s] INFO:colcon.colcon_ros.task.ament_cmake.build:Building ROS package in '/home/nvidia/learn_ros/chapt3/topic_ws/src/demo_cpp_topic' with build type 'ament_cmake'
[0.939s] INFO:colcon.colcon_cmake.task.cmake.build:Building CMake package in '/home/nvidia/learn_ros/chapt3/topic_ws/src/demo_cpp_topic'
[0.944s] INFO:colcon.colcon_core.plugin_system:Skipping extension 'colcon_core.shell.bat': Not used on non-Windows systems
[0.944s] INFO:colcon.colcon_core.shell:Skip shell extension 'powershell' for command environment: Not usable outside of PowerShell
[0.944s] DEBUG:colcon.colcon_core.shell:Skip shell extension 'dsv' for command environment
[0.947s] INFO:colcon.colcon_ros.task.ament_python.build:Building ROS package in '/home/nvidia/learn_ros/chapt3/topic_ws/src/demo_python_topic' with build type 'ament_python'
[0.947s] Level 1:colcon.colcon_core.shell:create_environment_hook('demo_python_topic', 'ament_prefix_path')
[0.948s] INFO:colcon.colcon_core.shell:Creating environment hook '/home/nvidia/learn_ros/chapt3/topic_ws/install/demo_python_topic/share/demo_python_topic/hook/ament_prefix_path.ps1'
[0.949s] INFO:colcon.colcon_core.shell:Creating environment descriptor '/home/nvidia/learn_ros/chapt3/topic_ws/install/demo_python_topic/share/demo_python_topic/hook/ament_prefix_path.dsv'
[0.950s] INFO:colcon.colcon_core.shell:Creating environment hook '/home/nvidia/learn_ros/chapt3/topic_ws/install/demo_python_topic/share/demo_python_topic/hook/ament_prefix_path.sh'
[0.950s] INFO:colcon.colcon_core.shell:Skip shell extension 'powershell' for command environment: Not usable outside of PowerShell
[0.950s] DEBUG:colcon.colcon_core.shell:Skip shell extension 'dsv' for command environment
[0.954s] DEBUG:colcon.colcon_core.event_handler.log_command:Invoking command in '/home/nvidia/learn_ros/chapt3/topic_ws/build/demo_cpp_topic': CMAKE_PREFIX_PATH=/home/nvidia/learn_ros/chapt3/topic_ws/install/demo_python_topic:/opt/ros/humble /usr/bin/cmake /home/nvidia/learn_ros/chapt3/topic_ws/src/demo_cpp_topic -DCMAKE_INSTALL_PREFIX=/home/nvidia/learn_ros/chapt3/topic_ws/install/demo_cpp_topic
[1.101s] INFO:colcon.colcon_core.task.python.build:Building Python package in '/home/nvidia/learn_ros/chapt3/topic_ws/src/demo_python_topic'
[1.101s] INFO:colcon.colcon_core.shell:Skip shell extension 'powershell' for command environment: Not usable outside of PowerShell
[1.101s] DEBUG:colcon.colcon_core.shell:Skip shell extension 'dsv' for command environment
[1.446s] DEBUG:colcon.colcon_core.task.python.build:Available setuptools commands: setopt, install_lib, register, bdist_dumb, bdist_wheel, bdist, check, init_catalog, symlink_data, update_catalog, compile_catalog, clean, install_data, bdist_rpm, build_ext, extract_messages, sdist, egg_info, upload, build_py, build_scripts, easy_install, test, install, install_scripts, bdist_egg, dist_info, saveopts, build, upload_docs, alias, install_headers, develop, rotate, build_clib, install_egg_info
[1.448s] DEBUG:colcon.colcon_core.event_handler.log_command:Invoking command in '/home/nvidia/learn_ros/chapt3/topic_ws/src/demo_python_topic': PYTHONPATH=/home/nvidia/learn_ros/chapt3/topic_ws/build/demo_python_topic/prefix_override:/usr/lib/python3/dist-packages/colcon_core/task/python/colcon_distutils_commands:/home/nvidia/learn_ros/chapt3/topic_ws/install/demo_python_topic/lib/python3.10/site-packages:${PYTHONPATH} /usr/bin/python3 -W ignore:setup.py install is deprecated -W ignore:easy_install command is deprecated setup.py egg_info --egg-base ../../build/demo_python_topic build --build-base /home/nvidia/learn_ros/chapt3/topic_ws/build/demo_python_topic/build install --record /home/nvidia/learn_ros/chapt3/topic_ws/build/demo_python_topic/install.log --install-scripts $base/lib/demo_python_topic --single-version-externally-managed install_data
[1.634s] DEBUG:colcon.colcon_core.event_handler.log_command:Invoked command in '/home/nvidia/learn_ros/chapt3/topic_ws/src/demo_python_topic' returned '0': PYTHONPATH=/home/nvidia/learn_ros/chapt3/topic_ws/build/demo_python_topic/prefix_override:/usr/lib/python3/dist-packages/colcon_core/task/python/colcon_distutils_commands:/home/nvidia/learn_ros/chapt3/topic_ws/install/demo_python_topic/lib/python3.10/site-packages:${PYTHONPATH} /usr/bin/python3 -W ignore:setup.py install is deprecated -W ignore:easy_install command is deprecated setup.py egg_info --egg-base ../../build/demo_python_topic build --build-base /home/nvidia/learn_ros/chapt3/topic_ws/build/demo_python_topic/build install --record /home/nvidia/learn_ros/chapt3/topic_ws/build/demo_python_topic/install.log --install-scripts $base/lib/demo_python_topic --single-version-externally-managed install_data
[1.640s] Level 1:colcon.colcon_core.environment:checking '/home/nvidia/learn_ros/chapt3/topic_ws/install/demo_python_topic' for CMake module files
[1.641s] Level 1:colcon.colcon_core.environment:checking '/home/nvidia/learn_ros/chapt3/topic_ws/install/demo_python_topic' for CMake config files
[1.642s] Level 1:colcon.colcon_core.environment:checking '/home/nvidia/learn_ros/chapt3/topic_ws/install/demo_python_topic/lib'
[1.642s] Level 1:colcon.colcon_core.environment:checking '/home/nvidia/learn_ros/chapt3/topic_ws/install/demo_python_topic/bin'
[1.642s] Level 1:colcon.colcon_core.environment:checking '/home/nvidia/learn_ros/chapt3/topic_ws/install/demo_python_topic/lib/pkgconfig/demo_python_topic.pc'
[1.642s] Level 1:colcon.colcon_core.environment:checking '/home/nvidia/learn_ros/chapt3/topic_ws/install/demo_python_topic/lib/python3.10/site-packages'
[1.642s] Level 1:colcon.colcon_core.shell:create_environment_hook('demo_python_topic', 'pythonpath')
[1.642s] INFO:colcon.colcon_core.shell:Creating environment hook '/home/nvidia/learn_ros/chapt3/topic_ws/install/demo_python_topic/share/demo_python_topic/hook/pythonpath.ps1'
[1.643s] INFO:colcon.colcon_core.shell:Creating environment descriptor '/home/nvidia/learn_ros/chapt3/topic_ws/install/demo_python_topic/share/demo_python_topic/hook/pythonpath.dsv'
[1.643s] INFO:colcon.colcon_core.shell:Creating environment hook '/home/nvidia/learn_ros/chapt3/topic_ws/install/demo_python_topic/share/demo_python_topic/hook/pythonpath.sh'
[1.643s] Level 1:colcon.colcon_core.environment:checking '/home/nvidia/learn_ros/chapt3/topic_ws/install/demo_python_topic/bin'
[1.643s] Level 1:colcon.colcon_core.environment:create_environment_scripts_only(demo_python_topic)
[1.644s] INFO:colcon.colcon_core.shell:Creating package script '/home/nvidia/learn_ros/chapt3/topic_ws/install/demo_python_topic/share/demo_python_topic/package.ps1'
[1.645s] INFO:colcon.colcon_core.shell:Creating package descriptor '/home/nvidia/learn_ros/chapt3/topic_ws/install/demo_python_topic/share/demo_python_topic/package.dsv'
[1.645s] INFO:colcon.colcon_core.shell:Creating package script '/home/nvidia/learn_ros/chapt3/topic_ws/install/demo_python_topic/share/demo_python_topic/package.sh'
[1.646s] INFO:colcon.colcon_core.shell:Creating package script '/home/nvidia/learn_ros/chapt3/topic_ws/install/demo_python_topic/share/demo_python_topic/package.bash'
[1.647s] INFO:colcon.colcon_core.shell:Creating package script '/home/nvidia/learn_ros/chapt3/topic_ws/install/demo_python_topic/share/demo_python_topic/package.zsh'
[1.648s] Level 1:colcon.colcon_core.environment:create_file_with_runtime_dependencies(/home/nvidia/learn_ros/chapt3/topic_ws/install/demo_python_topic/share/colcon-core/packages/demo_python_topic)
[19.747s] DEBUG:colcon.colcon_core.event_handler.log_command:Invoked command in '/home/nvidia/learn_ros/chapt3/topic_ws/build/demo_cpp_topic' returned '0': CMAKE_PREFIX_PATH=/home/nvidia/learn_ros/chapt3/topic_ws/install/demo_python_topic:/opt/ros/humble /usr/bin/cmake /home/nvidia/learn_ros/chapt3/topic_ws/src/demo_cpp_topic -DCMAKE_INSTALL_PREFIX=/home/nvidia/learn_ros/chapt3/topic_ws/install/demo_cpp_topic
[19.748s] DEBUG:colcon.colcon_core.event_handler.log_command:Invoking command in '/home/nvidia/learn_ros/chapt3/topic_ws/build/demo_cpp_topic': CMAKE_PREFIX_PATH=/home/nvidia/learn_ros/chapt3/topic_ws/install/demo_python_topic:/opt/ros/humble /usr/bin/cmake --build /home/nvidia/learn_ros/chapt3/topic_ws/build/demo_cpp_topic -- -j24 -l24
[22.940s] DEBUG:colcon.colcon_core.event_handler.log_command:Invoked command in '/home/nvidia/learn_ros/chapt3/topic_ws/build/demo_cpp_topic' returned '0': CMAKE_PREFIX_PATH=/home/nvidia/learn_ros/chapt3/topic_ws/install/demo_python_topic:/opt/ros/humble /usr/bin/cmake --build /home/nvidia/learn_ros/chapt3/topic_ws/build/demo_cpp_topic -- -j24 -l24
[22.945s] DEBUG:colcon.colcon_core.event_handler.log_command:Invoking command in '/home/nvidia/learn_ros/chapt3/topic_ws/build/demo_cpp_topic': CMAKE_PREFIX_PATH=/home/nvidia/learn_ros/chapt3/topic_ws/install/demo_python_topic:/opt/ros/humble /usr/bin/cmake --install /home/nvidia/learn_ros/chapt3/topic_ws/build/demo_cpp_topic
[22.954s] Level 1:colcon.colcon_core.environment:create_environment_scripts_only(demo_cpp_topic)
[22.954s] Level 1:colcon.colcon_core.environment:checking '/home/nvidia/learn_ros/chapt3/topic_ws/install/demo_cpp_topic' for CMake module files
[22.954s] DEBUG:colcon.colcon_core.event_handler.log_command:Invoked command in '/home/nvidia/learn_ros/chapt3/topic_ws/build/demo_cpp_topic' returned '0': CMAKE_PREFIX_PATH=/home/nvidia/learn_ros/chapt3/topic_ws/install/demo_python_topic:/opt/ros/humble /usr/bin/cmake --install /home/nvidia/learn_ros/chapt3/topic_ws/build/demo_cpp_topic
[22.955s] Level 1:colcon.colcon_core.environment:checking '/home/nvidia/learn_ros/chapt3/topic_ws/install/demo_cpp_topic' for CMake config files
[22.955s] Level 1:colcon.colcon_core.shell:create_environment_hook('demo_cpp_topic', 'cmake_prefix_path')
[22.955s] INFO:colcon.colcon_core.shell:Creating environment hook '/home/nvidia/learn_ros/chapt3/topic_ws/install/demo_cpp_topic/share/demo_cpp_topic/hook/cmake_prefix_path.ps1'
[22.955s] INFO:colcon.colcon_core.shell:Creating environment descriptor '/home/nvidia/learn_ros/chapt3/topic_ws/install/demo_cpp_topic/share/demo_cpp_topic/hook/cmake_prefix_path.dsv'
[22.956s] INFO:colcon.colcon_core.shell:Creating environment hook '/home/nvidia/learn_ros/chapt3/topic_ws/install/demo_cpp_topic/share/demo_cpp_topic/hook/cmake_prefix_path.sh'
[22.956s] Level 1:colcon.colcon_core.environment:checking '/home/nvidia/learn_ros/chapt3/topic_ws/install/demo_cpp_topic/lib'
[22.956s] Level 1:colcon.colcon_core.environment:checking '/home/nvidia/learn_ros/chapt3/topic_ws/install/demo_cpp_topic/bin'
[22.956s] Level 1:colcon.colcon_core.environment:checking '/home/nvidia/learn_ros/chapt3/topic_ws/install/demo_cpp_topic/lib/pkgconfig/demo_cpp_topic.pc'
[22.956s] Level 1:colcon.colcon_core.environment:checking '/home/nvidia/learn_ros/chapt3/topic_ws/install/demo_cpp_topic/lib/python3.10/site-packages'
[22.956s] Level 1:colcon.colcon_core.environment:checking '/home/nvidia/learn_ros/chapt3/topic_ws/install/demo_cpp_topic/bin'
[22.957s] INFO:colcon.colcon_core.shell:Creating package script '/home/nvidia/learn_ros/chapt3/topic_ws/install/demo_cpp_topic/share/demo_cpp_topic/package.ps1'
[22.957s] INFO:colcon.colcon_core.shell:Creating package descriptor '/home/nvidia/learn_ros/chapt3/topic_ws/install/demo_cpp_topic/share/demo_cpp_topic/package.dsv'
[22.957s] INFO:colcon.colcon_core.shell:Creating package script '/home/nvidia/learn_ros/chapt3/topic_ws/install/demo_cpp_topic/share/demo_cpp_topic/package.sh'
[22.957s] INFO:colcon.colcon_core.shell:Creating package script '/home/nvidia/learn_ros/chapt3/topic_ws/install/demo_cpp_topic/share/demo_cpp_topic/package.bash'
[22.958s] INFO:colcon.colcon_core.shell:Creating package script '/home/nvidia/learn_ros/chapt3/topic_ws/install/demo_cpp_topic/share/demo_cpp_topic/package.zsh'
[22.958s] Level 1:colcon.colcon_core.environment:create_file_with_runtime_dependencies(/home/nvidia/learn_ros/chapt3/topic_ws/install/demo_cpp_topic/share/colcon-core/packages/demo_cpp_topic)
[22.958s] Level 1:colcon.colcon_core.environment:create_environment_scripts_only(demo_cpp_topic)
[22.958s] Level 1:colcon.colcon_core.environment:checking '/home/nvidia/learn_ros/chapt3/topic_ws/install/demo_cpp_topic' for CMake module files
[22.959s] Level 1:colcon.colcon_core.environment:checking '/home/nvidia/learn_ros/chapt3/topic_ws/install/demo_cpp_topic' for CMake config files
[22.959s] Level 1:colcon.colcon_core.shell:create_environment_hook('demo_cpp_topic', 'cmake_prefix_path')
[22.959s] INFO:colcon.colcon_core.shell:Creating environment hook '/home/nvidia/learn_ros/chapt3/topic_ws/install/demo_cpp_topic/share/demo_cpp_topic/hook/cmake_prefix_path.ps1'
[22.959s] INFO:colcon.colcon_core.shell:Creating environment descriptor '/home/nvidia/learn_ros/chapt3/topic_ws/install/demo_cpp_topic/share/demo_cpp_topic/hook/cmake_prefix_path.dsv'
[22.959s] INFO:colcon.colcon_core.shell:Creating environment hook '/home/nvidia/learn_ros/chapt3/topic_ws/install/demo_cpp_topic/share/demo_cpp_topic/hook/cmake_prefix_path.sh'
[22.960s] Level 1:colcon.colcon_core.environment:checking '/home/nvidia/learn_ros/chapt3/topic_ws/install/demo_cpp_topic/lib'
[22.960s] Level 1:colcon.colcon_core.environment:checking '/home/nvidia/learn_ros/chapt3/topic_ws/install/demo_cpp_topic/bin'
[22.960s] Level 1:colcon.colcon_core.environment:checking '/home/nvidia/learn_ros/chapt3/topic_ws/install/demo_cpp_topic/lib/pkgconfig/demo_cpp_topic.pc'
[22.960s] Level 1:colcon.colcon_core.environment:checking '/home/nvidia/learn_ros/chapt3/topic_ws/install/demo_cpp_topic/lib/python3.10/site-packages'
[22.960s] Level 1:colcon.colcon_core.environment:checking '/home/nvidia/learn_ros/chapt3/topic_ws/install/demo_cpp_topic/bin'
[22.960s] INFO:colcon.colcon_core.shell:Creating package script '/home/nvidia/learn_ros/chapt3/topic_ws/install/demo_cpp_topic/share/demo_cpp_topic/package.ps1'
[22.961s] INFO:colcon.colcon_core.shell:Creating package descriptor '/home/nvidia/learn_ros/chapt3/topic_ws/install/demo_cpp_topic/share/demo_cpp_topic/package.dsv'
[22.961s] INFO:colcon.colcon_core.shell:Creating package script '/home/nvidia/learn_ros/chapt3/topic_ws/install/demo_cpp_topic/share/demo_cpp_topic/package.sh'
[22.961s] INFO:colcon.colcon_core.shell:Creating package script '/home/nvidia/learn_ros/chapt3/topic_ws/install/demo_cpp_topic/share/demo_cpp_topic/package.bash'
[22.962s] INFO:colcon.colcon_core.shell:Creating package script '/home/nvidia/learn_ros/chapt3/topic_ws/install/demo_cpp_topic/share/demo_cpp_topic/package.zsh'
[22.962s] Level 1:colcon.colcon_core.environment:create_file_with_runtime_dependencies(/home/nvidia/learn_ros/chapt3/topic_ws/install/demo_cpp_topic/share/colcon-core/packages/demo_cpp_topic)
[22.962s] DEBUG:colcon.colcon_parallel_executor.executor.parallel:closing loop
[22.963s] DEBUG:colcon.colcon_parallel_executor.executor.parallel:loop closed
[22.963s] DEBUG:colcon.colcon_parallel_executor.executor.parallel:run_until_complete finished with '0'
[22.963s] DEBUG:colcon.colcon_core.event_reactor:joining thread
[23.115s] INFO:colcon.colcon_core.plugin_system:Skipping extension 'colcon_notification.desktop_notification.notify_send': Could not find 'notify-send'
[23.115s] INFO:colcon.colcon_core.plugin_system:Skipping extension 'colcon_notification.desktop_notification.terminal_notifier': Not used on non-Darwin systems
[23.115s] INFO:colcon.colcon_core.plugin_system:Skipping extension 'colcon_notification.desktop_notification.win32': Not used on non-Windows systems
[23.115s] INFO:colcon.colcon_notification.desktop_notification:Sending desktop notification using 'notify2'
[23.115s] DEBUG:colcon.colcon_notification.desktop_notification.notify2:Failed to initialize notify2: org.freedesktop.DBus.Error.FileNotFound: Failed to connect to socket /run/user/1000/bus: No such file or directory
[23.116s] DEBUG:colcon.colcon_core.event_reactor:joined thread
[23.116s] INFO:colcon.colcon_core.shell:Creating prefix script '/home/nvidia/learn_ros/chapt3/topic_ws/install/local_setup.ps1'
[23.117s] INFO:colcon.colcon_core.shell:Creating prefix util module '/home/nvidia/learn_ros/chapt3/topic_ws/install/_local_setup_util_ps1.py'
[23.118s] INFO:colcon.colcon_core.shell:Creating prefix chain script '/home/nvidia/learn_ros/chapt3/topic_ws/install/setup.ps1'
[23.119s] INFO:colcon.colcon_core.shell:Creating prefix script '/home/nvidia/learn_ros/chapt3/topic_ws/install/local_setup.sh'
[23.119s] INFO:colcon.colcon_core.shell:Creating prefix util module '/home/nvidia/learn_ros/chapt3/topic_ws/install/_local_setup_util_sh.py'
[23.119s] INFO:colcon.colcon_core.shell:Creating prefix chain script '/home/nvidia/learn_ros/chapt3/topic_ws/install/setup.sh'
[23.120s] INFO:colcon.colcon_core.shell:Creating prefix script '/home/nvidia/learn_ros/chapt3/topic_ws/install/local_setup.bash'
[23.121s] INFO:colcon.colcon_core.shell:Creating prefix chain script '/home/nvidia/learn_ros/chapt3/topic_ws/install/setup.bash'
[23.122s] INFO:colcon.colcon_core.shell:Creating prefix script '/home/nvidia/learn_ros/chapt3/topic_ws/install/local_setup.zsh'
[23.122s] INFO:colcon.colcon_core.shell:Creating prefix chain script '/home/nvidia/learn_ros/chapt3/topic_ws/install/setup.zsh'
