[0.382s] DEBUG:colcon:Command line arguments: ['/usr/bin/colcon', 'build']
[0.382s] DEBUG:colcon:Parsed command line arguments: Namespace(log_base=None, log_level=None, verb_name='build', build_base='build', install_base='install', merge_install=False, symlink_install=False, test_result_base=None, continue_on_error=False, executor='parallel', parallel_workers=24, event_handlers=None, ignore_user_meta=False, metas=['./colcon.meta'], base_paths=['.'], packages_ignore=None, packages_ignore_regex=None, paths=None, packages_up_to=None, packages_up_to_regex=None, packages_above=None, packages_above_and_dependencies=None, packages_above_depth=None, packages_select_by_dep=None, packages_skip_by_dep=None, packages_skip_up_to=None, packages_select_build_failed=False, packages_skip_build_finished=False, packages_select_test_failures=False, packages_skip_test_passed=False, packages_select=None, packages_skip=None, packages_select_regex=None, packages_skip_regex=None, packages_start=None, packages_end=None, allow_overriding=[], cmake_args=None, cmake_target=None, cmake_target_skip_unavailable=False, cmake_clean_cache=False, cmake_clean_first=False, cmake_force_configure=False, ament_cmake_args=None, catkin_cmake_args=None, catkin_skip_building_tests=False, verb_parser=<colcon_defaults.argument_parser.defaults.DefaultArgumentsDecorator object at 0x70a916e2bb50>, verb_extension=<colcon_core.verb.build.BuildVerb object at 0x70a916e2b1c0>, main=<bound method BuildVerb.main of <colcon_core.verb.build.BuildVerb object at 0x70a916e2b1c0>>)
[0.465s] Level 1:colcon.colcon_core.package_discovery:discover_packages(colcon_meta) check parameters
[0.466s] Level 1:colcon.colcon_core.package_discovery:discover_packages(recursive) check parameters
[0.466s] Level 1:colcon.colcon_core.package_discovery:discover_packages(ignore) check parameters
[0.466s] Level 1:colcon.colcon_core.package_discovery:discover_packages(path) check parameters
[0.466s] Level 1:colcon.colcon_core.package_discovery:discover_packages(colcon_meta) discover
[0.466s] Level 1:colcon.colcon_core.package_discovery:discover_packages(recursive) discover
[0.466s] INFO:colcon.colcon_core.package_discovery:Crawling recursively for packages in '/home/nvidia/learn_ros/chapt3/topic_practice_ws'
[0.466s] Level 1:colcon.colcon_core.package_identification:_identify(.) by extensions ['ignore', 'ignore_ament_install']
[0.466s] Level 1:colcon.colcon_core.package_identification:_identify(.) by extension 'ignore'
[0.466s] Level 1:colcon.colcon_core.package_identification:_identify(.) by extension 'ignore_ament_install'
[0.466s] Level 1:colcon.colcon_core.package_identification:_identify(.) by extensions ['colcon_pkg']
[0.466s] Level 1:colcon.colcon_core.package_identification:_identify(.) by extension 'colcon_pkg'
[0.466s] Level 1:colcon.colcon_core.package_identification:_identify(.) by extensions ['colcon_meta']
[0.466s] Level 1:colcon.colcon_core.package_identification:_identify(.) by extension 'colcon_meta'
[0.466s] Level 1:colcon.colcon_core.package_identification:_identify(.) by extensions ['ros']
[0.466s] Level 1:colcon.colcon_core.package_identification:_identify(.) by extension 'ros'
[0.473s] Level 1:colcon.colcon_core.package_identification:_identify(.) by extensions ['cmake', 'python']
[0.473s] Level 1:colcon.colcon_core.package_identification:_identify(.) by extension 'cmake'
[0.473s] Level 1:colcon.colcon_core.package_identification:_identify(.) by extension 'python'
[0.473s] Level 1:colcon.colcon_core.package_identification:_identify(.) by extensions ['python_setup_py']
[0.473s] Level 1:colcon.colcon_core.package_identification:_identify(.) by extension 'python_setup_py'
[0.473s] Level 1:colcon.colcon_core.package_identification:_identify(build) by extensions ['ignore', 'ignore_ament_install']
[0.474s] Level 1:colcon.colcon_core.package_identification:_identify(build) by extension 'ignore'
[0.474s] Level 1:colcon.colcon_core.package_identification:_identify(build) ignored
[0.474s] Level 1:colcon.colcon_core.package_identification:_identify(install) by extensions ['ignore', 'ignore_ament_install']
[0.474s] Level 1:colcon.colcon_core.package_identification:_identify(install) by extension 'ignore'
[0.474s] Level 1:colcon.colcon_core.package_identification:_identify(install) ignored
[0.474s] Level 1:colcon.colcon_core.package_identification:_identify(log) by extensions ['ignore', 'ignore_ament_install']
[0.474s] Level 1:colcon.colcon_core.package_identification:_identify(log) by extension 'ignore'
[0.474s] Level 1:colcon.colcon_core.package_identification:_identify(log) ignored
[0.474s] Level 1:colcon.colcon_core.package_identification:_identify(src) by extensions ['ignore', 'ignore_ament_install']
[0.474s] Level 1:colcon.colcon_core.package_identification:_identify(src) by extension 'ignore'
[0.474s] Level 1:colcon.colcon_core.package_identification:_identify(src) by extension 'ignore_ament_install'
[0.474s] Level 1:colcon.colcon_core.package_identification:_identify(src) by extensions ['colcon_pkg']
[0.474s] Level 1:colcon.colcon_core.package_identification:_identify(src) by extension 'colcon_pkg'
[0.474s] Level 1:colcon.colcon_core.package_identification:_identify(src) by extensions ['colcon_meta']
[0.474s] Level 1:colcon.colcon_core.package_identification:_identify(src) by extension 'colcon_meta'
[0.474s] Level 1:colcon.colcon_core.package_identification:_identify(src) by extensions ['ros']
[0.474s] Level 1:colcon.colcon_core.package_identification:_identify(src) by extension 'ros'
[0.474s] Level 1:colcon.colcon_core.package_identification:_identify(src) by extensions ['cmake', 'python']
[0.474s] Level 1:colcon.colcon_core.package_identification:_identify(src) by extension 'cmake'
[0.474s] Level 1:colcon.colcon_core.package_identification:_identify(src) by extension 'python'
[0.474s] Level 1:colcon.colcon_core.package_identification:_identify(src) by extensions ['python_setup_py']
[0.474s] Level 1:colcon.colcon_core.package_identification:_identify(src) by extension 'python_setup_py'
[0.475s] Level 1:colcon.colcon_core.package_identification:_identify(src/status_display) by extensions ['ignore', 'ignore_ament_install']
[0.475s] Level 1:colcon.colcon_core.package_identification:_identify(src/status_display) by extension 'ignore'
[0.475s] Level 1:colcon.colcon_core.package_identification:_identify(src/status_display) by extension 'ignore_ament_install'
[0.475s] Level 1:colcon.colcon_core.package_identification:_identify(src/status_display) by extensions ['colcon_pkg']
[0.475s] Level 1:colcon.colcon_core.package_identification:_identify(src/status_display) by extension 'colcon_pkg'
[0.475s] Level 1:colcon.colcon_core.package_identification:_identify(src/status_display) by extensions ['colcon_meta']
[0.475s] Level 1:colcon.colcon_core.package_identification:_identify(src/status_display) by extension 'colcon_meta'
[0.475s] Level 1:colcon.colcon_core.package_identification:_identify(src/status_display) by extensions ['ros']
[0.475s] Level 1:colcon.colcon_core.package_identification:_identify(src/status_display) by extension 'ros'
[0.476s] DEBUG:colcon.colcon_core.package_identification:Package 'src/status_display' with type 'ros.ament_cmake' and name 'status_display'
[0.477s] Level 1:colcon.colcon_core.package_identification:_identify(src/status_interfaces) by extensions ['ignore', 'ignore_ament_install']
[0.477s] Level 1:colcon.colcon_core.package_identification:_identify(src/status_interfaces) by extension 'ignore'
[0.477s] Level 1:colcon.colcon_core.package_identification:_identify(src/status_interfaces) by extension 'ignore_ament_install'
[0.477s] Level 1:colcon.colcon_core.package_identification:_identify(src/status_interfaces) by extensions ['colcon_pkg']
[0.477s] Level 1:colcon.colcon_core.package_identification:_identify(src/status_interfaces) by extension 'colcon_pkg'
[0.477s] Level 1:colcon.colcon_core.package_identification:_identify(src/status_interfaces) by extensions ['colcon_meta']
[0.477s] Level 1:colcon.colcon_core.package_identification:_identify(src/status_interfaces) by extension 'colcon_meta'
[0.477s] Level 1:colcon.colcon_core.package_identification:_identify(src/status_interfaces) by extensions ['ros']
[0.477s] Level 1:colcon.colcon_core.package_identification:_identify(src/status_interfaces) by extension 'ros'
[0.477s] DEBUG:colcon.colcon_core.package_identification:Package 'src/status_interfaces' with type 'ros.ament_cmake' and name 'status_interfaces'
[0.477s] Level 1:colcon.colcon_core.package_identification:_identify(src/status_pulisher) by extensions ['ignore', 'ignore_ament_install']
[0.477s] Level 1:colcon.colcon_core.package_identification:_identify(src/status_pulisher) by extension 'ignore'
[0.477s] Level 1:colcon.colcon_core.package_identification:_identify(src/status_pulisher) by extension 'ignore_ament_install'
[0.478s] Level 1:colcon.colcon_core.package_identification:_identify(src/status_pulisher) by extensions ['colcon_pkg']
[0.478s] Level 1:colcon.colcon_core.package_identification:_identify(src/status_pulisher) by extension 'colcon_pkg'
[0.478s] Level 1:colcon.colcon_core.package_identification:_identify(src/status_pulisher) by extensions ['colcon_meta']
[0.478s] Level 1:colcon.colcon_core.package_identification:_identify(src/status_pulisher) by extension 'colcon_meta'
[0.478s] Level 1:colcon.colcon_core.package_identification:_identify(src/status_pulisher) by extensions ['ros']
[0.478s] Level 1:colcon.colcon_core.package_identification:_identify(src/status_pulisher) by extension 'ros'
[0.478s] DEBUG:colcon.colcon_core.package_identification:Package 'src/status_pulisher' with type 'ros.ament_python' and name 'status_pulisher'
[0.478s] Level 1:colcon.colcon_core.package_discovery:discover_packages(recursive) using defaults
[0.478s] Level 1:colcon.colcon_core.package_discovery:discover_packages(ignore) discover
[0.478s] Level 1:colcon.colcon_core.package_discovery:discover_packages(ignore) using defaults
[0.478s] Level 1:colcon.colcon_core.package_discovery:discover_packages(path) discover
[0.478s] Level 1:colcon.colcon_core.package_discovery:discover_packages(path) using defaults
[0.490s] Level 1:colcon.colcon_core.package_discovery:discover_packages(prefix_path) check parameters
[0.490s] Level 1:colcon.colcon_core.package_discovery:discover_packages(prefix_path) discover
[0.491s] DEBUG:colcon.colcon_installed_package_information.package_discovery:Found 3 installed packages in /home/nvidia/learn_ros/chapt3/topic_practice_ws/install
[0.492s] DEBUG:colcon.colcon_installed_package_information.package_discovery:Found 273 installed packages in /opt/ros/humble
[0.493s] Level 1:colcon.colcon_core.package_discovery:discover_packages(prefix_path) using defaults
[0.519s] Level 5:colcon.colcon_core.verb:set package 'status_interfaces' build argument 'cmake_args' from command line to 'None'
[0.519s] Level 5:colcon.colcon_core.verb:set package 'status_interfaces' build argument 'cmake_target' from command line to 'None'
[0.519s] Level 5:colcon.colcon_core.verb:set package 'status_interfaces' build argument 'cmake_target_skip_unavailable' from command line to 'False'
[0.519s] Level 5:colcon.colcon_core.verb:set package 'status_interfaces' build argument 'cmake_clean_cache' from command line to 'False'
[0.519s] Level 5:colcon.colcon_core.verb:set package 'status_interfaces' build argument 'cmake_clean_first' from command line to 'False'
[0.519s] Level 5:colcon.colcon_core.verb:set package 'status_interfaces' build argument 'cmake_force_configure' from command line to 'False'
[0.519s] Level 5:colcon.colcon_core.verb:set package 'status_interfaces' build argument 'ament_cmake_args' from command line to 'None'
[0.519s] Level 5:colcon.colcon_core.verb:set package 'status_interfaces' build argument 'catkin_cmake_args' from command line to 'None'
[0.519s] Level 5:colcon.colcon_core.verb:set package 'status_interfaces' build argument 'catkin_skip_building_tests' from command line to 'False'
[0.519s] DEBUG:colcon.colcon_core.verb:Building package 'status_interfaces' with the following arguments: {'ament_cmake_args': None, 'build_base': '/home/nvidia/learn_ros/chapt3/topic_practice_ws/build/status_interfaces', 'catkin_cmake_args': None, 'catkin_skip_building_tests': False, 'cmake_args': None, 'cmake_clean_cache': False, 'cmake_clean_first': False, 'cmake_force_configure': False, 'cmake_target': None, 'cmake_target_skip_unavailable': False, 'install_base': '/home/nvidia/learn_ros/chapt3/topic_practice_ws/install/status_interfaces', 'merge_install': False, 'path': '/home/nvidia/learn_ros/chapt3/topic_practice_ws/src/status_interfaces', 'symlink_install': False, 'test_result_base': None}
[0.519s] Level 5:colcon.colcon_core.verb:set package 'status_display' build argument 'cmake_args' from command line to 'None'
[0.519s] Level 5:colcon.colcon_core.verb:set package 'status_display' build argument 'cmake_target' from command line to 'None'
[0.519s] Level 5:colcon.colcon_core.verb:set package 'status_display' build argument 'cmake_target_skip_unavailable' from command line to 'False'
[0.519s] Level 5:colcon.colcon_core.verb:set package 'status_display' build argument 'cmake_clean_cache' from command line to 'False'
[0.519s] Level 5:colcon.colcon_core.verb:set package 'status_display' build argument 'cmake_clean_first' from command line to 'False'
[0.519s] Level 5:colcon.colcon_core.verb:set package 'status_display' build argument 'cmake_force_configure' from command line to 'False'
[0.519s] Level 5:colcon.colcon_core.verb:set package 'status_display' build argument 'ament_cmake_args' from command line to 'None'
[0.519s] Level 5:colcon.colcon_core.verb:set package 'status_display' build argument 'catkin_cmake_args' from command line to 'None'
[0.519s] Level 5:colcon.colcon_core.verb:set package 'status_display' build argument 'catkin_skip_building_tests' from command line to 'False'
[0.519s] DEBUG:colcon.colcon_core.verb:Building package 'status_display' with the following arguments: {'ament_cmake_args': None, 'build_base': '/home/nvidia/learn_ros/chapt3/topic_practice_ws/build/status_display', 'catkin_cmake_args': None, 'catkin_skip_building_tests': False, 'cmake_args': None, 'cmake_clean_cache': False, 'cmake_clean_first': False, 'cmake_force_configure': False, 'cmake_target': None, 'cmake_target_skip_unavailable': False, 'install_base': '/home/nvidia/learn_ros/chapt3/topic_practice_ws/install/status_display', 'merge_install': False, 'path': '/home/nvidia/learn_ros/chapt3/topic_practice_ws/src/status_display', 'symlink_install': False, 'test_result_base': None}
[0.520s] Level 5:colcon.colcon_core.verb:set package 'status_pulisher' build argument 'cmake_args' from command line to 'None'
[0.520s] Level 5:colcon.colcon_core.verb:set package 'status_pulisher' build argument 'cmake_target' from command line to 'None'
[0.520s] Level 5:colcon.colcon_core.verb:set package 'status_pulisher' build argument 'cmake_target_skip_unavailable' from command line to 'False'
[0.520s] Level 5:colcon.colcon_core.verb:set package 'status_pulisher' build argument 'cmake_clean_cache' from command line to 'False'
[0.520s] Level 5:colcon.colcon_core.verb:set package 'status_pulisher' build argument 'cmake_clean_first' from command line to 'False'
[0.520s] Level 5:colcon.colcon_core.verb:set package 'status_pulisher' build argument 'cmake_force_configure' from command line to 'False'
[0.520s] Level 5:colcon.colcon_core.verb:set package 'status_pulisher' build argument 'ament_cmake_args' from command line to 'None'
[0.520s] Level 5:colcon.colcon_core.verb:set package 'status_pulisher' build argument 'catkin_cmake_args' from command line to 'None'
[0.520s] Level 5:colcon.colcon_core.verb:set package 'status_pulisher' build argument 'catkin_skip_building_tests' from command line to 'False'
[0.520s] DEBUG:colcon.colcon_core.verb:Building package 'status_pulisher' with the following arguments: {'ament_cmake_args': None, 'build_base': '/home/nvidia/learn_ros/chapt3/topic_practice_ws/build/status_pulisher', 'catkin_cmake_args': None, 'catkin_skip_building_tests': False, 'cmake_args': None, 'cmake_clean_cache': False, 'cmake_clean_first': False, 'cmake_force_configure': False, 'cmake_target': None, 'cmake_target_skip_unavailable': False, 'install_base': '/home/nvidia/learn_ros/chapt3/topic_practice_ws/install/status_pulisher', 'merge_install': False, 'path': '/home/nvidia/learn_ros/chapt3/topic_practice_ws/src/status_pulisher', 'symlink_install': False, 'test_result_base': None}
[0.520s] INFO:colcon.colcon_core.executor:Executing jobs using 'parallel' executor
[0.521s] DEBUG:colcon.colcon_parallel_executor.executor.parallel:run_until_complete
[0.521s] INFO:colcon.colcon_ros.task.ament_cmake.build:Building ROS package in '/home/nvidia/learn_ros/chapt3/topic_practice_ws/src/status_interfaces' with build type 'ament_cmake'
[0.521s] INFO:colcon.colcon_cmake.task.cmake.build:Building CMake package in '/home/nvidia/learn_ros/chapt3/topic_practice_ws/src/status_interfaces'
[0.523s] INFO:colcon.colcon_core.plugin_system:Skipping extension 'colcon_core.shell.bat': Not used on non-Windows systems
[0.523s] INFO:colcon.colcon_core.shell:Skip shell extension 'powershell' for command environment: Not usable outside of PowerShell
[0.523s] DEBUG:colcon.colcon_core.shell:Skip shell extension 'dsv' for command environment
[0.529s] DEBUG:colcon.colcon_core.event_handler.log_command:Invoking command in '/home/nvidia/learn_ros/chapt3/topic_practice_ws/build/status_interfaces': CMAKE_PREFIX_PATH=${CMAKE_PREFIX_PATH}:/home/nvidia/learn_ros/chapt3/topic_practice_ws/install/status_pulisher:/opt/ros/humble /usr/bin/cmake --build /home/nvidia/learn_ros/chapt3/topic_practice_ws/build/status_interfaces -- -j24 -l24
[0.741s] DEBUG:colcon.colcon_core.event_handler.log_command:Invoked command in '/home/nvidia/learn_ros/chapt3/topic_practice_ws/build/status_interfaces' returned '0': CMAKE_PREFIX_PATH=${CMAKE_PREFIX_PATH}:/home/nvidia/learn_ros/chapt3/topic_practice_ws/install/status_pulisher:/opt/ros/humble /usr/bin/cmake --build /home/nvidia/learn_ros/chapt3/topic_practice_ws/build/status_interfaces -- -j24 -l24
[0.753s] DEBUG:colcon.colcon_core.event_handler.log_command:Invoking command in '/home/nvidia/learn_ros/chapt3/topic_practice_ws/build/status_interfaces': CMAKE_PREFIX_PATH=${CMAKE_PREFIX_PATH}:/home/nvidia/learn_ros/chapt3/topic_practice_ws/install/status_pulisher:/opt/ros/humble /usr/bin/cmake --install /home/nvidia/learn_ros/chapt3/topic_practice_ws/build/status_interfaces
[0.790s] Level 1:colcon.colcon_core.environment:create_environment_scripts_only(status_interfaces)
[0.792s] DEBUG:colcon.colcon_core.event_handler.log_command:Invoked command in '/home/nvidia/learn_ros/chapt3/topic_practice_ws/build/status_interfaces' returned '0': CMAKE_PREFIX_PATH=${CMAKE_PREFIX_PATH}:/home/nvidia/learn_ros/chapt3/topic_practice_ws/install/status_pulisher:/opt/ros/humble /usr/bin/cmake --install /home/nvidia/learn_ros/chapt3/topic_practice_ws/build/status_interfaces
[0.793s] Level 1:colcon.colcon_core.environment:checking '/home/nvidia/learn_ros/chapt3/topic_practice_ws/install/status_interfaces' for CMake module files
[0.794s] Level 1:colcon.colcon_core.environment:checking '/home/nvidia/learn_ros/chapt3/topic_practice_ws/install/status_interfaces' for CMake config files
[0.794s] Level 1:colcon.colcon_core.shell:create_environment_hook('status_interfaces', 'cmake_prefix_path')
[0.794s] INFO:colcon.colcon_core.shell:Creating environment hook '/home/nvidia/learn_ros/chapt3/topic_practice_ws/install/status_interfaces/share/status_interfaces/hook/cmake_prefix_path.ps1'
[0.794s] INFO:colcon.colcon_core.shell:Creating environment descriptor '/home/nvidia/learn_ros/chapt3/topic_practice_ws/install/status_interfaces/share/status_interfaces/hook/cmake_prefix_path.dsv'
[0.795s] INFO:colcon.colcon_core.shell:Creating environment hook '/home/nvidia/learn_ros/chapt3/topic_practice_ws/install/status_interfaces/share/status_interfaces/hook/cmake_prefix_path.sh'
[0.795s] Level 1:colcon.colcon_core.environment:checking '/home/nvidia/learn_ros/chapt3/topic_practice_ws/install/status_interfaces/lib'
[0.795s] Level 1:colcon.colcon_core.shell:create_environment_hook('status_interfaces', 'ld_library_path_lib')
[0.795s] INFO:colcon.colcon_core.shell:Creating environment hook '/home/nvidia/learn_ros/chapt3/topic_practice_ws/install/status_interfaces/share/status_interfaces/hook/ld_library_path_lib.ps1'
[0.796s] INFO:colcon.colcon_core.shell:Creating environment descriptor '/home/nvidia/learn_ros/chapt3/topic_practice_ws/install/status_interfaces/share/status_interfaces/hook/ld_library_path_lib.dsv'
[0.796s] INFO:colcon.colcon_core.shell:Creating environment hook '/home/nvidia/learn_ros/chapt3/topic_practice_ws/install/status_interfaces/share/status_interfaces/hook/ld_library_path_lib.sh'
[0.796s] Level 1:colcon.colcon_core.environment:checking '/home/nvidia/learn_ros/chapt3/topic_practice_ws/install/status_interfaces/bin'
[0.796s] Level 1:colcon.colcon_core.environment:checking '/home/nvidia/learn_ros/chapt3/topic_practice_ws/install/status_interfaces/lib/pkgconfig/status_interfaces.pc'
[0.796s] Level 1:colcon.colcon_core.environment:checking '/home/nvidia/learn_ros/chapt3/topic_practice_ws/install/status_interfaces/lib/python3.10/site-packages'
[0.797s] Level 1:colcon.colcon_core.environment:checking '/home/nvidia/learn_ros/chapt3/topic_practice_ws/install/status_interfaces/bin'
[0.797s] INFO:colcon.colcon_core.shell:Creating package script '/home/nvidia/learn_ros/chapt3/topic_practice_ws/install/status_interfaces/share/status_interfaces/package.ps1'
[0.797s] INFO:colcon.colcon_core.shell:Creating package descriptor '/home/nvidia/learn_ros/chapt3/topic_practice_ws/install/status_interfaces/share/status_interfaces/package.dsv'
[0.798s] INFO:colcon.colcon_core.shell:Creating package script '/home/nvidia/learn_ros/chapt3/topic_practice_ws/install/status_interfaces/share/status_interfaces/package.sh'
[0.798s] INFO:colcon.colcon_core.shell:Creating package script '/home/nvidia/learn_ros/chapt3/topic_practice_ws/install/status_interfaces/share/status_interfaces/package.bash'
[0.798s] INFO:colcon.colcon_core.shell:Creating package script '/home/nvidia/learn_ros/chapt3/topic_practice_ws/install/status_interfaces/share/status_interfaces/package.zsh'
[0.799s] Level 1:colcon.colcon_core.environment:create_file_with_runtime_dependencies(/home/nvidia/learn_ros/chapt3/topic_practice_ws/install/status_interfaces/share/colcon-core/packages/status_interfaces)
[0.799s] Level 1:colcon.colcon_core.environment:create_environment_scripts_only(status_interfaces)
[0.799s] Level 1:colcon.colcon_core.environment:checking '/home/nvidia/learn_ros/chapt3/topic_practice_ws/install/status_interfaces' for CMake module files
[0.800s] Level 1:colcon.colcon_core.environment:checking '/home/nvidia/learn_ros/chapt3/topic_practice_ws/install/status_interfaces' for CMake config files
[0.800s] Level 1:colcon.colcon_core.shell:create_environment_hook('status_interfaces', 'cmake_prefix_path')
[0.800s] INFO:colcon.colcon_core.shell:Creating environment hook '/home/nvidia/learn_ros/chapt3/topic_practice_ws/install/status_interfaces/share/status_interfaces/hook/cmake_prefix_path.ps1'
[0.800s] INFO:colcon.colcon_core.shell:Creating environment descriptor '/home/nvidia/learn_ros/chapt3/topic_practice_ws/install/status_interfaces/share/status_interfaces/hook/cmake_prefix_path.dsv'
[0.801s] INFO:colcon.colcon_core.shell:Creating environment hook '/home/nvidia/learn_ros/chapt3/topic_practice_ws/install/status_interfaces/share/status_interfaces/hook/cmake_prefix_path.sh'
[0.801s] Level 1:colcon.colcon_core.environment:checking '/home/nvidia/learn_ros/chapt3/topic_practice_ws/install/status_interfaces/lib'
[0.801s] Level 1:colcon.colcon_core.shell:create_environment_hook('status_interfaces', 'ld_library_path_lib')
[0.801s] INFO:colcon.colcon_core.shell:Creating environment hook '/home/nvidia/learn_ros/chapt3/topic_practice_ws/install/status_interfaces/share/status_interfaces/hook/ld_library_path_lib.ps1'
[0.801s] INFO:colcon.colcon_core.shell:Creating environment descriptor '/home/nvidia/learn_ros/chapt3/topic_practice_ws/install/status_interfaces/share/status_interfaces/hook/ld_library_path_lib.dsv'
[0.801s] INFO:colcon.colcon_core.shell:Creating environment hook '/home/nvidia/learn_ros/chapt3/topic_practice_ws/install/status_interfaces/share/status_interfaces/hook/ld_library_path_lib.sh'
[0.802s] Level 1:colcon.colcon_core.environment:checking '/home/nvidia/learn_ros/chapt3/topic_practice_ws/install/status_interfaces/bin'
[0.802s] Level 1:colcon.colcon_core.environment:checking '/home/nvidia/learn_ros/chapt3/topic_practice_ws/install/status_interfaces/lib/pkgconfig/status_interfaces.pc'
[0.802s] Level 1:colcon.colcon_core.environment:checking '/home/nvidia/learn_ros/chapt3/topic_practice_ws/install/status_interfaces/lib/python3.10/site-packages'
[0.802s] Level 1:colcon.colcon_core.environment:checking '/home/nvidia/learn_ros/chapt3/topic_practice_ws/install/status_interfaces/bin'
[0.802s] INFO:colcon.colcon_core.shell:Creating package script '/home/nvidia/learn_ros/chapt3/topic_practice_ws/install/status_interfaces/share/status_interfaces/package.ps1'
[0.803s] INFO:colcon.colcon_core.shell:Creating package descriptor '/home/nvidia/learn_ros/chapt3/topic_practice_ws/install/status_interfaces/share/status_interfaces/package.dsv'
[0.803s] INFO:colcon.colcon_core.shell:Creating package script '/home/nvidia/learn_ros/chapt3/topic_practice_ws/install/status_interfaces/share/status_interfaces/package.sh'
[0.803s] INFO:colcon.colcon_core.shell:Creating package script '/home/nvidia/learn_ros/chapt3/topic_practice_ws/install/status_interfaces/share/status_interfaces/package.bash'
[0.803s] INFO:colcon.colcon_core.shell:Creating package script '/home/nvidia/learn_ros/chapt3/topic_practice_ws/install/status_interfaces/share/status_interfaces/package.zsh'
[0.803s] Level 1:colcon.colcon_core.environment:create_file_with_runtime_dependencies(/home/nvidia/learn_ros/chapt3/topic_practice_ws/install/status_interfaces/share/colcon-core/packages/status_interfaces)
[0.804s] INFO:colcon.colcon_ros.task.ament_cmake.build:Building ROS package in '/home/nvidia/learn_ros/chapt3/topic_practice_ws/src/status_display' with build type 'ament_cmake'
[0.804s] INFO:colcon.colcon_cmake.task.cmake.build:Building CMake package in '/home/nvidia/learn_ros/chapt3/topic_practice_ws/src/status_display'
[0.804s] INFO:colcon.colcon_core.shell:Skip shell extension 'powershell' for command environment: Not usable outside of PowerShell
[0.804s] DEBUG:colcon.colcon_core.shell:Skip shell extension 'dsv' for command environment
[0.806s] INFO:colcon.colcon_ros.task.ament_python.build:Building ROS package in '/home/nvidia/learn_ros/chapt3/topic_practice_ws/src/status_pulisher' with build type 'ament_python'
[0.807s] Level 1:colcon.colcon_core.shell:create_environment_hook('status_pulisher', 'ament_prefix_path')
[0.807s] INFO:colcon.colcon_core.shell:Creating environment hook '/home/nvidia/learn_ros/chapt3/topic_practice_ws/install/status_pulisher/share/status_pulisher/hook/ament_prefix_path.ps1'
[0.807s] INFO:colcon.colcon_core.shell:Creating environment descriptor '/home/nvidia/learn_ros/chapt3/topic_practice_ws/install/status_pulisher/share/status_pulisher/hook/ament_prefix_path.dsv'
[0.807s] INFO:colcon.colcon_core.shell:Creating environment hook '/home/nvidia/learn_ros/chapt3/topic_practice_ws/install/status_pulisher/share/status_pulisher/hook/ament_prefix_path.sh'
[0.808s] INFO:colcon.colcon_core.shell:Skip shell extension 'powershell' for command environment: Not usable outside of PowerShell
[0.808s] DEBUG:colcon.colcon_core.shell:Skip shell extension 'dsv' for command environment
[1.234s] INFO:colcon.colcon_core.task.python.build:Building Python package in '/home/nvidia/learn_ros/chapt3/topic_practice_ws/src/status_pulisher'
[1.234s] INFO:colcon.colcon_core.shell:Skip shell extension 'powershell' for command environment: Not usable outside of PowerShell
[1.234s] DEBUG:colcon.colcon_core.shell:Skip shell extension 'dsv' for command environment
[1.239s] DEBUG:colcon.colcon_core.event_handler.log_command:Invoking command in '/home/nvidia/learn_ros/chapt3/topic_practice_ws/build/status_display': CMAKE_PREFIX_PATH=${CMAKE_PREFIX_PATH}:/home/nvidia/learn_ros/chapt3/topic_practice_ws/install/status_pulisher:/opt/ros/humble /usr/bin/cmake --build /home/nvidia/learn_ros/chapt3/topic_practice_ws/build/status_display -- -j24 -l24
[1.769s] DEBUG:colcon.colcon_core.task.python.build:Available setuptools commands: bdist_rpm, sdist, bdist_dumb, compile_catalog, install_egg_info, install_lib, build_clib, install_data, install_scripts, setopt, bdist, build, build_scripts, install_headers, egg_info, develop, init_catalog, build_py, test, check, symlink_data, saveopts, clean, upload_docs, build_ext, update_catalog, alias, extract_messages, dist_info, install, bdist_egg, bdist_wheel, easy_install, upload, rotate, register
[1.771s] DEBUG:colcon.colcon_core.event_handler.log_command:Invoking command in '/home/nvidia/learn_ros/chapt3/topic_practice_ws/src/status_pulisher': PYTHONPATH=/home/nvidia/learn_ros/chapt3/topic_practice_ws/build/status_pulisher/prefix_override:/usr/lib/python3/dist-packages/colcon_core/task/python/colcon_distutils_commands:/home/nvidia/learn_ros/chapt3/topic_practice_ws/install/status_pulisher/lib/python3.10/site-packages:${PYTHONPATH} /usr/bin/python3 -W ignore:setup.py install is deprecated -W ignore:easy_install command is deprecated setup.py egg_info --egg-base ../../build/status_pulisher build --build-base /home/nvidia/learn_ros/chapt3/topic_practice_ws/build/status_pulisher/build install --record /home/nvidia/learn_ros/chapt3/topic_practice_ws/build/status_pulisher/install.log --install-scripts $base/lib/status_pulisher --single-version-externally-managed install_data
[1.929s] Level 1:colcon.colcon_core.environment:checking '/home/nvidia/learn_ros/chapt3/topic_practice_ws/install/status_pulisher' for CMake module files
[1.930s] DEBUG:colcon.colcon_core.event_handler.log_command:Invoked command in '/home/nvidia/learn_ros/chapt3/topic_practice_ws/src/status_pulisher' returned '0': PYTHONPATH=/home/nvidia/learn_ros/chapt3/topic_practice_ws/build/status_pulisher/prefix_override:/usr/lib/python3/dist-packages/colcon_core/task/python/colcon_distutils_commands:/home/nvidia/learn_ros/chapt3/topic_practice_ws/install/status_pulisher/lib/python3.10/site-packages:${PYTHONPATH} /usr/bin/python3 -W ignore:setup.py install is deprecated -W ignore:easy_install command is deprecated setup.py egg_info --egg-base ../../build/status_pulisher build --build-base /home/nvidia/learn_ros/chapt3/topic_practice_ws/build/status_pulisher/build install --record /home/nvidia/learn_ros/chapt3/topic_practice_ws/build/status_pulisher/install.log --install-scripts $base/lib/status_pulisher --single-version-externally-managed install_data
[1.930s] Level 1:colcon.colcon_core.environment:checking '/home/nvidia/learn_ros/chapt3/topic_practice_ws/install/status_pulisher' for CMake config files
[1.930s] Level 1:colcon.colcon_core.environment:checking '/home/nvidia/learn_ros/chapt3/topic_practice_ws/install/status_pulisher/lib'
[1.930s] Level 1:colcon.colcon_core.environment:checking '/home/nvidia/learn_ros/chapt3/topic_practice_ws/install/status_pulisher/bin'
[1.930s] Level 1:colcon.colcon_core.environment:checking '/home/nvidia/learn_ros/chapt3/topic_practice_ws/install/status_pulisher/lib/pkgconfig/status_pulisher.pc'
[1.930s] Level 1:colcon.colcon_core.environment:checking '/home/nvidia/learn_ros/chapt3/topic_practice_ws/install/status_pulisher/lib/python3.10/site-packages'
[1.931s] Level 1:colcon.colcon_core.shell:create_environment_hook('status_pulisher', 'pythonpath')
[1.931s] INFO:colcon.colcon_core.shell:Creating environment hook '/home/nvidia/learn_ros/chapt3/topic_practice_ws/install/status_pulisher/share/status_pulisher/hook/pythonpath.ps1'
[1.931s] INFO:colcon.colcon_core.shell:Creating environment descriptor '/home/nvidia/learn_ros/chapt3/topic_practice_ws/install/status_pulisher/share/status_pulisher/hook/pythonpath.dsv'
[1.932s] INFO:colcon.colcon_core.shell:Creating environment hook '/home/nvidia/learn_ros/chapt3/topic_practice_ws/install/status_pulisher/share/status_pulisher/hook/pythonpath.sh'
[1.932s] Level 1:colcon.colcon_core.environment:checking '/home/nvidia/learn_ros/chapt3/topic_practice_ws/install/status_pulisher/bin'
[1.932s] Level 1:colcon.colcon_core.environment:create_environment_scripts_only(status_pulisher)
[1.932s] INFO:colcon.colcon_core.shell:Creating package script '/home/nvidia/learn_ros/chapt3/topic_practice_ws/install/status_pulisher/share/status_pulisher/package.ps1'
[1.933s] INFO:colcon.colcon_core.shell:Creating package descriptor '/home/nvidia/learn_ros/chapt3/topic_practice_ws/install/status_pulisher/share/status_pulisher/package.dsv'
[1.933s] INFO:colcon.colcon_core.shell:Creating package script '/home/nvidia/learn_ros/chapt3/topic_practice_ws/install/status_pulisher/share/status_pulisher/package.sh'
[1.933s] INFO:colcon.colcon_core.shell:Creating package script '/home/nvidia/learn_ros/chapt3/topic_practice_ws/install/status_pulisher/share/status_pulisher/package.bash'
[1.933s] INFO:colcon.colcon_core.shell:Creating package script '/home/nvidia/learn_ros/chapt3/topic_practice_ws/install/status_pulisher/share/status_pulisher/package.zsh'
[1.933s] Level 1:colcon.colcon_core.environment:create_file_with_runtime_dependencies(/home/nvidia/learn_ros/chapt3/topic_practice_ws/install/status_pulisher/share/colcon-core/packages/status_pulisher)
[17.985s] DEBUG:colcon.colcon_core.event_handler.log_command:Invoked command in '/home/nvidia/learn_ros/chapt3/topic_practice_ws/build/status_display' returned '0': CMAKE_PREFIX_PATH=${CMAKE_PREFIX_PATH}:/home/nvidia/learn_ros/chapt3/topic_practice_ws/install/status_pulisher:/opt/ros/humble /usr/bin/cmake --build /home/nvidia/learn_ros/chapt3/topic_practice_ws/build/status_display -- -j24 -l24
[17.986s] DEBUG:colcon.colcon_core.event_handler.log_command:Invoking command in '/home/nvidia/learn_ros/chapt3/topic_practice_ws/build/status_display': CMAKE_PREFIX_PATH=${CMAKE_PREFIX_PATH}:/home/nvidia/learn_ros/chapt3/topic_practice_ws/install/status_pulisher:/opt/ros/humble /usr/bin/cmake --install /home/nvidia/learn_ros/chapt3/topic_practice_ws/build/status_display
[17.993s] Level 1:colcon.colcon_core.environment:create_environment_scripts_only(status_display)
[17.993s] Level 1:colcon.colcon_core.environment:checking '/home/nvidia/learn_ros/chapt3/topic_practice_ws/install/status_display' for CMake module files
[17.993s] DEBUG:colcon.colcon_core.event_handler.log_command:Invoked command in '/home/nvidia/learn_ros/chapt3/topic_practice_ws/build/status_display' returned '0': CMAKE_PREFIX_PATH=${CMAKE_PREFIX_PATH}:/home/nvidia/learn_ros/chapt3/topic_practice_ws/install/status_pulisher:/opt/ros/humble /usr/bin/cmake --install /home/nvidia/learn_ros/chapt3/topic_practice_ws/build/status_display
[17.994s] Level 1:colcon.colcon_core.environment:checking '/home/nvidia/learn_ros/chapt3/topic_practice_ws/install/status_display' for CMake config files
[17.994s] Level 1:colcon.colcon_core.shell:create_environment_hook('status_display', 'cmake_prefix_path')
[17.994s] INFO:colcon.colcon_core.shell:Creating environment hook '/home/nvidia/learn_ros/chapt3/topic_practice_ws/install/status_display/share/status_display/hook/cmake_prefix_path.ps1'
[17.994s] INFO:colcon.colcon_core.shell:Creating environment descriptor '/home/nvidia/learn_ros/chapt3/topic_practice_ws/install/status_display/share/status_display/hook/cmake_prefix_path.dsv'
[17.995s] INFO:colcon.colcon_core.shell:Creating environment hook '/home/nvidia/learn_ros/chapt3/topic_practice_ws/install/status_display/share/status_display/hook/cmake_prefix_path.sh'
[17.995s] Level 1:colcon.colcon_core.environment:checking '/home/nvidia/learn_ros/chapt3/topic_practice_ws/install/status_display/lib'
[17.995s] Level 1:colcon.colcon_core.environment:checking '/home/nvidia/learn_ros/chapt3/topic_practice_ws/install/status_display/bin'
[17.995s] Level 1:colcon.colcon_core.environment:checking '/home/nvidia/learn_ros/chapt3/topic_practice_ws/install/status_display/lib/pkgconfig/status_display.pc'
[17.995s] Level 1:colcon.colcon_core.environment:checking '/home/nvidia/learn_ros/chapt3/topic_practice_ws/install/status_display/lib/python3.10/site-packages'
[17.995s] Level 1:colcon.colcon_core.environment:checking '/home/nvidia/learn_ros/chapt3/topic_practice_ws/install/status_display/bin'
[17.996s] INFO:colcon.colcon_core.shell:Creating package script '/home/nvidia/learn_ros/chapt3/topic_practice_ws/install/status_display/share/status_display/package.ps1'
[17.996s] INFO:colcon.colcon_core.shell:Creating package descriptor '/home/nvidia/learn_ros/chapt3/topic_practice_ws/install/status_display/share/status_display/package.dsv'
[17.996s] INFO:colcon.colcon_core.shell:Creating package script '/home/nvidia/learn_ros/chapt3/topic_practice_ws/install/status_display/share/status_display/package.sh'
[17.997s] INFO:colcon.colcon_core.shell:Creating package script '/home/nvidia/learn_ros/chapt3/topic_practice_ws/install/status_display/share/status_display/package.bash'
[17.997s] INFO:colcon.colcon_core.shell:Creating package script '/home/nvidia/learn_ros/chapt3/topic_practice_ws/install/status_display/share/status_display/package.zsh'
[17.997s] Level 1:colcon.colcon_core.environment:create_file_with_runtime_dependencies(/home/nvidia/learn_ros/chapt3/topic_practice_ws/install/status_display/share/colcon-core/packages/status_display)
[17.997s] Level 1:colcon.colcon_core.environment:create_environment_scripts_only(status_display)
[17.997s] Level 1:colcon.colcon_core.environment:checking '/home/nvidia/learn_ros/chapt3/topic_practice_ws/install/status_display' for CMake module files
[17.998s] Level 1:colcon.colcon_core.environment:checking '/home/nvidia/learn_ros/chapt3/topic_practice_ws/install/status_display' for CMake config files
[17.998s] Level 1:colcon.colcon_core.shell:create_environment_hook('status_display', 'cmake_prefix_path')
[17.998s] INFO:colcon.colcon_core.shell:Creating environment hook '/home/nvidia/learn_ros/chapt3/topic_practice_ws/install/status_display/share/status_display/hook/cmake_prefix_path.ps1'
[17.998s] INFO:colcon.colcon_core.shell:Creating environment descriptor '/home/nvidia/learn_ros/chapt3/topic_practice_ws/install/status_display/share/status_display/hook/cmake_prefix_path.dsv'
[17.998s] INFO:colcon.colcon_core.shell:Creating environment hook '/home/nvidia/learn_ros/chapt3/topic_practice_ws/install/status_display/share/status_display/hook/cmake_prefix_path.sh'
[17.999s] Level 1:colcon.colcon_core.environment:checking '/home/nvidia/learn_ros/chapt3/topic_practice_ws/install/status_display/lib'
[17.999s] Level 1:colcon.colcon_core.environment:checking '/home/nvidia/learn_ros/chapt3/topic_practice_ws/install/status_display/bin'
[17.999s] Level 1:colcon.colcon_core.environment:checking '/home/nvidia/learn_ros/chapt3/topic_practice_ws/install/status_display/lib/pkgconfig/status_display.pc'
[17.999s] Level 1:colcon.colcon_core.environment:checking '/home/nvidia/learn_ros/chapt3/topic_practice_ws/install/status_display/lib/python3.10/site-packages'
[17.999s] Level 1:colcon.colcon_core.environment:checking '/home/nvidia/learn_ros/chapt3/topic_practice_ws/install/status_display/bin'
[17.999s] INFO:colcon.colcon_core.shell:Creating package script '/home/nvidia/learn_ros/chapt3/topic_practice_ws/install/status_display/share/status_display/package.ps1'
[18.000s] INFO:colcon.colcon_core.shell:Creating package descriptor '/home/nvidia/learn_ros/chapt3/topic_practice_ws/install/status_display/share/status_display/package.dsv'
[18.000s] INFO:colcon.colcon_core.shell:Creating package script '/home/nvidia/learn_ros/chapt3/topic_practice_ws/install/status_display/share/status_display/package.sh'
[18.000s] INFO:colcon.colcon_core.shell:Creating package script '/home/nvidia/learn_ros/chapt3/topic_practice_ws/install/status_display/share/status_display/package.bash'
[18.000s] INFO:colcon.colcon_core.shell:Creating package script '/home/nvidia/learn_ros/chapt3/topic_practice_ws/install/status_display/share/status_display/package.zsh'
[18.000s] Level 1:colcon.colcon_core.environment:create_file_with_runtime_dependencies(/home/nvidia/learn_ros/chapt3/topic_practice_ws/install/status_display/share/colcon-core/packages/status_display)
[18.001s] DEBUG:colcon.colcon_parallel_executor.executor.parallel:closing loop
[18.001s] DEBUG:colcon.colcon_parallel_executor.executor.parallel:loop closed
[18.001s] DEBUG:colcon.colcon_parallel_executor.executor.parallel:run_until_complete finished with '0'
[18.001s] DEBUG:colcon.colcon_core.event_reactor:joining thread
[18.156s] INFO:colcon.colcon_core.plugin_system:Skipping extension 'colcon_notification.desktop_notification.notify_send': Could not find 'notify-send'
[18.157s] INFO:colcon.colcon_core.plugin_system:Skipping extension 'colcon_notification.desktop_notification.terminal_notifier': Not used on non-Darwin systems
[18.157s] INFO:colcon.colcon_core.plugin_system:Skipping extension 'colcon_notification.desktop_notification.win32': Not used on non-Windows systems
[18.157s] INFO:colcon.colcon_notification.desktop_notification:Sending desktop notification using 'notify2'
[18.157s] DEBUG:colcon.colcon_notification.desktop_notification.notify2:Failed to initialize notify2: org.freedesktop.DBus.Error.FileNotFound: Failed to connect to socket /run/user/1000/bus: No such file or directory
[18.157s] DEBUG:colcon.colcon_core.event_reactor:joined thread
[18.157s] INFO:colcon.colcon_core.shell:Creating prefix script '/home/nvidia/learn_ros/chapt3/topic_practice_ws/install/local_setup.ps1'
[18.158s] INFO:colcon.colcon_core.shell:Creating prefix util module '/home/nvidia/learn_ros/chapt3/topic_practice_ws/install/_local_setup_util_ps1.py'
[18.159s] INFO:colcon.colcon_core.shell:Creating prefix chain script '/home/nvidia/learn_ros/chapt3/topic_practice_ws/install/setup.ps1'
[18.159s] INFO:colcon.colcon_core.shell:Creating prefix script '/home/nvidia/learn_ros/chapt3/topic_practice_ws/install/local_setup.sh'
[18.160s] INFO:colcon.colcon_core.shell:Creating prefix util module '/home/nvidia/learn_ros/chapt3/topic_practice_ws/install/_local_setup_util_sh.py'
[18.160s] INFO:colcon.colcon_core.shell:Creating prefix chain script '/home/nvidia/learn_ros/chapt3/topic_practice_ws/install/setup.sh'
[18.161s] INFO:colcon.colcon_core.shell:Creating prefix script '/home/nvidia/learn_ros/chapt3/topic_practice_ws/install/local_setup.bash'
[18.161s] INFO:colcon.colcon_core.shell:Creating prefix chain script '/home/nvidia/learn_ros/chapt3/topic_practice_ws/install/setup.bash'
[18.161s] INFO:colcon.colcon_core.shell:Creating prefix script '/home/nvidia/learn_ros/chapt3/topic_practice_ws/install/local_setup.zsh'
[18.162s] INFO:colcon.colcon_core.shell:Creating prefix chain script '/home/nvidia/learn_ros/chapt3/topic_practice_ws/install/setup.zsh'
