[0.010s] Invoking command in '/home/nvidia/learn_ros/chapt2/build/demo_cpp_pkg': CMAKE_PREFIX_PATH=${CMAKE_PREFIX_PATH}:/home/nvidia/learn_ros/chapt2/install/demo_python_pkg:/opt/ros/humble /usr/bin/cmake --build /home/nvidia/learn_ros/chapt2/build/demo_cpp_pkg -- -j24 -l24
[0.023s] -- Found ament_cmake: 1.3.14 (/opt/ros/humble/share/ament_cmake/cmake)
[0.094s] -- Found rclcpp: 16.0.21 (/opt/ros/humble/share/rclcpp/cmake)
[0.425s] -- Found rosidl_generator_c: 3.1.9 (/opt/ros/humble/share/rosidl_generator_c/cmake)
[0.427s] -- Found rosidl_adapter: 3.1.9 (/opt/ros/humble/share/rosidl_adapter/cmake)
[0.430s] -- Found rosidl_generator_cpp: 3.1.9 (/opt/ros/humble/share/rosidl_generator_cpp/cmake)
[0.435s] -- Using all available rosidl_typesupport_c: rosidl_typesupport_fastrtps_c;rosidl_typesupport_introspection_c
[0.442s] -- Using all available rosidl_typesupport_cpp: rosidl_typesupport_fastrtps_cpp;rosidl_typesupport_introspection_cpp
[0.459s] -- Found rmw_implementation_cmake: 6.1.4 (/opt/ros/humble/share/rmw_implementation_cmake/cmake)
[0.459s] -- Found rmw_fastrtps_cpp: 6.2.10 (/opt/ros/humble/share/rmw_fastrtps_cpp/cmake)
[12.966s] -- Using RMW implementation 'rmw_fastrtps_cpp' as default
[12.993s] [31mCMake Error at CMakeLists.txt:24 (install):
[12.993s]   install does not recognize sub-command TARGET
[12.993s] 
[12.993s] [0m
[12.993s] -- Found ament_lint_auto: 0.12.15 (/opt/ros/humble/share/ament_lint_auto/cmake)
[13.032s] -- Added test 'cppcheck' to perform static code analysis on C / C++ code
[13.032s] -- Configured cppcheck include dirs: 
[13.032s] -- Configured cppcheck exclude dirs and/or files: 
[13.033s] -- Added test 'lint_cmake' to check CMake code style
[13.035s] -- Added test 'uncrustify' to check C / C++ code style
[13.035s] -- Configured uncrustify additional arguments: 
[13.035s] -- Added test 'xmllint' to check XML markup files
[13.036s] -- Configuring incomplete, errors occurred!
[13.036s] See also "/home/nvidia/learn_ros/chapt2/build/demo_cpp_pkg/CMakeFiles/CMakeOutput.log".
[13.040s] gmake: *** [Makefile:267：cmake_check_build_system] 错误 1
[13.042s] Invoked command in '/home/nvidia/learn_ros/chapt2/build/demo_cpp_pkg' returned '2': CMAKE_PREFIX_PATH=${CMAKE_PREFIX_PATH}:/home/nvidia/learn_ros/chapt2/install/demo_python_pkg:/opt/ros/humble /usr/bin/cmake --build /home/nvidia/learn_ros/chapt2/build/demo_cpp_pkg -- -j24 -l24
