[0.012s] Invoking command in '/home/nvidia/learn_ros/chapt2/chapt2_ws/build/demo_cpp_pkg': CMAKE_PREFIX_PATH=${CMAKE_PREFIX_PATH}:/home/nvidia/learn_ros/chapt2/chapt2_ws/install/demo_python_pkg:/opt/ros/humble /usr/bin/cmake --build /home/nvidia/learn_ros/chapt2/chapt2_ws/build/demo_cpp_pkg -- -j24 -l24
[0.139s] [35m[1mConsolidate compiler generated dependencies of target learn_thread[0m
[0.143s] [ 28%] Built target learn_auto
[0.144s] [ 28%] Built target learn_share_ptr
[0.146s] [ 57%] Built target person_node
[0.146s] [ 57%] Built target learn_lambda
[0.146s] [ 71%] Built target cpp_node
[0.147s] [ 85%] Built target learn_functional
[0.149s] [ 92%] [32mBuilding CXX object CMakeFiles/learn_thread.dir/src/learn_thread.cpp.o[0m
[3.657s] [100%] [32m[1mLinking CXX executable learn_thread[0m
[4.166s] [100%] Built target learn_thread
[4.176s] Invoked command in '/home/nvidia/learn_ros/chapt2/chapt2_ws/build/demo_cpp_pkg' returned '0': CMAKE_PREFIX_PATH=${CMAKE_PREFIX_PATH}:/home/nvidia/learn_ros/chapt2/chapt2_ws/install/demo_python_pkg:/opt/ros/humble /usr/bin/cmake --build /home/nvidia/learn_ros/chapt2/chapt2_ws/build/demo_cpp_pkg -- -j24 -l24
[4.187s] Invoking command in '/home/nvidia/learn_ros/chapt2/chapt2_ws/build/demo_cpp_pkg': CMAKE_PREFIX_PATH=${CMAKE_PREFIX_PATH}:/home/nvidia/learn_ros/chapt2/chapt2_ws/install/demo_python_pkg:/opt/ros/humble /usr/bin/cmake --install /home/nvidia/learn_ros/chapt2/chapt2_ws/build/demo_cpp_pkg
[4.193s] -- Install configuration: ""
[4.194s] -- Up-to-date: /home/nvidia/learn_ros/chapt2/chapt2_ws/install/demo_cpp_pkg/lib/demo_cpp_pkg/cpp_node
[4.194s] -- Up-to-date: /home/nvidia/learn_ros/chapt2/chapt2_ws/install/demo_cpp_pkg/lib/demo_cpp_pkg/person_node
[4.194s] -- Up-to-date: /home/nvidia/learn_ros/chapt2/chapt2_ws/install/demo_cpp_pkg/lib/demo_cpp_pkg/learn_auto
[4.194s] -- Up-to-date: /home/nvidia/learn_ros/chapt2/chapt2_ws/install/demo_cpp_pkg/lib/demo_cpp_pkg/learn_share_ptr
[4.194s] -- Up-to-date: /home/nvidia/learn_ros/chapt2/chapt2_ws/install/demo_cpp_pkg/lib/demo_cpp_pkg/learn_lambda
[4.194s] -- Up-to-date: /home/nvidia/learn_ros/chapt2/chapt2_ws/install/demo_cpp_pkg/lib/demo_cpp_pkg/learn_functional
[4.195s] -- Installing: /home/nvidia/learn_ros/chapt2/chapt2_ws/install/demo_cpp_pkg/lib/demo_cpp_pkg/learn_thread
[4.198s] -- Up-to-date: /home/nvidia/learn_ros/chapt2/chapt2_ws/install/demo_cpp_pkg/share/ament_index/resource_index/package_run_dependencies/demo_cpp_pkg
[4.198s] -- Up-to-date: /home/nvidia/learn_ros/chapt2/chapt2_ws/install/demo_cpp_pkg/share/ament_index/resource_index/parent_prefix_path/demo_cpp_pkg
[4.198s] -- Up-to-date: /home/nvidia/learn_ros/chapt2/chapt2_ws/install/demo_cpp_pkg/share/demo_cpp_pkg/environment/ament_prefix_path.sh
[4.198s] -- Up-to-date: /home/nvidia/learn_ros/chapt2/chapt2_ws/install/demo_cpp_pkg/share/demo_cpp_pkg/environment/ament_prefix_path.dsv
[4.198s] -- Up-to-date: /home/nvidia/learn_ros/chapt2/chapt2_ws/install/demo_cpp_pkg/share/demo_cpp_pkg/environment/path.sh
[4.198s] -- Up-to-date: /home/nvidia/learn_ros/chapt2/chapt2_ws/install/demo_cpp_pkg/share/demo_cpp_pkg/environment/path.dsv
[4.198s] -- Up-to-date: /home/nvidia/learn_ros/chapt2/chapt2_ws/install/demo_cpp_pkg/share/demo_cpp_pkg/local_setup.bash
[4.198s] -- Up-to-date: /home/nvidia/learn_ros/chapt2/chapt2_ws/install/demo_cpp_pkg/share/demo_cpp_pkg/local_setup.sh
[4.198s] -- Up-to-date: /home/nvidia/learn_ros/chapt2/chapt2_ws/install/demo_cpp_pkg/share/demo_cpp_pkg/local_setup.zsh
[4.198s] -- Up-to-date: /home/nvidia/learn_ros/chapt2/chapt2_ws/install/demo_cpp_pkg/share/demo_cpp_pkg/local_setup.dsv
[4.198s] -- Installing: /home/nvidia/learn_ros/chapt2/chapt2_ws/install/demo_cpp_pkg/share/demo_cpp_pkg/package.dsv
[4.199s] -- Up-to-date: /home/nvidia/learn_ros/chapt2/chapt2_ws/install/demo_cpp_pkg/share/ament_index/resource_index/packages/demo_cpp_pkg
[4.199s] -- Up-to-date: /home/nvidia/learn_ros/chapt2/chapt2_ws/install/demo_cpp_pkg/share/demo_cpp_pkg/cmake/demo_cpp_pkgConfig.cmake
[4.199s] -- Up-to-date: /home/nvidia/learn_ros/chapt2/chapt2_ws/install/demo_cpp_pkg/share/demo_cpp_pkg/cmake/demo_cpp_pkgConfig-version.cmake
[4.199s] -- Up-to-date: /home/nvidia/learn_ros/chapt2/chapt2_ws/install/demo_cpp_pkg/share/demo_cpp_pkg/package.xml
[4.200s] Invoked command in '/home/nvidia/learn_ros/chapt2/chapt2_ws/build/demo_cpp_pkg' returned '0': CMAKE_PREFIX_PATH=${CMAKE_PREFIX_PATH}:/home/nvidia/learn_ros/chapt2/chapt2_ws/install/demo_python_pkg:/opt/ros/humble /usr/bin/cmake --install /home/nvidia/learn_ros/chapt2/chapt2_ws/build/demo_cpp_pkg
