[0.017s] Invoking command in '/home/nvidia/learn_ros/chapt2/build/demo_cpp_pkg': CMAKE_PREFIX_PATH=${CMAKE_PREFIX_PATH}:/home/nvidia/learn_ros/chapt2/install/demo_python_pkg:/opt/ros/humble /usr/bin/cmake --build /home/nvidia/learn_ros/chapt2/build/demo_cpp_pkg -- -j24 -l24
[0.103s] -- Found ament_cmake: 1.3.14 (/opt/ros/humble/share/ament_cmake/cmake)
[0.205s] -- Found rclcpp: 16.0.21 (/opt/ros/humble/share/rclcpp/cmake)
[0.531s] -- Found rosidl_generator_c: 3.1.9 (/opt/ros/humble/share/rosidl_generator_c/cmake)
[0.534s] -- Found rosidl_adapter: 3.1.9 (/opt/ros/humble/share/rosidl_adapter/cmake)
[0.542s] -- Found rosidl_generator_cpp: 3.1.9 (/opt/ros/humble/share/rosidl_generator_cpp/cmake)
[0.553s] -- Using all available rosidl_typesupport_c: rosidl_typesupport_fastrtps_c;rosidl_typesupport_introspection_c
[0.565s] -- Using all available rosidl_typesupport_cpp: rosidl_typesupport_fastrtps_cpp;rosidl_typesupport_introspection_cpp
[0.599s] -- Found rmw_implementation_cmake: 6.1.4 (/opt/ros/humble/share/rmw_implementation_cmake/cmake)
[0.601s] -- Found rmw_fastrtps_cpp: 6.2.10 (/opt/ros/humble/share/rmw_fastrtps_cpp/cmake)
[13.166s] -- Using RMW implementation 'rmw_fastrtps_cpp' as default
[13.222s] [31mCMake Error at CMakeLists.txt:24 (install):
[13.222s]   install does not recognize sub-command TARGET
[13.222s] 
[13.222s] [0m
[13.223s] -- Found ament_lint_auto: 0.12.15 (/opt/ros/humble/share/ament_lint_auto/cmake)
[13.269s] -- Added test 'cppcheck' to perform static code analysis on C / C++ code
[13.270s] -- Configured cppcheck include dirs: 
[13.270s] -- Configured cppcheck exclude dirs and/or files: 
[13.271s] -- Added test 'lint_cmake' to check CMake code style
[13.273s] -- Added test 'uncrustify' to check C / C++ code style
[13.273s] -- Configured uncrustify additional arguments: 
[13.274s] -- Added test 'xmllint' to check XML markup files
[13.275s] -- Configuring incomplete, errors occurred!
[13.275s] See also "/home/nvidia/learn_ros/chapt2/build/demo_cpp_pkg/CMakeFiles/CMakeOutput.log".
[13.280s] gmake: *** [Makefile:267：cmake_check_build_system] 错误 1
[13.281s] Invoked command in '/home/nvidia/learn_ros/chapt2/build/demo_cpp_pkg' returned '2': CMAKE_PREFIX_PATH=${CMAKE_PREFIX_PATH}:/home/nvidia/learn_ros/chapt2/install/demo_python_pkg:/opt/ros/humble /usr/bin/cmake --build /home/nvidia/learn_ros/chapt2/build/demo_cpp_pkg -- -j24 -l24
