[0.433s] Invoking command in '/home/nvidia/learn_ros/chapt3/topic_practice_ws/build/status_display': CMAKE_PREFIX_PATH=${CMAKE_PREFIX_PATH}:/home/nvidia/learn_ros/chapt3/topic_practice_ws/install/status_pulisher:/opt/ros/humble /usr/bin/cmake --build /home/nvidia/learn_ros/chapt3/topic_practice_ws/build/status_display -- -j24 -l24
[0.448s] -- Found ament_cmake: 1.3.14 (/opt/ros/humble/share/ament_cmake/cmake)
[0.525s] -- Found rclcpp: 16.0.21 (/opt/ros/humble/share/rclcpp/cmake)
[0.858s] -- Found rosidl_generator_c: 3.1.9 (/opt/ros/humble/share/rosidl_generator_c/cmake)
[0.859s] -- Found rosidl_adapter: 3.1.9 (/opt/ros/humble/share/rosidl_adapter/cmake)
[0.863s] -- Found rosidl_generator_cpp: 3.1.9 (/opt/ros/humble/share/rosidl_generator_cpp/cmake)
[0.868s] -- Using all available rosidl_typesupport_c: rosidl_typesupport_fastrtps_c;rosidl_typesupport_introspection_c
[0.875s] -- Using all available rosidl_typesupport_cpp: rosidl_typesupport_fastrtps_cpp;rosidl_typesupport_introspection_cpp
[0.894s] -- Found rmw_implementation_cmake: 6.1.4 (/opt/ros/humble/share/rmw_implementation_cmake/cmake)
[0.895s] -- Found rmw_fastrtps_cpp: 6.2.10 (/opt/ros/humble/share/rmw_fastrtps_cpp/cmake)
[15.555s] -- Using RMW implementation 'rmw_fastrtps_cpp' as default
[15.585s] -- Found status_interfaces: 0.0.0 (/home/nvidia/learn_ros/chapt3/topic_practice_ws/install/status_interfaces/share/status_interfaces/cmake)
[15.832s] -- Found ament_lint_auto: 0.12.15 (/opt/ros/humble/share/ament_lint_auto/cmake)
[15.874s] -- Added test 'cppcheck' to perform static code analysis on C / C++ code
[15.874s] -- Configured cppcheck include dirs: 
[15.874s] -- Configured cppcheck exclude dirs and/or files: 
[15.874s] -- Added test 'lint_cmake' to check CMake code style
[15.875s] -- Added test 'uncrustify' to check C / C++ code style
[15.875s] -- Configured uncrustify additional arguments: 
[15.875s] -- Added test 'xmllint' to check XML markup files
[15.875s] -- Configuring done
[15.887s] -- Generating done
[15.889s] -- Build files have been written to: /home/nvidia/learn_ros/chapt3/topic_practice_ws/build/status_display
[15.910s] [ 50%] [32mBuilding CXX object CMakeFiles/hello_qt.dir/src/hello_qt.cpp.o[0m
[16.602s] [100%] [32m[1mLinking CXX executable hello_qt[0m
[17.173s] [100%] Built target hello_qt
[17.180s] Invoked command in '/home/nvidia/learn_ros/chapt3/topic_practice_ws/build/status_display' returned '0': CMAKE_PREFIX_PATH=${CMAKE_PREFIX_PATH}:/home/nvidia/learn_ros/chapt3/topic_practice_ws/install/status_pulisher:/opt/ros/humble /usr/bin/cmake --build /home/nvidia/learn_ros/chapt3/topic_practice_ws/build/status_display -- -j24 -l24
[17.181s] Invoking command in '/home/nvidia/learn_ros/chapt3/topic_practice_ws/build/status_display': CMAKE_PREFIX_PATH=${CMAKE_PREFIX_PATH}:/home/nvidia/learn_ros/chapt3/topic_practice_ws/install/status_pulisher:/opt/ros/humble /usr/bin/cmake --install /home/nvidia/learn_ros/chapt3/topic_practice_ws/build/status_display
[17.184s] -- Install configuration: ""
[17.185s] -- Installing: /home/nvidia/learn_ros/chapt3/topic_practice_ws/install/status_display/lib/status_display/hello_qt
[17.185s] -- Installing: /home/nvidia/learn_ros/chapt3/topic_practice_ws/install/status_display/share/ament_index/resource_index/package_run_dependencies/status_display
[17.185s] -- Installing: /home/nvidia/learn_ros/chapt3/topic_practice_ws/install/status_display/share/ament_index/resource_index/parent_prefix_path/status_display
[17.186s] -- Installing: /home/nvidia/learn_ros/chapt3/topic_practice_ws/install/status_display/share/status_display/environment/ament_prefix_path.sh
[17.186s] -- Installing: /home/nvidia/learn_ros/chapt3/topic_practice_ws/install/status_display/share/status_display/environment/ament_prefix_path.dsv
[17.186s] -- Installing: /home/nvidia/learn_ros/chapt3/topic_practice_ws/install/status_display/share/status_display/environment/path.sh
[17.186s] -- Installing: /home/nvidia/learn_ros/chapt3/topic_practice_ws/install/status_display/share/status_display/environment/path.dsv
[17.186s] -- Installing: /home/nvidia/learn_ros/chapt3/topic_practice_ws/install/status_display/share/status_display/local_setup.bash
[17.186s] -- Installing: /home/nvidia/learn_ros/chapt3/topic_practice_ws/install/status_display/share/status_display/local_setup.sh
[17.186s] -- Installing: /home/nvidia/learn_ros/chapt3/topic_practice_ws/install/status_display/share/status_display/local_setup.zsh
[17.186s] -- Installing: /home/nvidia/learn_ros/chapt3/topic_practice_ws/install/status_display/share/status_display/local_setup.dsv
[17.186s] -- Installing: /home/nvidia/learn_ros/chapt3/topic_practice_ws/install/status_display/share/status_display/package.dsv
[17.186s] -- Installing: /home/nvidia/learn_ros/chapt3/topic_practice_ws/install/status_display/share/ament_index/resource_index/packages/status_display
[17.186s] -- Installing: /home/nvidia/learn_ros/chapt3/topic_practice_ws/install/status_display/share/status_display/cmake/status_displayConfig.cmake
[17.187s] -- Installing: /home/nvidia/learn_ros/chapt3/topic_practice_ws/install/status_display/share/status_display/cmake/status_displayConfig-version.cmake
[17.187s] -- Installing: /home/nvidia/learn_ros/chapt3/topic_practice_ws/install/status_display/share/status_display/package.xml
[17.188s] Invoked command in '/home/nvidia/learn_ros/chapt3/topic_practice_ws/build/status_display' returned '0': CMAKE_PREFIX_PATH=${CMAKE_PREFIX_PATH}:/home/nvidia/learn_ros/chapt3/topic_practice_ws/install/status_pulisher:/opt/ros/humble /usr/bin/cmake --install /home/nvidia/learn_ros/chapt3/topic_practice_ws/build/status_display
