-- Found ament_cmake: 1.3.14 (/opt/ros/humble/share/ament_cmake/cmake)
-- Found rclcpp: 16.0.21 (/opt/ros/humble/share/rclcpp/cmake)
-- Found rosidl_generator_c: 3.1.9 (/opt/ros/humble/share/rosidl_generator_c/cmake)
-- Found rosidl_adapter: 3.1.9 (/opt/ros/humble/share/rosidl_adapter/cmake)
-- Found rosidl_generator_cpp: 3.1.9 (/opt/ros/humble/share/rosidl_generator_cpp/cmake)
-- Using all available rosidl_typesupport_c: rosidl_typesupport_fastrtps_c;rosidl_typesupport_introspection_c
-- Using all available rosidl_typesupport_cpp: rosidl_typesupport_fastrtps_cpp;rosidl_typesupport_introspection_cpp
-- Found rmw_implementation_cmake: 6.1.4 (/opt/ros/humble/share/rmw_implementation_cmake/cmake)
-- Found rmw_fastrtps_cpp: 6.2.10 (/opt/ros/humble/share/rmw_fastrtps_cpp/cmake)
-- Using RMW implementation 'rmw_fastrtps_cpp' as default
-- Found ament_lint_auto: 0.12.15 (/opt/ros/humble/share/ament_lint_auto/cmake)
-- Added test 'cppcheck' to perform static code analysis on C / C++ code
-- Configured cppcheck include dirs: 
-- Configured cppcheck exclude dirs and/or files: 
-- Added test 'lint_cmake' to check CMake code style
-- Added test 'uncrustify' to check C / C++ code style
-- Configured uncrustify additional arguments: 
-- Added test 'xmllint' to check XML markup files
-- Configuring done
-- Generating done
-- Build files have been written to: /home/nvidia/learn_ros/chapt2/chapt2_ws/build/demo_cpp_pkg
[35m[1mConsolidate compiler generated dependencies of target learn_lambda[0m
[35m[1mConsolidate compiler generated dependencies of target learn_auto[0m
[35m[1mConsolidate compiler generated dependencies of target learn_share_ptr[0m
[35m[1mConsolidate compiler generated dependencies of target cpp_node[0m
[35m[1mConsolidate compiler generated dependencies of target person_node[0m
[ 50%] Built target learn_share_ptr
[ 50%] Built target learn_lambda
[ 50%] Built target learn_auto
[ 58%] [32mBuilding CXX object CMakeFiles/learn_functional.dir/src/learn_functional.cpp.o[0m
[ 91%] Built target person_node
[ 91%] Built target cpp_node
[01m[K/home/nvidia/learn_ros/chapt2/chapt2_ws/src/demo_cpp_pkg/src/learn_functional.cpp:19:5:[m[K [01;31m[Kerror: [m[Kexpected unqualified-id before ‘[01m[K-[m[K’ token
   19 |     [01;31m[K-[m[KFileSave()=default;
      |     [01;31m[K^[m[K
gmake[2]: *** [CMakeFiles/learn_functional.dir/build.make:76：CMakeFiles/learn_functional.dir/src/learn_functional.cpp.o] 错误 1
gmake[1]: *** [CMakeFiles/Makefile2:277：CMakeFiles/learn_functional.dir/all] 错误 2
gmake: *** [Makefile:146：all] 错误 2
