[0.008s] Invoking command in '/home/nvidia/learn_ros/chapt2/chapt2_ws/build/demo_cpp_pkg': CMAKE_PREFIX_PATH=${CMAKE_PREFIX_PATH}:/home/nvidia/learn_ros/chapt2/chapt2_ws/install/demo_python_pkg:/opt/ros/humble /usr/bin/cmake --build /home/nvidia/learn_ros/chapt2/chapt2_ws/build/demo_cpp_pkg -- -j24 -l24
[0.023s] -- Found ament_cmake: 1.3.14 (/opt/ros/humble/share/ament_cmake/cmake)
[0.101s] -- Found rclcpp: 16.0.21 (/opt/ros/humble/share/rclcpp/cmake)
[0.432s] -- Found rosidl_generator_c: 3.1.9 (/opt/ros/humble/share/rosidl_generator_c/cmake)
[0.433s] -- Found rosidl_adapter: 3.1.9 (/opt/ros/humble/share/rosidl_adapter/cmake)
[0.437s] -- Found rosidl_generator_cpp: 3.1.9 (/opt/ros/humble/share/rosidl_generator_cpp/cmake)
[0.443s] -- Using all available rosidl_typesupport_c: rosidl_typesupport_fastrtps_c;rosidl_typesupport_introspection_c
[0.450s] -- Using all available rosidl_typesupport_cpp: rosidl_typesupport_fastrtps_cpp;rosidl_typesupport_introspection_cpp
[0.469s] -- Found rmw_implementation_cmake: 6.1.4 (/opt/ros/humble/share/rmw_implementation_cmake/cmake)
[0.470s] -- Found rmw_fastrtps_cpp: 6.2.10 (/opt/ros/humble/share/rmw_fastrtps_cpp/cmake)
[15.099s] -- Using RMW implementation 'rmw_fastrtps_cpp' as default
[15.129s] -- Found ament_lint_auto: 0.12.15 (/opt/ros/humble/share/ament_lint_auto/cmake)
[15.176s] -- Added test 'cppcheck' to perform static code analysis on C / C++ code
[15.176s] -- Configured cppcheck include dirs: 
[15.176s] -- Configured cppcheck exclude dirs and/or files: 
[15.177s] -- Added test 'lint_cmake' to check CMake code style
[15.179s] -- Added test 'uncrustify' to check C / C++ code style
[15.179s] -- Configured uncrustify additional arguments: 
[15.179s] -- Added test 'xmllint' to check XML markup files
[15.180s] -- Configuring done
[15.192s] -- Generating done
[15.197s] -- Build files have been written to: /home/nvidia/learn_ros/chapt2/chapt2_ws/build/demo_cpp_pkg
[15.215s] [35m[1mConsolidate compiler generated dependencies of target learn_lambda[0m
[15.215s] [35m[1mConsolidate compiler generated dependencies of target learn_auto[0m
[15.215s] [35m[1mConsolidate compiler generated dependencies of target learn_share_ptr[0m
[15.215s] [35m[1mConsolidate compiler generated dependencies of target cpp_node[0m
[15.215s] [35m[1mConsolidate compiler generated dependencies of target person_node[0m
[15.222s] [ 50%] Built target learn_share_ptr
[15.223s] [ 50%] Built target learn_lambda
[15.223s] [ 50%] Built target learn_auto
[15.223s] [ 58%] [32mBuilding CXX object CMakeFiles/learn_functional.dir/src/learn_functional.cpp.o[0m
[15.227s] [ 91%] Built target person_node
[15.227s] [ 91%] Built target cpp_node
[15.422s] [01m[K/home/nvidia/learn_ros/chapt2/chapt2_ws/src/demo_cpp_pkg/src/learn_functional.cpp:19:5:[m[K [01;31m[Kerror: [m[Kexpected unqualified-id before ‘[01m[K-[m[K’ token
[15.422s]    19 |     [01;31m[K-[m[KFileSave()=default;
[15.422s]       |     [01;31m[K^[m[K
[15.467s] gmake[2]: *** [CMakeFiles/learn_functional.dir/build.make:76：CMakeFiles/learn_functional.dir/src/learn_functional.cpp.o] 错误 1
[15.468s] gmake[1]: *** [CMakeFiles/Makefile2:277：CMakeFiles/learn_functional.dir/all] 错误 2
[15.468s] gmake: *** [Makefile:146：all] 错误 2
[15.470s] Invoked command in '/home/nvidia/learn_ros/chapt2/chapt2_ws/build/demo_cpp_pkg' returned '2': CMAKE_PREFIX_PATH=${CMAKE_PREFIX_PATH}:/home/nvidia/learn_ros/chapt2/chapt2_ws/install/demo_python_pkg:/opt/ros/humble /usr/bin/cmake --build /home/nvidia/learn_ros/chapt2/chapt2_ws/build/demo_cpp_pkg -- -j24 -l24
