[0.010s] Invoking command in '/home/nvidia/learn_ros/chapt3/topic_practice_ws/build/status_interfaces': CMAKE_PREFIX_PATH=/opt/ros/humble /usr/bin/cmake /home/nvidia/learn_ros/chapt3/topic_practice_ws/src/status_interfaces -DCMAKE_INSTALL_PREFIX=/home/nvidia/learn_ros/chapt3/topic_practice_ws/install/status_interfaces
[0.430s] -- The C compiler identification is GNU 11.4.0
[1.916s] -- The CXX compiler identification is GNU 11.4.0
[2.987s] -- Detecting C compiler ABI info
[3.372s] -- Detecting C compiler ABI info - done
[3.376s] -- Check for working C compiler: /usr/bin/cc - skipped
[3.376s] -- Detecting C compile features
[3.377s] -- Detecting C compile features - done
[3.381s] -- Detecting CXX compiler ABI info
[3.772s] -- Detecting CXX compiler ABI info - done
[3.777s] -- Check for working CXX compiler: /usr/bin/c++ - skipped
[3.777s] -- Detecting CXX compile features
[3.777s] -- Detecting CXX compile features - done
[3.789s] -- Found ament_cmake: 1.3.14 (/opt/ros/humble/share/ament_cmake/cmake)
[3.887s] -- Found Python3: /usr/bin/python3 (found version "3.10.12") found components: Interpreter 
[3.964s] -- Found builtin_interfaces: 1.2.3 (/opt/ros/humble/share/builtin_interfaces/cmake)
[4.341s] -- Found rosidl_generator_c: 3.1.9 (/opt/ros/humble/share/rosidl_generator_c/cmake)
[4.347s] -- Found rosidl_adapter: 3.1.9 (/opt/ros/humble/share/rosidl_adapter/cmake)
[4.356s] -- Found rosidl_generator_cpp: 3.1.9 (/opt/ros/humble/share/rosidl_generator_cpp/cmake)
[4.372s] -- Using all available rosidl_typesupport_c: rosidl_typesupport_fastrtps_c;rosidl_typesupport_introspection_c
[4.388s] -- Using all available rosidl_typesupport_cpp: rosidl_typesupport_fastrtps_cpp;rosidl_typesupport_introspection_cpp
[4.401s] -- Found rosidl_default_generators: 1.2.1 (/opt/ros/humble/share/rosidl_default_generators/cmake)
[4.414s] [31mCMake Error at /opt/ros/humble/share/rosidl_cmake/cmake/rosidl_generate_interfaces.cmake:93 (message):
[4.414s]   rosidl_generate_interfaces() the passed file 'msg/SystemStatus.msg' doesn't
[4.414s]   exist relative to the CMAKE_CURRENT_SOURCE_DIR
[4.414s]   '/home/nvidia/learn_ros/chapt3/topic_practice_ws/src/status_interfaces'
[4.414s] Call Stack (most recent call first):
[4.414s]   CMakeLists.txt:14 (rosidl_generate_interfaces)
[4.414s] 
[4.414s] [0m
[4.414s] -- Configuring incomplete, errors occurred!
[4.414s] See also "/home/nvidia/learn_ros/chapt3/topic_practice_ws/build/status_interfaces/CMakeFiles/CMakeOutput.log".
[4.419s] Invoked command in '/home/nvidia/learn_ros/chapt3/topic_practice_ws/build/status_interfaces' returned '1': CMAKE_PREFIX_PATH=/opt/ros/humble /usr/bin/cmake /home/nvidia/learn_ros/chapt3/topic_practice_ws/src/status_interfaces -DCMAKE_INSTALL_PREFIX=/home/nvidia/learn_ros/chapt3/topic_practice_ws/install/status_interfaces
