running egg_info
creating ../../build/status_pulisher/status_pulisher.egg-info
writing ../../build/status_pulisher/status_pulisher.egg-info/PKG-INFO
writing dependency_links to ../../build/status_pulisher/status_pulisher.egg-info/dependency_links.txt
writing entry points to ../../build/status_pulisher/status_pulisher.egg-info/entry_points.txt
writing requirements to ../../build/status_pulisher/status_pulisher.egg-info/requires.txt
writing top-level names to ../../build/status_pulisher/status_pulisher.egg-info/top_level.txt
writing manifest file '../../build/status_pulisher/status_pulisher.egg-info/SOURCES.txt'
reading manifest file '../../build/status_pulisher/status_pulisher.egg-info/SOURCES.txt'
adding license file 'LICENSE'
writing manifest file '../../build/status_pulisher/status_pulisher.egg-info/SOURCES.txt'
running build
running build_py
creating /home/nvidia/learn_ros/chapt3/topic_practice_ws/build/status_pulisher/build
creating /home/nvidia/learn_ros/chapt3/topic_practice_ws/build/status_pulisher/build/lib
creating /home/nvidia/learn_ros/chapt3/topic_practice_ws/build/status_pulisher/build/lib/status_pulisher
copying status_pulisher/sys_status_pub.py -> /home/nvidia/learn_ros/chapt3/topic_practice_ws/build/status_pulisher/build/lib/status_pulisher
copying status_pulisher/__init__.py -> /home/nvidia/learn_ros/chapt3/topic_practice_ws/build/status_pulisher/build/lib/status_pulisher
running install
running install_lib
creating /home/nvidia/learn_ros/chapt3/topic_practice_ws/install/status_pulisher/lib/python3.10/site-packages/status_pulisher
copying /home/nvidia/learn_ros/chapt3/topic_practice_ws/build/status_pulisher/build/lib/status_pulisher/sys_status_pub.py -> /home/nvidia/learn_ros/chapt3/topic_practice_ws/install/status_pulisher/lib/python3.10/site-packages/status_pulisher
copying /home/nvidia/learn_ros/chapt3/topic_practice_ws/build/status_pulisher/build/lib/status_pulisher/__init__.py -> /home/nvidia/learn_ros/chapt3/topic_practice_ws/install/status_pulisher/lib/python3.10/site-packages/status_pulisher
byte-compiling /home/nvidia/learn_ros/chapt3/topic_practice_ws/install/status_pulisher/lib/python3.10/site-packages/status_pulisher/sys_status_pub.py to sys_status_pub.cpython-310.pyc
byte-compiling /home/nvidia/learn_ros/chapt3/topic_practice_ws/install/status_pulisher/lib/python3.10/site-packages/status_pulisher/__init__.py to __init__.cpython-310.pyc
running install_data
creating /home/nvidia/learn_ros/chapt3/topic_practice_ws/install/status_pulisher/share/ament_index
creating /home/nvidia/learn_ros/chapt3/topic_practice_ws/install/status_pulisher/share/ament_index/resource_index
creating /home/nvidia/learn_ros/chapt3/topic_practice_ws/install/status_pulisher/share/ament_index/resource_index/packages
copying resource/status_pulisher -> /home/nvidia/learn_ros/chapt3/topic_practice_ws/install/status_pulisher/share/ament_index/resource_index/packages
copying package.xml -> /home/nvidia/learn_ros/chapt3/topic_practice_ws/install/status_pulisher/share/status_pulisher
running install_egg_info
Copying ../../build/status_pulisher/status_pulisher.egg-info to /home/nvidia/learn_ros/chapt3/topic_practice_ws/install/status_pulisher/lib/python3.10/site-packages/status_pulisher-0.0.0-py3.10.egg-info
running install_scripts
Installing sys_status_pub script to /home/nvidia/learn_ros/chapt3/topic_practice_ws/install/status_pulisher/lib/status_pulisher
writing list of installed files to '/home/nvidia/learn_ros/chapt3/topic_practice_ws/build/status_pulisher/install.log'
