[0.514s] DEBUG:colcon:Command line arguments: ['/usr/bin/colcon', 'build']
[0.514s] DEBUG:colcon:Parsed command line arguments: Namespace(log_base=None, log_level=None, verb_name='build', build_base='build', install_base='install', merge_install=False, symlink_install=False, test_result_base=None, continue_on_error=False, executor='parallel', parallel_workers=24, event_handlers=None, ignore_user_meta=False, metas=['./colcon.meta'], base_paths=['.'], packages_ignore=None, packages_ignore_regex=None, paths=None, packages_up_to=None, packages_up_to_regex=None, packages_above=None, packages_above_and_dependencies=None, packages_above_depth=None, packages_select_by_dep=None, packages_skip_by_dep=None, packages_skip_up_to=None, packages_select_build_failed=False, packages_skip_build_finished=False, packages_select_test_failures=False, packages_skip_test_passed=False, packages_select=None, packages_skip=None, packages_select_regex=None, packages_skip_regex=None, packages_start=None, packages_end=None, allow_overriding=[], cmake_args=None, cmake_target=None, cmake_target_skip_unavailable=False, cmake_clean_cache=False, cmake_clean_first=False, cmake_force_configure=False, ament_cmake_args=None, catkin_cmake_args=None, catkin_skip_building_tests=False, verb_parser=<colcon_defaults.argument_parser.defaults.DefaultArgumentsDecorator object at 0x7a0fc4e1fb50>, verb_extension=<colcon_core.verb.build.BuildVerb object at 0x7a0fc4e1f1c0>, main=<bound method BuildVerb.main of <colcon_core.verb.build.BuildVerb object at 0x7a0fc4e1f1c0>>)
[0.737s] Level 1:colcon.colcon_core.package_discovery:discover_packages(colcon_meta) check parameters
[0.737s] Level 1:colcon.colcon_core.package_discovery:discover_packages(recursive) check parameters
[0.737s] Level 1:colcon.colcon_core.package_discovery:discover_packages(ignore) check parameters
[0.737s] Level 1:colcon.colcon_core.package_discovery:discover_packages(path) check parameters
[0.737s] Level 1:colcon.colcon_core.package_discovery:discover_packages(colcon_meta) discover
[0.737s] Level 1:colcon.colcon_core.package_discovery:discover_packages(recursive) discover
[0.737s] INFO:colcon.colcon_core.package_discovery:Crawling recursively for packages in '/home/nvidia/learn_ros/chapt3/topic_practice_ws'
[0.737s] Level 1:colcon.colcon_core.package_identification:_identify(.) by extensions ['ignore', 'ignore_ament_install']
[0.737s] Level 1:colcon.colcon_core.package_identification:_identify(.) by extension 'ignore'
[0.737s] Level 1:colcon.colcon_core.package_identification:_identify(.) by extension 'ignore_ament_install'
[0.737s] Level 1:colcon.colcon_core.package_identification:_identify(.) by extensions ['colcon_pkg']
[0.737s] Level 1:colcon.colcon_core.package_identification:_identify(.) by extension 'colcon_pkg'
[0.737s] Level 1:colcon.colcon_core.package_identification:_identify(.) by extensions ['colcon_meta']
[0.737s] Level 1:colcon.colcon_core.package_identification:_identify(.) by extension 'colcon_meta'
[0.737s] Level 1:colcon.colcon_core.package_identification:_identify(.) by extensions ['ros']
[0.737s] Level 1:colcon.colcon_core.package_identification:_identify(.) by extension 'ros'
[0.745s] Level 1:colcon.colcon_core.package_identification:_identify(.) by extensions ['cmake', 'python']
[0.745s] Level 1:colcon.colcon_core.package_identification:_identify(.) by extension 'cmake'
[0.745s] Level 1:colcon.colcon_core.package_identification:_identify(.) by extension 'python'
[0.745s] Level 1:colcon.colcon_core.package_identification:_identify(.) by extensions ['python_setup_py']
[0.745s] Level 1:colcon.colcon_core.package_identification:_identify(.) by extension 'python_setup_py'
[0.745s] Level 1:colcon.colcon_core.package_identification:_identify(build) by extensions ['ignore', 'ignore_ament_install']
[0.745s] Level 1:colcon.colcon_core.package_identification:_identify(build) by extension 'ignore'
[0.745s] Level 1:colcon.colcon_core.package_identification:_identify(build) ignored
[0.745s] Level 1:colcon.colcon_core.package_identification:_identify(install) by extensions ['ignore', 'ignore_ament_install']
[0.746s] Level 1:colcon.colcon_core.package_identification:_identify(install) by extension 'ignore'
[0.746s] Level 1:colcon.colcon_core.package_identification:_identify(install) ignored
[0.746s] Level 1:colcon.colcon_core.package_identification:_identify(log) by extensions ['ignore', 'ignore_ament_install']
[0.746s] Level 1:colcon.colcon_core.package_identification:_identify(log) by extension 'ignore'
[0.746s] Level 1:colcon.colcon_core.package_identification:_identify(log) ignored
[0.746s] Level 1:colcon.colcon_core.package_identification:_identify(src) by extensions ['ignore', 'ignore_ament_install']
[0.746s] Level 1:colcon.colcon_core.package_identification:_identify(src) by extension 'ignore'
[0.746s] Level 1:colcon.colcon_core.package_identification:_identify(src) by extension 'ignore_ament_install'
[0.746s] Level 1:colcon.colcon_core.package_identification:_identify(src) by extensions ['colcon_pkg']
[0.746s] Level 1:colcon.colcon_core.package_identification:_identify(src) by extension 'colcon_pkg'
[0.746s] Level 1:colcon.colcon_core.package_identification:_identify(src) by extensions ['colcon_meta']
[0.746s] Level 1:colcon.colcon_core.package_identification:_identify(src) by extension 'colcon_meta'
[0.746s] Level 1:colcon.colcon_core.package_identification:_identify(src) by extensions ['ros']
[0.746s] Level 1:colcon.colcon_core.package_identification:_identify(src) by extension 'ros'
[0.746s] Level 1:colcon.colcon_core.package_identification:_identify(src) by extensions ['cmake', 'python']
[0.746s] Level 1:colcon.colcon_core.package_identification:_identify(src) by extension 'cmake'
[0.746s] Level 1:colcon.colcon_core.package_identification:_identify(src) by extension 'python'
[0.746s] Level 1:colcon.colcon_core.package_identification:_identify(src) by extensions ['python_setup_py']
[0.746s] Level 1:colcon.colcon_core.package_identification:_identify(src) by extension 'python_setup_py'
[0.746s] Level 1:colcon.colcon_core.package_identification:_identify(src/status_display) by extensions ['ignore', 'ignore_ament_install']
[0.746s] Level 1:colcon.colcon_core.package_identification:_identify(src/status_display) by extension 'ignore'
[0.746s] Level 1:colcon.colcon_core.package_identification:_identify(src/status_display) by extension 'ignore_ament_install'
[0.746s] Level 1:colcon.colcon_core.package_identification:_identify(src/status_display) by extensions ['colcon_pkg']
[0.747s] Level 1:colcon.colcon_core.package_identification:_identify(src/status_display) by extension 'colcon_pkg'
[0.747s] Level 1:colcon.colcon_core.package_identification:_identify(src/status_display) by extensions ['colcon_meta']
[0.747s] Level 1:colcon.colcon_core.package_identification:_identify(src/status_display) by extension 'colcon_meta'
[0.747s] Level 1:colcon.colcon_core.package_identification:_identify(src/status_display) by extensions ['ros']
[0.747s] Level 1:colcon.colcon_core.package_identification:_identify(src/status_display) by extension 'ros'
[0.750s] DEBUG:colcon.colcon_core.package_identification:Package 'src/status_display' with type 'ros.ament_cmake' and name 'status_display'
[0.750s] Level 1:colcon.colcon_core.package_identification:_identify(src/status_interfaces) by extensions ['ignore', 'ignore_ament_install']
[0.750s] Level 1:colcon.colcon_core.package_identification:_identify(src/status_interfaces) by extension 'ignore'
[0.750s] Level 1:colcon.colcon_core.package_identification:_identify(src/status_interfaces) by extension 'ignore_ament_install'
[0.750s] Level 1:colcon.colcon_core.package_identification:_identify(src/status_interfaces) by extensions ['colcon_pkg']
[0.750s] Level 1:colcon.colcon_core.package_identification:_identify(src/status_interfaces) by extension 'colcon_pkg'
[0.750s] Level 1:colcon.colcon_core.package_identification:_identify(src/status_interfaces) by extensions ['colcon_meta']
[0.750s] Level 1:colcon.colcon_core.package_identification:_identify(src/status_interfaces) by extension 'colcon_meta'
[0.750s] Level 1:colcon.colcon_core.package_identification:_identify(src/status_interfaces) by extensions ['ros']
[0.750s] Level 1:colcon.colcon_core.package_identification:_identify(src/status_interfaces) by extension 'ros'
[0.751s] DEBUG:colcon.colcon_core.package_identification:Package 'src/status_interfaces' with type 'ros.ament_cmake' and name 'status_interfaces'
[0.751s] Level 1:colcon.colcon_core.package_identification:_identify(src/status_pulisher) by extensions ['ignore', 'ignore_ament_install']
[0.751s] Level 1:colcon.colcon_core.package_identification:_identify(src/status_pulisher) by extension 'ignore'
[0.751s] Level 1:colcon.colcon_core.package_identification:_identify(src/status_pulisher) by extension 'ignore_ament_install'
[0.751s] Level 1:colcon.colcon_core.package_identification:_identify(src/status_pulisher) by extensions ['colcon_pkg']
[0.751s] Level 1:colcon.colcon_core.package_identification:_identify(src/status_pulisher) by extension 'colcon_pkg'
[0.751s] Level 1:colcon.colcon_core.package_identification:_identify(src/status_pulisher) by extensions ['colcon_meta']
[0.751s] Level 1:colcon.colcon_core.package_identification:_identify(src/status_pulisher) by extension 'colcon_meta'
[0.751s] Level 1:colcon.colcon_core.package_identification:_identify(src/status_pulisher) by extensions ['ros']
[0.751s] Level 1:colcon.colcon_core.package_identification:_identify(src/status_pulisher) by extension 'ros'
[0.752s] DEBUG:colcon.colcon_core.package_identification:Package 'src/status_pulisher' with type 'ros.ament_python' and name 'status_pulisher'
[0.752s] Level 1:colcon.colcon_core.package_discovery:discover_packages(recursive) using defaults
[0.752s] Level 1:colcon.colcon_core.package_discovery:discover_packages(ignore) discover
[0.752s] Level 1:colcon.colcon_core.package_discovery:discover_packages(ignore) using defaults
[0.752s] Level 1:colcon.colcon_core.package_discovery:discover_packages(path) discover
[0.752s] Level 1:colcon.colcon_core.package_discovery:discover_packages(path) using defaults
[0.777s] Level 1:colcon.colcon_core.package_discovery:discover_packages(prefix_path) check parameters
[0.778s] Level 1:colcon.colcon_core.package_discovery:discover_packages(prefix_path) discover
[0.781s] DEBUG:colcon.colcon_installed_package_information.package_discovery:Found 2 installed packages in /home/nvidia/learn_ros/chapt3/topic_practice_ws/install
[0.783s] DEBUG:colcon.colcon_installed_package_information.package_discovery:Found 273 installed packages in /opt/ros/humble
[0.784s] Level 1:colcon.colcon_core.package_discovery:discover_packages(prefix_path) using defaults
[0.872s] Level 5:colcon.colcon_core.verb:set package 'status_interfaces' build argument 'cmake_args' from command line to 'None'
[0.872s] Level 5:colcon.colcon_core.verb:set package 'status_interfaces' build argument 'cmake_target' from command line to 'None'
[0.872s] Level 5:colcon.colcon_core.verb:set package 'status_interfaces' build argument 'cmake_target_skip_unavailable' from command line to 'False'
[0.872s] Level 5:colcon.colcon_core.verb:set package 'status_interfaces' build argument 'cmake_clean_cache' from command line to 'False'
[0.872s] Level 5:colcon.colcon_core.verb:set package 'status_interfaces' build argument 'cmake_clean_first' from command line to 'False'
[0.872s] Level 5:colcon.colcon_core.verb:set package 'status_interfaces' build argument 'cmake_force_configure' from command line to 'False'
[0.872s] Level 5:colcon.colcon_core.verb:set package 'status_interfaces' build argument 'ament_cmake_args' from command line to 'None'
[0.872s] Level 5:colcon.colcon_core.verb:set package 'status_interfaces' build argument 'catkin_cmake_args' from command line to 'None'
[0.872s] Level 5:colcon.colcon_core.verb:set package 'status_interfaces' build argument 'catkin_skip_building_tests' from command line to 'False'
[0.872s] DEBUG:colcon.colcon_core.verb:Building package 'status_interfaces' with the following arguments: {'ament_cmake_args': None, 'build_base': '/home/nvidia/learn_ros/chapt3/topic_practice_ws/build/status_interfaces', 'catkin_cmake_args': None, 'catkin_skip_building_tests': False, 'cmake_args': None, 'cmake_clean_cache': False, 'cmake_clean_first': False, 'cmake_force_configure': False, 'cmake_target': None, 'cmake_target_skip_unavailable': False, 'install_base': '/home/nvidia/learn_ros/chapt3/topic_practice_ws/install/status_interfaces', 'merge_install': False, 'path': '/home/nvidia/learn_ros/chapt3/topic_practice_ws/src/status_interfaces', 'symlink_install': False, 'test_result_base': None}
[0.872s] Level 5:colcon.colcon_core.verb:set package 'status_display' build argument 'cmake_args' from command line to 'None'
[0.872s] Level 5:colcon.colcon_core.verb:set package 'status_display' build argument 'cmake_target' from command line to 'None'
[0.872s] Level 5:colcon.colcon_core.verb:set package 'status_display' build argument 'cmake_target_skip_unavailable' from command line to 'False'
[0.872s] Level 5:colcon.colcon_core.verb:set package 'status_display' build argument 'cmake_clean_cache' from command line to 'False'
[0.872s] Level 5:colcon.colcon_core.verb:set package 'status_display' build argument 'cmake_clean_first' from command line to 'False'
[0.872s] Level 5:colcon.colcon_core.verb:set package 'status_display' build argument 'cmake_force_configure' from command line to 'False'
[0.872s] Level 5:colcon.colcon_core.verb:set package 'status_display' build argument 'ament_cmake_args' from command line to 'None'
[0.872s] Level 5:colcon.colcon_core.verb:set package 'status_display' build argument 'catkin_cmake_args' from command line to 'None'
[0.872s] Level 5:colcon.colcon_core.verb:set package 'status_display' build argument 'catkin_skip_building_tests' from command line to 'False'
[0.872s] DEBUG:colcon.colcon_core.verb:Building package 'status_display' with the following arguments: {'ament_cmake_args': None, 'build_base': '/home/nvidia/learn_ros/chapt3/topic_practice_ws/build/status_display', 'catkin_cmake_args': None, 'catkin_skip_building_tests': False, 'cmake_args': None, 'cmake_clean_cache': False, 'cmake_clean_first': False, 'cmake_force_configure': False, 'cmake_target': None, 'cmake_target_skip_unavailable': False, 'install_base': '/home/nvidia/learn_ros/chapt3/topic_practice_ws/install/status_display', 'merge_install': False, 'path': '/home/nvidia/learn_ros/chapt3/topic_practice_ws/src/status_display', 'symlink_install': False, 'test_result_base': None}
[0.873s] Level 5:colcon.colcon_core.verb:set package 'status_pulisher' build argument 'cmake_args' from command line to 'None'
[0.873s] Level 5:colcon.colcon_core.verb:set package 'status_pulisher' build argument 'cmake_target' from command line to 'None'
[0.873s] Level 5:colcon.colcon_core.verb:set package 'status_pulisher' build argument 'cmake_target_skip_unavailable' from command line to 'False'
[0.873s] Level 5:colcon.colcon_core.verb:set package 'status_pulisher' build argument 'cmake_clean_cache' from command line to 'False'
[0.873s] Level 5:colcon.colcon_core.verb:set package 'status_pulisher' build argument 'cmake_clean_first' from command line to 'False'
[0.873s] Level 5:colcon.colcon_core.verb:set package 'status_pulisher' build argument 'cmake_force_configure' from command line to 'False'
[0.873s] Level 5:colcon.colcon_core.verb:set package 'status_pulisher' build argument 'ament_cmake_args' from command line to 'None'
[0.873s] Level 5:colcon.colcon_core.verb:set package 'status_pulisher' build argument 'catkin_cmake_args' from command line to 'None'
[0.873s] Level 5:colcon.colcon_core.verb:set package 'status_pulisher' build argument 'catkin_skip_building_tests' from command line to 'False'
[0.873s] DEBUG:colcon.colcon_core.verb:Building package 'status_pulisher' with the following arguments: {'ament_cmake_args': None, 'build_base': '/home/nvidia/learn_ros/chapt3/topic_practice_ws/build/status_pulisher', 'catkin_cmake_args': None, 'catkin_skip_building_tests': False, 'cmake_args': None, 'cmake_clean_cache': False, 'cmake_clean_first': False, 'cmake_force_configure': False, 'cmake_target': None, 'cmake_target_skip_unavailable': False, 'install_base': '/home/nvidia/learn_ros/chapt3/topic_practice_ws/install/status_pulisher', 'merge_install': False, 'path': '/home/nvidia/learn_ros/chapt3/topic_practice_ws/src/status_pulisher', 'symlink_install': False, 'test_result_base': None}
[0.873s] INFO:colcon.colcon_core.executor:Executing jobs using 'parallel' executor
[0.874s] DEBUG:colcon.colcon_parallel_executor.executor.parallel:run_until_complete
[0.874s] INFO:colcon.colcon_ros.task.ament_cmake.build:Building ROS package in '/home/nvidia/learn_ros/chapt3/topic_practice_ws/src/status_interfaces' with build type 'ament_cmake'
[0.874s] INFO:colcon.colcon_cmake.task.cmake.build:Building CMake package in '/home/nvidia/learn_ros/chapt3/topic_practice_ws/src/status_interfaces'
[0.880s] INFO:colcon.colcon_core.plugin_system:Skipping extension 'colcon_core.shell.bat': Not used on non-Windows systems
[0.880s] INFO:colcon.colcon_core.shell:Skip shell extension 'powershell' for command environment: Not usable outside of PowerShell
[0.880s] DEBUG:colcon.colcon_core.shell:Skip shell extension 'dsv' for command environment
[0.887s] DEBUG:colcon.colcon_core.event_handler.log_command:Invoking command in '/home/nvidia/learn_ros/chapt3/topic_practice_ws/build/status_interfaces': CMAKE_PREFIX_PATH=${CMAKE_PREFIX_PATH}:/home/nvidia/learn_ros/chapt3/topic_practice_ws/install/status_pulisher:/opt/ros/humble /usr/bin/cmake --build /home/nvidia/learn_ros/chapt3/topic_practice_ws/build/status_interfaces -- -j24 -l24
[1.150s] DEBUG:colcon.colcon_core.event_handler.log_command:Invoked command in '/home/nvidia/learn_ros/chapt3/topic_practice_ws/build/status_interfaces' returned '0': CMAKE_PREFIX_PATH=${CMAKE_PREFIX_PATH}:/home/nvidia/learn_ros/chapt3/topic_practice_ws/install/status_pulisher:/opt/ros/humble /usr/bin/cmake --build /home/nvidia/learn_ros/chapt3/topic_practice_ws/build/status_interfaces -- -j24 -l24
[1.158s] DEBUG:colcon.colcon_core.event_handler.log_command:Invoking command in '/home/nvidia/learn_ros/chapt3/topic_practice_ws/build/status_interfaces': CMAKE_PREFIX_PATH=${CMAKE_PREFIX_PATH}:/home/nvidia/learn_ros/chapt3/topic_practice_ws/install/status_pulisher:/opt/ros/humble /usr/bin/cmake --install /home/nvidia/learn_ros/chapt3/topic_practice_ws/build/status_interfaces
[1.201s] Level 1:colcon.colcon_core.environment:create_environment_scripts_only(status_interfaces)
[1.202s] DEBUG:colcon.colcon_core.event_handler.log_command:Invoked command in '/home/nvidia/learn_ros/chapt3/topic_practice_ws/build/status_interfaces' returned '0': CMAKE_PREFIX_PATH=${CMAKE_PREFIX_PATH}:/home/nvidia/learn_ros/chapt3/topic_practice_ws/install/status_pulisher:/opt/ros/humble /usr/bin/cmake --install /home/nvidia/learn_ros/chapt3/topic_practice_ws/build/status_interfaces
[1.207s] Level 1:colcon.colcon_core.environment:checking '/home/nvidia/learn_ros/chapt3/topic_practice_ws/install/status_interfaces' for CMake module files
[1.208s] Level 1:colcon.colcon_core.environment:checking '/home/nvidia/learn_ros/chapt3/topic_practice_ws/install/status_interfaces' for CMake config files
[1.208s] Level 1:colcon.colcon_core.shell:create_environment_hook('status_interfaces', 'cmake_prefix_path')
[1.208s] INFO:colcon.colcon_core.shell:Creating environment hook '/home/nvidia/learn_ros/chapt3/topic_practice_ws/install/status_interfaces/share/status_interfaces/hook/cmake_prefix_path.ps1'
[1.209s] INFO:colcon.colcon_core.shell:Creating environment descriptor '/home/nvidia/learn_ros/chapt3/topic_practice_ws/install/status_interfaces/share/status_interfaces/hook/cmake_prefix_path.dsv'
[1.210s] INFO:colcon.colcon_core.shell:Creating environment hook '/home/nvidia/learn_ros/chapt3/topic_practice_ws/install/status_interfaces/share/status_interfaces/hook/cmake_prefix_path.sh'
[1.211s] Level 1:colcon.colcon_core.environment:checking '/home/nvidia/learn_ros/chapt3/topic_practice_ws/install/status_interfaces/lib'
[1.211s] Level 1:colcon.colcon_core.shell:create_environment_hook('status_interfaces', 'ld_library_path_lib')
[1.211s] INFO:colcon.colcon_core.shell:Creating environment hook '/home/nvidia/learn_ros/chapt3/topic_practice_ws/install/status_interfaces/share/status_interfaces/hook/ld_library_path_lib.ps1'
[1.212s] INFO:colcon.colcon_core.shell:Creating environment descriptor '/home/nvidia/learn_ros/chapt3/topic_practice_ws/install/status_interfaces/share/status_interfaces/hook/ld_library_path_lib.dsv'
[1.212s] INFO:colcon.colcon_core.shell:Creating environment hook '/home/nvidia/learn_ros/chapt3/topic_practice_ws/install/status_interfaces/share/status_interfaces/hook/ld_library_path_lib.sh'
[1.212s] Level 1:colcon.colcon_core.environment:checking '/home/nvidia/learn_ros/chapt3/topic_practice_ws/install/status_interfaces/bin'
[1.212s] Level 1:colcon.colcon_core.environment:checking '/home/nvidia/learn_ros/chapt3/topic_practice_ws/install/status_interfaces/lib/pkgconfig/status_interfaces.pc'
[1.212s] Level 1:colcon.colcon_core.environment:checking '/home/nvidia/learn_ros/chapt3/topic_practice_ws/install/status_interfaces/lib/python3.10/site-packages'
[1.212s] Level 1:colcon.colcon_core.environment:checking '/home/nvidia/learn_ros/chapt3/topic_practice_ws/install/status_interfaces/bin'
[1.213s] INFO:colcon.colcon_core.shell:Creating package script '/home/nvidia/learn_ros/chapt3/topic_practice_ws/install/status_interfaces/share/status_interfaces/package.ps1'
[1.214s] INFO:colcon.colcon_core.shell:Creating package descriptor '/home/nvidia/learn_ros/chapt3/topic_practice_ws/install/status_interfaces/share/status_interfaces/package.dsv'
[1.214s] INFO:colcon.colcon_core.shell:Creating package script '/home/nvidia/learn_ros/chapt3/topic_practice_ws/install/status_interfaces/share/status_interfaces/package.sh'
[1.215s] INFO:colcon.colcon_core.shell:Creating package script '/home/nvidia/learn_ros/chapt3/topic_practice_ws/install/status_interfaces/share/status_interfaces/package.bash'
[1.216s] INFO:colcon.colcon_core.shell:Creating package script '/home/nvidia/learn_ros/chapt3/topic_practice_ws/install/status_interfaces/share/status_interfaces/package.zsh'
[1.217s] Level 1:colcon.colcon_core.environment:create_file_with_runtime_dependencies(/home/nvidia/learn_ros/chapt3/topic_practice_ws/install/status_interfaces/share/colcon-core/packages/status_interfaces)
[1.217s] Level 1:colcon.colcon_core.environment:create_environment_scripts_only(status_interfaces)
[1.217s] Level 1:colcon.colcon_core.environment:checking '/home/nvidia/learn_ros/chapt3/topic_practice_ws/install/status_interfaces' for CMake module files
[1.217s] Level 1:colcon.colcon_core.environment:checking '/home/nvidia/learn_ros/chapt3/topic_practice_ws/install/status_interfaces' for CMake config files
[1.218s] Level 1:colcon.colcon_core.shell:create_environment_hook('status_interfaces', 'cmake_prefix_path')
[1.218s] INFO:colcon.colcon_core.shell:Creating environment hook '/home/nvidia/learn_ros/chapt3/topic_practice_ws/install/status_interfaces/share/status_interfaces/hook/cmake_prefix_path.ps1'
[1.218s] INFO:colcon.colcon_core.shell:Creating environment descriptor '/home/nvidia/learn_ros/chapt3/topic_practice_ws/install/status_interfaces/share/status_interfaces/hook/cmake_prefix_path.dsv'
[1.218s] INFO:colcon.colcon_core.shell:Creating environment hook '/home/nvidia/learn_ros/chapt3/topic_practice_ws/install/status_interfaces/share/status_interfaces/hook/cmake_prefix_path.sh'
[1.219s] Level 1:colcon.colcon_core.environment:checking '/home/nvidia/learn_ros/chapt3/topic_practice_ws/install/status_interfaces/lib'
[1.219s] Level 1:colcon.colcon_core.shell:create_environment_hook('status_interfaces', 'ld_library_path_lib')
[1.219s] INFO:colcon.colcon_core.shell:Creating environment hook '/home/nvidia/learn_ros/chapt3/topic_practice_ws/install/status_interfaces/share/status_interfaces/hook/ld_library_path_lib.ps1'
[1.219s] INFO:colcon.colcon_core.shell:Creating environment descriptor '/home/nvidia/learn_ros/chapt3/topic_practice_ws/install/status_interfaces/share/status_interfaces/hook/ld_library_path_lib.dsv'
[1.219s] INFO:colcon.colcon_core.shell:Creating environment hook '/home/nvidia/learn_ros/chapt3/topic_practice_ws/install/status_interfaces/share/status_interfaces/hook/ld_library_path_lib.sh'
[1.219s] Level 1:colcon.colcon_core.environment:checking '/home/nvidia/learn_ros/chapt3/topic_practice_ws/install/status_interfaces/bin'
[1.220s] Level 1:colcon.colcon_core.environment:checking '/home/nvidia/learn_ros/chapt3/topic_practice_ws/install/status_interfaces/lib/pkgconfig/status_interfaces.pc'
[1.220s] Level 1:colcon.colcon_core.environment:checking '/home/nvidia/learn_ros/chapt3/topic_practice_ws/install/status_interfaces/lib/python3.10/site-packages'
[1.220s] Level 1:colcon.colcon_core.environment:checking '/home/nvidia/learn_ros/chapt3/topic_practice_ws/install/status_interfaces/bin'
[1.220s] INFO:colcon.colcon_core.shell:Creating package script '/home/nvidia/learn_ros/chapt3/topic_practice_ws/install/status_interfaces/share/status_interfaces/package.ps1'
[1.221s] INFO:colcon.colcon_core.shell:Creating package descriptor '/home/nvidia/learn_ros/chapt3/topic_practice_ws/install/status_interfaces/share/status_interfaces/package.dsv'
[1.221s] INFO:colcon.colcon_core.shell:Creating package script '/home/nvidia/learn_ros/chapt3/topic_practice_ws/install/status_interfaces/share/status_interfaces/package.sh'
[1.221s] INFO:colcon.colcon_core.shell:Creating package script '/home/nvidia/learn_ros/chapt3/topic_practice_ws/install/status_interfaces/share/status_interfaces/package.bash'
[1.221s] INFO:colcon.colcon_core.shell:Creating package script '/home/nvidia/learn_ros/chapt3/topic_practice_ws/install/status_interfaces/share/status_interfaces/package.zsh'
[1.222s] Level 1:colcon.colcon_core.environment:create_file_with_runtime_dependencies(/home/nvidia/learn_ros/chapt3/topic_practice_ws/install/status_interfaces/share/colcon-core/packages/status_interfaces)
[1.222s] INFO:colcon.colcon_ros.task.ament_cmake.build:Building ROS package in '/home/nvidia/learn_ros/chapt3/topic_practice_ws/src/status_display' with build type 'ament_cmake'
[1.222s] INFO:colcon.colcon_cmake.task.cmake.build:Building CMake package in '/home/nvidia/learn_ros/chapt3/topic_practice_ws/src/status_display'
[1.222s] INFO:colcon.colcon_core.shell:Skip shell extension 'powershell' for command environment: Not usable outside of PowerShell
[1.222s] DEBUG:colcon.colcon_core.shell:Skip shell extension 'dsv' for command environment
[1.226s] INFO:colcon.colcon_ros.task.ament_python.build:Building ROS package in '/home/nvidia/learn_ros/chapt3/topic_practice_ws/src/status_pulisher' with build type 'ament_python'
[1.226s] Level 1:colcon.colcon_core.shell:create_environment_hook('status_pulisher', 'ament_prefix_path')
[1.226s] INFO:colcon.colcon_core.shell:Creating environment hook '/home/nvidia/learn_ros/chapt3/topic_practice_ws/install/status_pulisher/share/status_pulisher/hook/ament_prefix_path.ps1'
[1.226s] INFO:colcon.colcon_core.shell:Creating environment descriptor '/home/nvidia/learn_ros/chapt3/topic_practice_ws/install/status_pulisher/share/status_pulisher/hook/ament_prefix_path.dsv'
[1.226s] INFO:colcon.colcon_core.shell:Creating environment hook '/home/nvidia/learn_ros/chapt3/topic_practice_ws/install/status_pulisher/share/status_pulisher/hook/ament_prefix_path.sh'
[1.227s] INFO:colcon.colcon_core.shell:Skip shell extension 'powershell' for command environment: Not usable outside of PowerShell
[1.227s] DEBUG:colcon.colcon_core.shell:Skip shell extension 'dsv' for command environment
[1.521s] DEBUG:colcon.colcon_core.event_handler.log_command:Invoking command in '/home/nvidia/learn_ros/chapt3/topic_practice_ws/build/status_display': CMAKE_PREFIX_PATH=${CMAKE_PREFIX_PATH}:/home/nvidia/learn_ros/chapt3/topic_practice_ws/install/status_pulisher:/opt/ros/humble /usr/bin/cmake /home/nvidia/learn_ros/chapt3/topic_practice_ws/src/status_display -DCMAKE_INSTALL_PREFIX=/home/nvidia/learn_ros/chapt3/topic_practice_ws/install/status_display
[1.657s] INFO:colcon.colcon_core.task.python.build:Building Python package in '/home/nvidia/learn_ros/chapt3/topic_practice_ws/src/status_pulisher'
[1.657s] INFO:colcon.colcon_core.shell:Skip shell extension 'powershell' for command environment: Not usable outside of PowerShell
[1.657s] DEBUG:colcon.colcon_core.shell:Skip shell extension 'dsv' for command environment
[2.380s] DEBUG:colcon.colcon_core.task.python.build:Available setuptools commands: install_scripts, alias, install_lib, install_headers, build, build_ext, extract_messages, bdist_wheel, dist_info, compile_catalog, build_py, update_catalog, upload, install_egg_info, check, build_clib, install_data, bdist_egg, saveopts, symlink_data, init_catalog, bdist_rpm, develop, sdist, register, clean, build_scripts, bdist, upload_docs, easy_install, egg_info, rotate, install, test, setopt, bdist_dumb
[2.383s] DEBUG:colcon.colcon_core.event_handler.log_command:Invoking command in '/home/nvidia/learn_ros/chapt3/topic_practice_ws/src/status_pulisher': PYTHONPATH=/home/nvidia/learn_ros/chapt3/topic_practice_ws/build/status_pulisher/prefix_override:/usr/lib/python3/dist-packages/colcon_core/task/python/colcon_distutils_commands:/home/nvidia/learn_ros/chapt3/topic_practice_ws/install/status_pulisher/lib/python3.10/site-packages:${PYTHONPATH} /usr/bin/python3 -W ignore:setup.py install is deprecated -W ignore:easy_install command is deprecated setup.py egg_info --egg-base ../../build/status_pulisher build --build-base /home/nvidia/learn_ros/chapt3/topic_practice_ws/build/status_pulisher/build install --record /home/nvidia/learn_ros/chapt3/topic_practice_ws/build/status_pulisher/install.log --install-scripts $base/lib/status_pulisher --single-version-externally-managed install_data
[2.540s] Level 1:colcon.colcon_core.environment:checking '/home/nvidia/learn_ros/chapt3/topic_practice_ws/install/status_pulisher' for CMake module files
[2.541s] DEBUG:colcon.colcon_core.event_handler.log_command:Invoked command in '/home/nvidia/learn_ros/chapt3/topic_practice_ws/src/status_pulisher' returned '0': PYTHONPATH=/home/nvidia/learn_ros/chapt3/topic_practice_ws/build/status_pulisher/prefix_override:/usr/lib/python3/dist-packages/colcon_core/task/python/colcon_distutils_commands:/home/nvidia/learn_ros/chapt3/topic_practice_ws/install/status_pulisher/lib/python3.10/site-packages:${PYTHONPATH} /usr/bin/python3 -W ignore:setup.py install is deprecated -W ignore:easy_install command is deprecated setup.py egg_info --egg-base ../../build/status_pulisher build --build-base /home/nvidia/learn_ros/chapt3/topic_practice_ws/build/status_pulisher/build install --record /home/nvidia/learn_ros/chapt3/topic_practice_ws/build/status_pulisher/install.log --install-scripts $base/lib/status_pulisher --single-version-externally-managed install_data
[2.541s] Level 1:colcon.colcon_core.environment:checking '/home/nvidia/learn_ros/chapt3/topic_practice_ws/install/status_pulisher' for CMake config files
[2.542s] Level 1:colcon.colcon_core.environment:checking '/home/nvidia/learn_ros/chapt3/topic_practice_ws/install/status_pulisher/lib'
[2.542s] Level 1:colcon.colcon_core.environment:checking '/home/nvidia/learn_ros/chapt3/topic_practice_ws/install/status_pulisher/bin'
[2.542s] Level 1:colcon.colcon_core.environment:checking '/home/nvidia/learn_ros/chapt3/topic_practice_ws/install/status_pulisher/lib/pkgconfig/status_pulisher.pc'
[2.542s] Level 1:colcon.colcon_core.environment:checking '/home/nvidia/learn_ros/chapt3/topic_practice_ws/install/status_pulisher/lib/python3.10/site-packages'
[2.542s] Level 1:colcon.colcon_core.shell:create_environment_hook('status_pulisher', 'pythonpath')
[2.542s] INFO:colcon.colcon_core.shell:Creating environment hook '/home/nvidia/learn_ros/chapt3/topic_practice_ws/install/status_pulisher/share/status_pulisher/hook/pythonpath.ps1'
[2.543s] INFO:colcon.colcon_core.shell:Creating environment descriptor '/home/nvidia/learn_ros/chapt3/topic_practice_ws/install/status_pulisher/share/status_pulisher/hook/pythonpath.dsv'
[2.543s] INFO:colcon.colcon_core.shell:Creating environment hook '/home/nvidia/learn_ros/chapt3/topic_practice_ws/install/status_pulisher/share/status_pulisher/hook/pythonpath.sh'
[2.543s] Level 1:colcon.colcon_core.environment:checking '/home/nvidia/learn_ros/chapt3/topic_practice_ws/install/status_pulisher/bin'
[2.544s] Level 1:colcon.colcon_core.environment:create_environment_scripts_only(status_pulisher)
[2.544s] INFO:colcon.colcon_core.shell:Creating package script '/home/nvidia/learn_ros/chapt3/topic_practice_ws/install/status_pulisher/share/status_pulisher/package.ps1'
[2.544s] INFO:colcon.colcon_core.shell:Creating package descriptor '/home/nvidia/learn_ros/chapt3/topic_practice_ws/install/status_pulisher/share/status_pulisher/package.dsv'
[2.544s] INFO:colcon.colcon_core.shell:Creating package script '/home/nvidia/learn_ros/chapt3/topic_practice_ws/install/status_pulisher/share/status_pulisher/package.sh'
[2.545s] INFO:colcon.colcon_core.shell:Creating package script '/home/nvidia/learn_ros/chapt3/topic_practice_ws/install/status_pulisher/share/status_pulisher/package.bash'
[2.545s] INFO:colcon.colcon_core.shell:Creating package script '/home/nvidia/learn_ros/chapt3/topic_practice_ws/install/status_pulisher/share/status_pulisher/package.zsh'
[2.545s] Level 1:colcon.colcon_core.environment:create_file_with_runtime_dependencies(/home/nvidia/learn_ros/chapt3/topic_practice_ws/install/status_pulisher/share/colcon-core/packages/status_pulisher)
[19.695s] DEBUG:colcon.colcon_core.event_handler.log_command:Invoked command in '/home/nvidia/learn_ros/chapt3/topic_practice_ws/build/status_display' returned '1': CMAKE_PREFIX_PATH=${CMAKE_PREFIX_PATH}:/home/nvidia/learn_ros/chapt3/topic_practice_ws/install/status_pulisher:/opt/ros/humble /usr/bin/cmake /home/nvidia/learn_ros/chapt3/topic_practice_ws/src/status_display -DCMAKE_INSTALL_PREFIX=/home/nvidia/learn_ros/chapt3/topic_practice_ws/install/status_display
[19.706s] Level 1:colcon.colcon_core.environment:create_environment_scripts_only(status_display)
[19.707s] Level 1:colcon.colcon_core.environment:checking '/home/nvidia/learn_ros/chapt3/topic_practice_ws/install/status_display' for CMake module files
[19.707s] Level 1:colcon.colcon_core.environment:checking '/home/nvidia/learn_ros/chapt3/topic_practice_ws/install/status_display' for CMake config files
[19.707s] Level 1:colcon.colcon_core.environment:checking '/home/nvidia/learn_ros/chapt3/topic_practice_ws/install/status_display/bin'
[19.707s] Level 1:colcon.colcon_core.environment:checking '/home/nvidia/learn_ros/chapt3/topic_practice_ws/install/status_display/lib/pkgconfig/status_display.pc'
[19.707s] Level 1:colcon.colcon_core.environment:checking '/home/nvidia/learn_ros/chapt3/topic_practice_ws/install/status_display/lib/python3.10/site-packages'
[19.707s] Level 1:colcon.colcon_core.environment:checking '/home/nvidia/learn_ros/chapt3/topic_practice_ws/install/status_display/bin'
[19.708s] INFO:colcon.colcon_core.shell:Creating package script '/home/nvidia/learn_ros/chapt3/topic_practice_ws/install/status_display/share/status_display/package.ps1'
[19.708s] INFO:colcon.colcon_core.shell:Creating package descriptor '/home/nvidia/learn_ros/chapt3/topic_practice_ws/install/status_display/share/status_display/package.dsv'
[19.709s] INFO:colcon.colcon_core.shell:Creating package script '/home/nvidia/learn_ros/chapt3/topic_practice_ws/install/status_display/share/status_display/package.sh'
[19.709s] INFO:colcon.colcon_core.shell:Creating package script '/home/nvidia/learn_ros/chapt3/topic_practice_ws/install/status_display/share/status_display/package.bash'
[19.709s] INFO:colcon.colcon_core.shell:Creating package script '/home/nvidia/learn_ros/chapt3/topic_practice_ws/install/status_display/share/status_display/package.zsh'
[19.709s] Level 1:colcon.colcon_core.environment:create_file_with_runtime_dependencies(/home/nvidia/learn_ros/chapt3/topic_practice_ws/install/status_display/share/colcon-core/packages/status_display)
[19.720s] DEBUG:colcon.colcon_parallel_executor.executor.parallel:closing loop
[19.720s] DEBUG:colcon.colcon_parallel_executor.executor.parallel:loop closed
[19.720s] DEBUG:colcon.colcon_parallel_executor.executor.parallel:run_until_complete finished with '1'
[19.720s] DEBUG:colcon.colcon_core.event_reactor:joining thread
[19.890s] INFO:colcon.colcon_core.plugin_system:Skipping extension 'colcon_notification.desktop_notification.notify_send': Could not find 'notify-send'
[19.890s] INFO:colcon.colcon_core.plugin_system:Skipping extension 'colcon_notification.desktop_notification.terminal_notifier': Not used on non-Darwin systems
[19.890s] INFO:colcon.colcon_core.plugin_system:Skipping extension 'colcon_notification.desktop_notification.win32': Not used on non-Windows systems
[19.891s] INFO:colcon.colcon_notification.desktop_notification:Sending desktop notification using 'notify2'
[19.891s] DEBUG:colcon.colcon_notification.desktop_notification.notify2:Failed to initialize notify2: org.freedesktop.DBus.Error.FileNotFound: Failed to connect to socket /run/user/1000/bus: No such file or directory
[19.891s] DEBUG:colcon.colcon_core.event_reactor:joined thread
[19.891s] INFO:colcon.colcon_core.shell:Creating prefix script '/home/nvidia/learn_ros/chapt3/topic_practice_ws/install/local_setup.ps1'
[19.892s] INFO:colcon.colcon_core.shell:Creating prefix util module '/home/nvidia/learn_ros/chapt3/topic_practice_ws/install/_local_setup_util_ps1.py'
[19.894s] INFO:colcon.colcon_core.shell:Creating prefix chain script '/home/nvidia/learn_ros/chapt3/topic_practice_ws/install/setup.ps1'
[19.895s] INFO:colcon.colcon_core.shell:Creating prefix script '/home/nvidia/learn_ros/chapt3/topic_practice_ws/install/local_setup.sh'
[19.896s] INFO:colcon.colcon_core.shell:Creating prefix util module '/home/nvidia/learn_ros/chapt3/topic_practice_ws/install/_local_setup_util_sh.py'
[19.896s] INFO:colcon.colcon_core.shell:Creating prefix chain script '/home/nvidia/learn_ros/chapt3/topic_practice_ws/install/setup.sh'
[19.897s] INFO:colcon.colcon_core.shell:Creating prefix script '/home/nvidia/learn_ros/chapt3/topic_practice_ws/install/local_setup.bash'
[19.898s] INFO:colcon.colcon_core.shell:Creating prefix chain script '/home/nvidia/learn_ros/chapt3/topic_practice_ws/install/setup.bash'
[19.898s] INFO:colcon.colcon_core.shell:Creating prefix script '/home/nvidia/learn_ros/chapt3/topic_practice_ws/install/local_setup.zsh'
[19.899s] INFO:colcon.colcon_core.shell:Creating prefix chain script '/home/nvidia/learn_ros/chapt3/topic_practice_ws/install/setup.zsh'
