[0.013s] Invoking command in '/home/nvidia/learn_ros/chapt2/chapt2_ws/build/demo_cpp_pkg': CMAKE_PREFIX_PATH=/opt/ros/humble /usr/bin/cmake --build /home/nvidia/learn_ros/chapt2/chapt2_ws/build/demo_cpp_pkg -- -j24 -l24
[0.101s] [35m[1mConsolidate compiler generated dependencies of target learn_functional[0m
[0.113s] [ 16%] [32mBuilding CXX object CMakeFiles/learn_functional.dir/src/learn_functional.cpp.o[0m
[0.113s] [ 33%] Built target learn_lambda
[0.113s] [ 41%] Built target learn_auto
[0.113s] [ 58%] Built target learn_share_ptr
[0.121s] [ 91%] Built target cpp_node
[0.121s] [ 91%] Built target person_node
[0.469s] [100%] [32m[1mLinking CXX executable learn_functional[0m
[0.851s] [100%] Built target learn_functional
[0.858s] Invoked command in '/home/nvidia/learn_ros/chapt2/chapt2_ws/build/demo_cpp_pkg' returned '0': CMAKE_PREFIX_PATH=/opt/ros/humble /usr/bin/cmake --build /home/nvidia/learn_ros/chapt2/chapt2_ws/build/demo_cpp_pkg -- -j24 -l24
[0.864s] Invoking command in '/home/nvidia/learn_ros/chapt2/chapt2_ws/build/demo_cpp_pkg': CMAKE_PREFIX_PATH=/opt/ros/humble /usr/bin/cmake --install /home/nvidia/learn_ros/chapt2/chapt2_ws/build/demo_cpp_pkg
[0.868s] -- Install configuration: ""
[0.869s] -- Up-to-date: /home/nvidia/learn_ros/chapt2/chapt2_ws/install/demo_cpp_pkg/lib/demo_cpp_pkg/cpp_node
[0.870s] -- Up-to-date: /home/nvidia/learn_ros/chapt2/chapt2_ws/install/demo_cpp_pkg/lib/demo_cpp_pkg/person_node
[0.870s] -- Up-to-date: /home/nvidia/learn_ros/chapt2/chapt2_ws/install/demo_cpp_pkg/lib/demo_cpp_pkg/learn_auto
[0.871s] -- Up-to-date: /home/nvidia/learn_ros/chapt2/chapt2_ws/install/demo_cpp_pkg/lib/demo_cpp_pkg/learn_share_ptr
[0.872s] -- Up-to-date: /home/nvidia/learn_ros/chapt2/chapt2_ws/install/demo_cpp_pkg/lib/demo_cpp_pkg/learn_lambda
[0.872s] -- Installing: /home/nvidia/learn_ros/chapt2/chapt2_ws/install/demo_cpp_pkg/lib/demo_cpp_pkg/learn_functional
[0.872s] -- Up-to-date: /home/nvidia/learn_ros/chapt2/chapt2_ws/install/demo_cpp_pkg/share/ament_index/resource_index/package_run_dependencies/demo_cpp_pkg
[0.873s] -- Up-to-date: /home/nvidia/learn_ros/chapt2/chapt2_ws/install/demo_cpp_pkg/share/ament_index/resource_index/parent_prefix_path/demo_cpp_pkg
[0.873s] -- Up-to-date: /home/nvidia/learn_ros/chapt2/chapt2_ws/install/demo_cpp_pkg/share/demo_cpp_pkg/environment/ament_prefix_path.sh
[0.873s] -- Up-to-date: /home/nvidia/learn_ros/chapt2/chapt2_ws/install/demo_cpp_pkg/share/demo_cpp_pkg/environment/ament_prefix_path.dsv
[0.873s] -- Up-to-date: /home/nvidia/learn_ros/chapt2/chapt2_ws/install/demo_cpp_pkg/share/demo_cpp_pkg/environment/path.sh
[0.873s] -- Up-to-date: /home/nvidia/learn_ros/chapt2/chapt2_ws/install/demo_cpp_pkg/share/demo_cpp_pkg/environment/path.dsv
[0.873s] -- Up-to-date: /home/nvidia/learn_ros/chapt2/chapt2_ws/install/demo_cpp_pkg/share/demo_cpp_pkg/local_setup.bash
[0.873s] -- Up-to-date: /home/nvidia/learn_ros/chapt2/chapt2_ws/install/demo_cpp_pkg/share/demo_cpp_pkg/local_setup.sh
[0.873s] -- Up-to-date: /home/nvidia/learn_ros/chapt2/chapt2_ws/install/demo_cpp_pkg/share/demo_cpp_pkg/local_setup.zsh
[0.873s] -- Up-to-date: /home/nvidia/learn_ros/chapt2/chapt2_ws/install/demo_cpp_pkg/share/demo_cpp_pkg/local_setup.dsv
[0.873s] -- Installing: /home/nvidia/learn_ros/chapt2/chapt2_ws/install/demo_cpp_pkg/share/demo_cpp_pkg/package.dsv
[0.873s] -- Up-to-date: /home/nvidia/learn_ros/chapt2/chapt2_ws/install/demo_cpp_pkg/share/ament_index/resource_index/packages/demo_cpp_pkg
[0.873s] -- Up-to-date: /home/nvidia/learn_ros/chapt2/chapt2_ws/install/demo_cpp_pkg/share/demo_cpp_pkg/cmake/demo_cpp_pkgConfig.cmake
[0.873s] -- Up-to-date: /home/nvidia/learn_ros/chapt2/chapt2_ws/install/demo_cpp_pkg/share/demo_cpp_pkg/cmake/demo_cpp_pkgConfig-version.cmake
[0.873s] -- Up-to-date: /home/nvidia/learn_ros/chapt2/chapt2_ws/install/demo_cpp_pkg/share/demo_cpp_pkg/package.xml
[0.875s] Invoked command in '/home/nvidia/learn_ros/chapt2/chapt2_ws/build/demo_cpp_pkg' returned '0': CMAKE_PREFIX_PATH=/opt/ros/humble /usr/bin/cmake --install /home/nvidia/learn_ros/chapt2/chapt2_ws/build/demo_cpp_pkg
