[0.943s] Invoking command in '/home/nvidia/learn_ros/chapt2/chapt2_ws/src/demo_python_pkg': AMENT_PREFIX_PATH=/home/nvidia/learn_ros/chapt2/chapt2_ws/install/demo_cpp_pkg:${AMENT_PREFIX_PATH} CMAKE_PREFIX_PATH=/home/nvidia/learn_ros/chapt2/chapt2_ws/install/demo_cpp_pkg PYTHONPATH=/home/nvidia/learn_ros/chapt2/chapt2_ws/build/demo_python_pkg/prefix_override:/usr/lib/python3/dist-packages/colcon_core/task/python/colcon_distutils_commands:/home/nvidia/learn_ros/chapt2/chapt2_ws/install/demo_python_pkg/lib/python3.10/site-packages:${PYTHONPATH} /usr/bin/python3 -W ignore:setup.py install is deprecated -W ignore:easy_install command is deprecated setup.py egg_info --egg-base ../../build/demo_python_pkg build --build-base /home/nvidia/learn_ros/chapt2/chapt2_ws/build/demo_python_pkg/build install --record /home/nvidia/learn_ros/chapt2/chapt2_ws/build/demo_python_pkg/install.log --install-scripts $base/lib/demo_python_pkg --single-version-externally-managed install_data
[1.086s] running egg_info
[1.087s] writing ../../build/demo_python_pkg/demo_python_pkg.egg-info/PKG-INFO
[1.087s] writing dependency_links to ../../build/demo_python_pkg/demo_python_pkg.egg-info/dependency_links.txt
[1.087s] writing entry points to ../../build/demo_python_pkg/demo_python_pkg.egg-info/entry_points.txt
[1.087s] writing requirements to ../../build/demo_python_pkg/demo_python_pkg.egg-info/requires.txt
[1.087s] writing top-level names to ../../build/demo_python_pkg/demo_python_pkg.egg-info/top_level.txt
[1.088s] reading manifest file '../../build/demo_python_pkg/demo_python_pkg.egg-info/SOURCES.txt'
[1.089s] adding license file 'LICENSE'
[1.089s] writing manifest file '../../build/demo_python_pkg/demo_python_pkg.egg-info/SOURCES.txt'
[1.089s] running build
[1.089s] running build_py
[1.090s] running install
[1.090s] running install_lib
[1.091s] running install_data
[1.091s] running install_egg_info
[1.092s] removing '/home/nvidia/learn_ros/chapt2/chapt2_ws/install/demo_python_pkg/lib/python3.10/site-packages/demo_python_pkg-0.0.0-py3.10.egg-info' (and everything under it)
[1.092s] Copying ../../build/demo_python_pkg/demo_python_pkg.egg-info to /home/nvidia/learn_ros/chapt2/chapt2_ws/install/demo_python_pkg/lib/python3.10/site-packages/demo_python_pkg-0.0.0-py3.10.egg-info
[1.093s] running install_scripts
[1.107s] Installing learn_thread script to /home/nvidia/learn_ros/chapt2/chapt2_ws/install/demo_python_pkg/lib/demo_python_pkg
[1.107s] Installing person_node script to /home/nvidia/learn_ros/chapt2/chapt2_ws/install/demo_python_pkg/lib/demo_python_pkg
[1.107s] Installing python_node script to /home/nvidia/learn_ros/chapt2/chapt2_ws/install/demo_python_pkg/lib/demo_python_pkg
[1.107s] Installing writer_node script to /home/nvidia/learn_ros/chapt2/chapt2_ws/install/demo_python_pkg/lib/demo_python_pkg
[1.107s] writing list of installed files to '/home/nvidia/learn_ros/chapt2/chapt2_ws/build/demo_python_pkg/install.log'
[1.130s] Invoked command in '/home/nvidia/learn_ros/chapt2/chapt2_ws/src/demo_python_pkg' returned '0': AMENT_PREFIX_PATH=/home/nvidia/learn_ros/chapt2/chapt2_ws/install/demo_cpp_pkg:${AMENT_PREFIX_PATH} CMAKE_PREFIX_PATH=/home/nvidia/learn_ros/chapt2/chapt2_ws/install/demo_cpp_pkg PYTHONPATH=/home/nvidia/learn_ros/chapt2/chapt2_ws/build/demo_python_pkg/prefix_override:/usr/lib/python3/dist-packages/colcon_core/task/python/colcon_distutils_commands:/home/nvidia/learn_ros/chapt2/chapt2_ws/install/demo_python_pkg/lib/python3.10/site-packages:${PYTHONPATH} /usr/bin/python3 -W ignore:setup.py install is deprecated -W ignore:easy_install command is deprecated setup.py egg_info --egg-base ../../build/demo_python_pkg build --build-base /home/nvidia/learn_ros/chapt2/chapt2_ws/build/demo_python_pkg/build install --record /home/nvidia/learn_ros/chapt2/chapt2_ws/build/demo_python_pkg/install.log --install-scripts $base/lib/demo_python_pkg --single-version-externally-managed install_data
