[0.011s] Invoking command in '/home/nvidia/learn_ros/chapt3/topic_ws/build/demo_cpp_topic': CMAKE_PREFIX_PATH=/opt/ros/humble /usr/bin/cmake --build /home/nvidia/learn_ros/chapt3/topic_ws/build/demo_cpp_topic -- -j24 -l24
[0.046s] -- Found ament_cmake: 1.3.14 (/opt/ros/humble/share/ament_cmake/cmake)
[0.146s] -- Found rclcpp: 16.0.21 (/opt/ros/humble/share/rclcpp/cmake)
[0.540s] -- Found rosidl_generator_c: 3.1.9 (/opt/ros/humble/share/rosidl_generator_c/cmake)
[0.543s] -- Found rosidl_adapter: 3.1.9 (/opt/ros/humble/share/rosidl_adapter/cmake)
[0.550s] -- Found rosidl_generator_cpp: 3.1.9 (/opt/ros/humble/share/rosidl_generator_cpp/cmake)
[0.559s] -- Using all available rosidl_typesupport_c: rosidl_typesupport_fastrtps_c;rosidl_typesupport_introspection_c
[0.570s] -- Using all available rosidl_typesupport_cpp: rosidl_typesupport_fastrtps_cpp;rosidl_typesupport_introspection_cpp
[0.603s] -- Found rmw_implementation_cmake: 6.1.4 (/opt/ros/humble/share/rmw_implementation_cmake/cmake)
[0.605s] -- Found rmw_fastrtps_cpp: 6.2.10 (/opt/ros/humble/share/rmw_fastrtps_cpp/cmake)
[15.873s] -- Using RMW implementation 'rmw_fastrtps_cpp' as default
[15.920s] -- Found geometry_msgs: 4.9.2 (/opt/ros/humble/share/geometry_msgs/cmake)
[15.930s] -- Found turtlesim: 1.4.3 (/opt/ros/humble/share/turtlesim/cmake)
[15.963s] -- Found ament_lint_auto: 0.12.15 (/opt/ros/humble/share/ament_lint_auto/cmake)
[16.010s] -- Added test 'cppcheck' to perform static code analysis on C / C++ code
[16.010s] -- Configured cppcheck include dirs: 
[16.010s] -- Configured cppcheck exclude dirs and/or files: 
[16.011s] -- Added test 'lint_cmake' to check CMake code style
[16.012s] -- Added test 'uncrustify' to check C / C++ code style
[16.012s] -- Configured uncrustify additional arguments: 
[16.012s] -- Added test 'xmllint' to check XML markup files
[16.014s] -- Configuring done
[16.028s] -- Generating done
[16.032s] -- Build files have been written to: /home/nvidia/learn_ros/chapt3/topic_ws/build/demo_cpp_topic
[16.049s] [35m[1mConsolidate compiler generated dependencies of target turtle_circle[0m
[16.053s] [ 25%] [32mBuilding CXX object CMakeFiles/turtle_control.dir/src/turtle_control.cpp.o[0m
[16.059s] [ 75%] Built target turtle_circle
[17.634s] [01m[K/home/nvidia/learn_ros/chapt3/topic_ws/src/demo_cpp_topic/src/turtle_control.cpp:[m[K In member function ‘[01m[Kvoid TurtleControlNode::on_pose_received_(turtlesim::msg::Pose_<std::allocator<void> >::SharedPtr)[m[K’:
[17.634s] [01m[K/home/nvidia/learn_ros/chapt3/topic_ws/src/demo_cpp_topic/src/turtle_control.cpp:50:12:[m[K [01;31m[Kerror: [m[K‘[01m[Kmag[m[K’ was not declared in this scope; did you mean ‘[01m[Kmsg[m[K’?
[17.634s]    50 |         if([01;31m[Kmag[m[K.linear.x >max_speed_){
[17.634s]       |            [01;31m[K^~~[m[K
[17.634s]       |            [32m[Kmsg[m[K
[19.651s] gmake[2]: *** [CMakeFiles/turtle_control.dir/build.make:76：CMakeFiles/turtle_control.dir/src/turtle_control.cpp.o] 错误 1
[19.651s] gmake[1]: *** [CMakeFiles/Makefile2:165：CMakeFiles/turtle_control.dir/all] 错误 2
[19.651s] gmake: *** [Makefile:146：all] 错误 2
[19.655s] Invoked command in '/home/nvidia/learn_ros/chapt3/topic_ws/build/demo_cpp_topic' returned '2': CMAKE_PREFIX_PATH=/opt/ros/humble /usr/bin/cmake --build /home/nvidia/learn_ros/chapt3/topic_ws/build/demo_cpp_topic -- -j24 -l24
