[0.451s] Invoking command in '/home/nvidia/learn_ros/chapt2/demo_python_pkg': PYTHONPATH=/home/nvidia/learn_ros/chapt2/build/demo_python_pkg/prefix_override:/usr/lib/python3/dist-packages/colcon_core/task/python/colcon_distutils_commands:/home/nvidia/learn_ros/chapt2/install/demo_python_pkg/lib/python3.10/site-packages:${PYTHONPATH} /usr/bin/python3 -W ignore:setup.py install is deprecated -W ignore:easy_install command is deprecated setup.py egg_info --egg-base ../build/demo_python_pkg build --build-base /home/nvidia/learn_ros/chapt2/build/demo_python_pkg/build install --record /home/nvidia/learn_ros/chapt2/build/demo_python_pkg/install.log --install-scripts $base/lib/demo_python_pkg --single-version-externally-managed install_data
[0.562s] running egg_info
[0.562s] creating ../build/demo_python_pkg/demo_python_pkg.egg-info
[0.562s] writing ../build/demo_python_pkg/demo_python_pkg.egg-info/PKG-INFO
[0.562s] writing dependency_links to ../build/demo_python_pkg/demo_python_pkg.egg-info/dependency_links.txt
[0.563s] writing entry points to ../build/demo_python_pkg/demo_python_pkg.egg-info/entry_points.txt
[0.563s] writing requirements to ../build/demo_python_pkg/demo_python_pkg.egg-info/requires.txt
[0.563s] writing top-level names to ../build/demo_python_pkg/demo_python_pkg.egg-info/top_level.txt
[0.563s] writing manifest file '../build/demo_python_pkg/demo_python_pkg.egg-info/SOURCES.txt'
[0.565s] reading manifest file '../build/demo_python_pkg/demo_python_pkg.egg-info/SOURCES.txt'
[0.565s] adding license file 'LICENSE'
[0.565s] writing manifest file '../build/demo_python_pkg/demo_python_pkg.egg-info/SOURCES.txt'
[0.565s] running build
[0.565s] running build_py
[0.565s] creating /home/nvidia/learn_ros/chapt2/build/demo_python_pkg/build
[0.565s] creating /home/nvidia/learn_ros/chapt2/build/demo_python_pkg/build/lib
[0.565s] creating /home/nvidia/learn_ros/chapt2/build/demo_python_pkg/build/lib/demo_python_pkg
[0.565s] copying demo_python_pkg/python_node.py -> /home/nvidia/learn_ros/chapt2/build/demo_python_pkg/build/lib/demo_python_pkg
[0.566s] copying demo_python_pkg/__init__.py -> /home/nvidia/learn_ros/chapt2/build/demo_python_pkg/build/lib/demo_python_pkg
[0.566s] running install
[0.566s] running install_lib
[0.566s] creating /home/nvidia/learn_ros/chapt2/install/demo_python_pkg/lib/python3.10/site-packages/demo_python_pkg
[0.566s] copying /home/nvidia/learn_ros/chapt2/build/demo_python_pkg/build/lib/demo_python_pkg/python_node.py -> /home/nvidia/learn_ros/chapt2/install/demo_python_pkg/lib/python3.10/site-packages/demo_python_pkg
[0.567s] copying /home/nvidia/learn_ros/chapt2/build/demo_python_pkg/build/lib/demo_python_pkg/__init__.py -> /home/nvidia/learn_ros/chapt2/install/demo_python_pkg/lib/python3.10/site-packages/demo_python_pkg
[0.567s] byte-compiling /home/nvidia/learn_ros/chapt2/install/demo_python_pkg/lib/python3.10/site-packages/demo_python_pkg/python_node.py to python_node.cpython-310.pyc
[0.567s] byte-compiling /home/nvidia/learn_ros/chapt2/install/demo_python_pkg/lib/python3.10/site-packages/demo_python_pkg/__init__.py to __init__.cpython-310.pyc
[0.567s] running install_data
[0.567s] creating /home/nvidia/learn_ros/chapt2/install/demo_python_pkg/share/ament_index
[0.567s] creating /home/nvidia/learn_ros/chapt2/install/demo_python_pkg/share/ament_index/resource_index
[0.567s] creating /home/nvidia/learn_ros/chapt2/install/demo_python_pkg/share/ament_index/resource_index/packages
[0.568s] copying resource/demo_python_pkg -> /home/nvidia/learn_ros/chapt2/install/demo_python_pkg/share/ament_index/resource_index/packages
[0.568s] copying package.xml -> /home/nvidia/learn_ros/chapt2/install/demo_python_pkg/share/demo_python_pkg
[0.568s] running install_egg_info
[0.569s] Copying ../build/demo_python_pkg/demo_python_pkg.egg-info to /home/nvidia/learn_ros/chapt2/install/demo_python_pkg/lib/python3.10/site-packages/demo_python_pkg-0.0.0-py3.10.egg-info
[0.569s] running install_scripts
[0.581s] Installing python_node script to /home/nvidia/learn_ros/chapt2/install/demo_python_pkg/lib/demo_python_pkg
[0.581s] writing list of installed files to '/home/nvidia/learn_ros/chapt2/build/demo_python_pkg/install.log'
[0.592s] Invoked command in '/home/nvidia/learn_ros/chapt2/demo_python_pkg' returned '0': PYTHONPATH=/home/nvidia/learn_ros/chapt2/build/demo_python_pkg/prefix_override:/usr/lib/python3/dist-packages/colcon_core/task/python/colcon_distutils_commands:/home/nvidia/learn_ros/chapt2/install/demo_python_pkg/lib/python3.10/site-packages:${PYTHONPATH} /usr/bin/python3 -W ignore:setup.py install is deprecated -W ignore:easy_install command is deprecated setup.py egg_info --egg-base ../build/demo_python_pkg build --build-base /home/nvidia/learn_ros/chapt2/build/demo_python_pkg/build install --record /home/nvidia/learn_ros/chapt2/build/demo_python_pkg/install.log --install-scripts $base/lib/demo_python_pkg --single-version-externally-managed install_data
