[0.010s] Invoking command in '/home/nvidia/learn_ros/chapt3/topic_ws/build/demo_cpp_topic': CMAKE_PREFIX_PATH=/opt/ros/humble /usr/bin/cmake --build /home/nvidia/learn_ros/chapt3/topic_ws/build/demo_cpp_topic -- -j24 -l24
[0.041s] [35m[1mConsolidate compiler generated dependencies of target turtle_control[0m
[0.054s] [ 75%] Built target turtle_circle
[0.054s] [ 75%] [32mBuilding CXX object CMakeFiles/turtle_control.dir/src/turtle_control.cpp.o[0m
[5.163s] [100%] [32m[1mLinking CXX executable turtle_control[0m
[5.803s] [100%] Built target turtle_control
[5.810s] Invoked command in '/home/nvidia/learn_ros/chapt3/topic_ws/build/demo_cpp_topic' returned '0': CMAKE_PREFIX_PATH=/opt/ros/humble /usr/bin/cmake --build /home/nvidia/learn_ros/chapt3/topic_ws/build/demo_cpp_topic -- -j24 -l24
[5.816s] Invoking command in '/home/nvidia/learn_ros/chapt3/topic_ws/build/demo_cpp_topic': CMAKE_PREFIX_PATH=/opt/ros/humble /usr/bin/cmake --install /home/nvidia/learn_ros/chapt3/topic_ws/build/demo_cpp_topic
[5.821s] -- Install configuration: ""
[5.821s] -- Up-to-date: /home/nvidia/learn_ros/chapt3/topic_ws/install/demo_cpp_topic/lib/demo_cpp_topic/turtle_circle
[5.821s] -- Installing: /home/nvidia/learn_ros/chapt3/topic_ws/install/demo_cpp_topic/lib/demo_cpp_topic/turtle_control
[5.824s] -- Set runtime path of "/home/nvidia/learn_ros/chapt3/topic_ws/install/demo_cpp_topic/lib/demo_cpp_topic/turtle_control" to ""
[5.824s] -- Up-to-date: /home/nvidia/learn_ros/chapt3/topic_ws/install/demo_cpp_topic/share/ament_index/resource_index/package_run_dependencies/demo_cpp_topic
[5.824s] -- Installing: /home/nvidia/learn_ros/chapt3/topic_ws/install/demo_cpp_topic/share/ament_index/resource_index/parent_prefix_path/demo_cpp_topic
[5.824s] -- Up-to-date: /home/nvidia/learn_ros/chapt3/topic_ws/install/demo_cpp_topic/share/demo_cpp_topic/environment/ament_prefix_path.sh
[5.824s] -- Installing: /home/nvidia/learn_ros/chapt3/topic_ws/install/demo_cpp_topic/share/demo_cpp_topic/environment/ament_prefix_path.dsv
[5.824s] -- Up-to-date: /home/nvidia/learn_ros/chapt3/topic_ws/install/demo_cpp_topic/share/demo_cpp_topic/environment/path.sh
[5.825s] -- Installing: /home/nvidia/learn_ros/chapt3/topic_ws/install/demo_cpp_topic/share/demo_cpp_topic/environment/path.dsv
[5.825s] -- Up-to-date: /home/nvidia/learn_ros/chapt3/topic_ws/install/demo_cpp_topic/share/demo_cpp_topic/local_setup.bash
[5.825s] -- Up-to-date: /home/nvidia/learn_ros/chapt3/topic_ws/install/demo_cpp_topic/share/demo_cpp_topic/local_setup.sh
[5.825s] -- Up-to-date: /home/nvidia/learn_ros/chapt3/topic_ws/install/demo_cpp_topic/share/demo_cpp_topic/local_setup.zsh
[5.825s] -- Installing: /home/nvidia/learn_ros/chapt3/topic_ws/install/demo_cpp_topic/share/demo_cpp_topic/local_setup.dsv
[5.825s] -- Installing: /home/nvidia/learn_ros/chapt3/topic_ws/install/demo_cpp_topic/share/demo_cpp_topic/package.dsv
[5.825s] -- Up-to-date: /home/nvidia/learn_ros/chapt3/topic_ws/install/demo_cpp_topic/share/ament_index/resource_index/packages/demo_cpp_topic
[5.825s] -- Up-to-date: /home/nvidia/learn_ros/chapt3/topic_ws/install/demo_cpp_topic/share/demo_cpp_topic/cmake/demo_cpp_topicConfig.cmake
[5.825s] -- Up-to-date: /home/nvidia/learn_ros/chapt3/topic_ws/install/demo_cpp_topic/share/demo_cpp_topic/cmake/demo_cpp_topicConfig-version.cmake
[5.825s] -- Up-to-date: /home/nvidia/learn_ros/chapt3/topic_ws/install/demo_cpp_topic/share/demo_cpp_topic/package.xml
[5.826s] Invoked command in '/home/nvidia/learn_ros/chapt3/topic_ws/build/demo_cpp_topic' returned '0': CMAKE_PREFIX_PATH=/opt/ros/humble /usr/bin/cmake --install /home/nvidia/learn_ros/chapt3/topic_ws/build/demo_cpp_topic
