[0.011s] Invoking command in '/home/nvidia/learn_ros/chapt3/topic_practice_ws/build/status_interfaces': CMAKE_PREFIX_PATH=${CMAKE_PREFIX_PATH}:/home/nvidia/learn_ros/chapt3/topic_practice_ws/install/status_pulisher:/opt/ros/humble /usr/bin/cmake --build /home/nvidia/learn_ros/chapt3/topic_practice_ws/build/status_interfaces -- -j24 -l24
[0.040s] [  3%] Built target status_interfaces__rs
[0.040s] [ 12%] Built target status_interfaces__rosidl_generator_c
[0.040s] [ 15%] Built target status_interfaces__cpp
[0.045s] [ 15%] Built target ament_cmake_python_copy_status_interfaces
[0.052s] [ 25%] Built target status_interfaces__rosidl_typesupport_fastrtps_c
[0.052s] [ 34%] Built target status_interfaces__rosidl_typesupport_c
[0.052s] [ 50%] Built target status_interfaces__rosidl_typesupport_introspection_c
[0.053s] [ 53%] Built target status_interfaces__rosidl_typesupport_introspection_cpp
[0.053s] [ 62%] Built target status_interfaces__rosidl_typesupport_cpp
[0.056s] [ 71%] Built target status_interfaces__rosidl_typesupport_fastrtps_cpp
[0.068s] [ 71%] Built target status_interfaces
[0.081s] [ 75%] Built target status_interfaces__py
[0.093s] [ 81%] Built target status_interfaces__rosidl_generator_py
[0.106s] [ 90%] Built target status_interfaces__rosidl_typesupport_introspection_c__pyext
[0.106s] [ 93%] Built target status_interfaces__rosidl_typesupport_fastrtps_c__pyext
[0.106s] [100%] Built target status_interfaces__rosidl_typesupport_c__pyext
[0.176s] running egg_info
[0.177s] writing status_interfaces.egg-info/PKG-INFO
[0.177s] writing dependency_links to status_interfaces.egg-info/dependency_links.txt
[0.177s] writing top-level names to status_interfaces.egg-info/top_level.txt
[0.178s] reading manifest file 'status_interfaces.egg-info/SOURCES.txt'
[0.179s] writing manifest file 'status_interfaces.egg-info/SOURCES.txt'
[0.194s] [100%] Built target ament_cmake_python_build_status_interfaces_egg
[0.200s] Invoked command in '/home/nvidia/learn_ros/chapt3/topic_practice_ws/build/status_interfaces' returned '0': CMAKE_PREFIX_PATH=${CMAKE_PREFIX_PATH}:/home/nvidia/learn_ros/chapt3/topic_practice_ws/install/status_pulisher:/opt/ros/humble /usr/bin/cmake --build /home/nvidia/learn_ros/chapt3/topic_practice_ws/build/status_interfaces -- -j24 -l24
[0.206s] Invoking command in '/home/nvidia/learn_ros/chapt3/topic_practice_ws/build/status_interfaces': CMAKE_PREFIX_PATH=${CMAKE_PREFIX_PATH}:/home/nvidia/learn_ros/chapt3/topic_practice_ws/install/status_pulisher:/opt/ros/humble /usr/bin/cmake --install /home/nvidia/learn_ros/chapt3/topic_practice_ws/build/status_interfaces
[0.210s] -- Install configuration: ""
[0.211s] -- Up-to-date: /home/nvidia/learn_ros/chapt3/topic_practice_ws/install/status_interfaces/share/ament_index/resource_index/rosidl_interfaces/status_interfaces
[0.211s] -- Up-to-date: /home/nvidia/learn_ros/chapt3/topic_practice_ws/install/status_interfaces/include/status_interfaces/status_interfaces
[0.211s] -- Up-to-date: /home/nvidia/learn_ros/chapt3/topic_practice_ws/install/status_interfaces/include/status_interfaces/status_interfaces/msg
[0.211s] -- Up-to-date: /home/nvidia/learn_ros/chapt3/topic_practice_ws/install/status_interfaces/include/status_interfaces/status_interfaces/msg/system_status.h
[0.211s] -- Up-to-date: /home/nvidia/learn_ros/chapt3/topic_practice_ws/install/status_interfaces/include/status_interfaces/status_interfaces/msg/rosidl_generator_c__visibility_control.h
[0.211s] -- Up-to-date: /home/nvidia/learn_ros/chapt3/topic_practice_ws/install/status_interfaces/include/status_interfaces/status_interfaces/msg/detail
[0.211s] -- Up-to-date: /home/nvidia/learn_ros/chapt3/topic_practice_ws/install/status_interfaces/include/status_interfaces/status_interfaces/msg/detail/system_status__struct.h
[0.211s] -- Up-to-date: /home/nvidia/learn_ros/chapt3/topic_practice_ws/install/status_interfaces/include/status_interfaces/status_interfaces/msg/detail/system_status__functions.c
[0.211s] -- Up-to-date: /home/nvidia/learn_ros/chapt3/topic_practice_ws/install/status_interfaces/include/status_interfaces/status_interfaces/msg/detail/system_status__functions.h
[0.212s] -- Up-to-date: /home/nvidia/learn_ros/chapt3/topic_practice_ws/install/status_interfaces/include/status_interfaces/status_interfaces/msg/detail/system_status__type_support.h
[0.212s] -- Up-to-date: /home/nvidia/learn_ros/chapt3/topic_practice_ws/install/status_interfaces/share/status_interfaces/environment/library_path.sh
[0.212s] -- Up-to-date: /home/nvidia/learn_ros/chapt3/topic_practice_ws/install/status_interfaces/share/status_interfaces/environment/library_path.dsv
[0.212s] -- Up-to-date: /home/nvidia/learn_ros/chapt3/topic_practice_ws/install/status_interfaces/lib/libstatus_interfaces__rosidl_generator_c.so
[0.212s] -- Up-to-date: /home/nvidia/learn_ros/chapt3/topic_practice_ws/install/status_interfaces/include/status_interfaces/status_interfaces
[0.212s] -- Up-to-date: /home/nvidia/learn_ros/chapt3/topic_practice_ws/install/status_interfaces/include/status_interfaces/status_interfaces/msg
[0.212s] -- Up-to-date: /home/nvidia/learn_ros/chapt3/topic_practice_ws/install/status_interfaces/include/status_interfaces/status_interfaces/msg/rosidl_typesupport_fastrtps_c__visibility_control.h
[0.212s] -- Up-to-date: /home/nvidia/learn_ros/chapt3/topic_practice_ws/install/status_interfaces/include/status_interfaces/status_interfaces/msg/detail
[0.212s] -- Up-to-date: /home/nvidia/learn_ros/chapt3/topic_practice_ws/install/status_interfaces/include/status_interfaces/status_interfaces/msg/detail/system_status__rosidl_typesupport_fastrtps_c.h
[0.212s] -- Up-to-date: /home/nvidia/learn_ros/chapt3/topic_practice_ws/install/status_interfaces/lib/libstatus_interfaces__rosidl_typesupport_fastrtps_c.so
[0.212s] -- Up-to-date: /home/nvidia/learn_ros/chapt3/topic_practice_ws/install/status_interfaces/include/status_interfaces/status_interfaces
[0.212s] -- Up-to-date: /home/nvidia/learn_ros/chapt3/topic_practice_ws/install/status_interfaces/include/status_interfaces/status_interfaces/msg
[0.213s] -- Up-to-date: /home/nvidia/learn_ros/chapt3/topic_practice_ws/install/status_interfaces/include/status_interfaces/status_interfaces/msg/system_status.hpp
[0.213s] -- Up-to-date: /home/nvidia/learn_ros/chapt3/topic_practice_ws/install/status_interfaces/include/status_interfaces/status_interfaces/msg/rosidl_generator_cpp__visibility_control.hpp
[0.213s] -- Up-to-date: /home/nvidia/learn_ros/chapt3/topic_practice_ws/install/status_interfaces/include/status_interfaces/status_interfaces/msg/detail
[0.213s] -- Up-to-date: /home/nvidia/learn_ros/chapt3/topic_practice_ws/install/status_interfaces/include/status_interfaces/status_interfaces/msg/detail/system_status__struct.hpp
[0.213s] -- Up-to-date: /home/nvidia/learn_ros/chapt3/topic_practice_ws/install/status_interfaces/include/status_interfaces/status_interfaces/msg/detail/system_status__traits.hpp
[0.213s] -- Up-to-date: /home/nvidia/learn_ros/chapt3/topic_practice_ws/install/status_interfaces/include/status_interfaces/status_interfaces/msg/detail/system_status__builder.hpp
[0.213s] -- Up-to-date: /home/nvidia/learn_ros/chapt3/topic_practice_ws/install/status_interfaces/include/status_interfaces/status_interfaces/msg/detail/system_status__type_support.hpp
[0.213s] -- Up-to-date: /home/nvidia/learn_ros/chapt3/topic_practice_ws/install/status_interfaces/include/status_interfaces/status_interfaces
[0.213s] -- Up-to-date: /home/nvidia/learn_ros/chapt3/topic_practice_ws/install/status_interfaces/include/status_interfaces/status_interfaces/msg
[0.213s] -- Up-to-date: /home/nvidia/learn_ros/chapt3/topic_practice_ws/install/status_interfaces/include/status_interfaces/status_interfaces/msg/rosidl_typesupport_fastrtps_cpp__visibility_control.h
[0.213s] -- Up-to-date: /home/nvidia/learn_ros/chapt3/topic_practice_ws/install/status_interfaces/include/status_interfaces/status_interfaces/msg/detail
[0.213s] -- Up-to-date: /home/nvidia/learn_ros/chapt3/topic_practice_ws/install/status_interfaces/include/status_interfaces/status_interfaces/msg/detail/system_status__rosidl_typesupport_fastrtps_cpp.hpp
[0.213s] -- Up-to-date: /home/nvidia/learn_ros/chapt3/topic_practice_ws/install/status_interfaces/include/status_interfaces/status_interfaces/msg/detail/dds_fastrtps
[0.213s] -- Up-to-date: /home/nvidia/learn_ros/chapt3/topic_practice_ws/install/status_interfaces/lib/libstatus_interfaces__rosidl_typesupport_fastrtps_cpp.so
[0.213s] -- Up-to-date: /home/nvidia/learn_ros/chapt3/topic_practice_ws/install/status_interfaces/include/status_interfaces/status_interfaces
[0.214s] -- Up-to-date: /home/nvidia/learn_ros/chapt3/topic_practice_ws/install/status_interfaces/include/status_interfaces/status_interfaces/msg
[0.214s] -- Up-to-date: /home/nvidia/learn_ros/chapt3/topic_practice_ws/install/status_interfaces/include/status_interfaces/status_interfaces/msg/rosidl_typesupport_introspection_c__visibility_control.h
[0.214s] -- Up-to-date: /home/nvidia/learn_ros/chapt3/topic_practice_ws/install/status_interfaces/include/status_interfaces/status_interfaces/msg/detail
[0.214s] -- Up-to-date: /home/nvidia/learn_ros/chapt3/topic_practice_ws/install/status_interfaces/include/status_interfaces/status_interfaces/msg/detail/system_status__type_support.c
[0.214s] -- Up-to-date: /home/nvidia/learn_ros/chapt3/topic_practice_ws/install/status_interfaces/include/status_interfaces/status_interfaces/msg/detail/system_status__rosidl_typesupport_introspection_c.h
[0.214s] -- Up-to-date: /home/nvidia/learn_ros/chapt3/topic_practice_ws/install/status_interfaces/lib/libstatus_interfaces__rosidl_typesupport_introspection_c.so
[0.214s] -- Up-to-date: /home/nvidia/learn_ros/chapt3/topic_practice_ws/install/status_interfaces/lib/libstatus_interfaces__rosidl_typesupport_c.so
[0.214s] -- Up-to-date: /home/nvidia/learn_ros/chapt3/topic_practice_ws/install/status_interfaces/include/status_interfaces/status_interfaces
[0.214s] -- Up-to-date: /home/nvidia/learn_ros/chapt3/topic_practice_ws/install/status_interfaces/include/status_interfaces/status_interfaces/msg
[0.214s] -- Up-to-date: /home/nvidia/learn_ros/chapt3/topic_practice_ws/install/status_interfaces/include/status_interfaces/status_interfaces/msg/detail
[0.214s] -- Up-to-date: /home/nvidia/learn_ros/chapt3/topic_practice_ws/install/status_interfaces/include/status_interfaces/status_interfaces/msg/detail/system_status__type_support.cpp
[0.214s] -- Up-to-date: /home/nvidia/learn_ros/chapt3/topic_practice_ws/install/status_interfaces/include/status_interfaces/status_interfaces/msg/detail/system_status__rosidl_typesupport_introspection_cpp.hpp
[0.214s] -- Up-to-date: /home/nvidia/learn_ros/chapt3/topic_practice_ws/install/status_interfaces/lib/libstatus_interfaces__rosidl_typesupport_introspection_cpp.so
[0.214s] -- Up-to-date: /home/nvidia/learn_ros/chapt3/topic_practice_ws/install/status_interfaces/lib/libstatus_interfaces__rosidl_typesupport_cpp.so
[0.214s] -- Up-to-date: /home/nvidia/learn_ros/chapt3/topic_practice_ws/install/status_interfaces/share/status_interfaces/environment/pythonpath.sh
[0.214s] -- Up-to-date: /home/nvidia/learn_ros/chapt3/topic_practice_ws/install/status_interfaces/share/status_interfaces/environment/pythonpath.dsv
[0.214s] -- Up-to-date: /home/nvidia/learn_ros/chapt3/topic_practice_ws/install/status_interfaces/local/lib/python3.10/dist-packages/status_interfaces-0.0.0-py3.10.egg-info
[0.214s] -- Installing: /home/nvidia/learn_ros/chapt3/topic_practice_ws/install/status_interfaces/local/lib/python3.10/dist-packages/status_interfaces-0.0.0-py3.10.egg-info/SOURCES.txt
[0.214s] -- Installing: /home/nvidia/learn_ros/chapt3/topic_practice_ws/install/status_interfaces/local/lib/python3.10/dist-packages/status_interfaces-0.0.0-py3.10.egg-info/dependency_links.txt
[0.214s] -- Installing: /home/nvidia/learn_ros/chapt3/topic_practice_ws/install/status_interfaces/local/lib/python3.10/dist-packages/status_interfaces-0.0.0-py3.10.egg-info/PKG-INFO
[0.214s] -- Installing: /home/nvidia/learn_ros/chapt3/topic_practice_ws/install/status_interfaces/local/lib/python3.10/dist-packages/status_interfaces-0.0.0-py3.10.egg-info/top_level.txt
[0.214s] -- Up-to-date: /home/nvidia/learn_ros/chapt3/topic_practice_ws/install/status_interfaces/local/lib/python3.10/dist-packages/status_interfaces
[0.214s] -- Up-to-date: /home/nvidia/learn_ros/chapt3/topic_practice_ws/install/status_interfaces/local/lib/python3.10/dist-packages/status_interfaces/msg
[0.214s] -- Up-to-date: /home/nvidia/learn_ros/chapt3/topic_practice_ws/install/status_interfaces/local/lib/python3.10/dist-packages/status_interfaces/msg/_system_status_s.c
[0.214s] -- Up-to-date: /home/nvidia/learn_ros/chapt3/topic_practice_ws/install/status_interfaces/local/lib/python3.10/dist-packages/status_interfaces/msg/_system_status.py
[0.214s] -- Up-to-date: /home/nvidia/learn_ros/chapt3/topic_practice_ws/install/status_interfaces/local/lib/python3.10/dist-packages/status_interfaces/msg/__init__.py
[0.214s] -- Up-to-date: /home/nvidia/learn_ros/chapt3/topic_practice_ws/install/status_interfaces/local/lib/python3.10/dist-packages/status_interfaces/_status_interfaces_s.ep.rosidl_typesupport_introspection_c.c
[0.214s] -- Up-to-date: /home/nvidia/learn_ros/chapt3/topic_practice_ws/install/status_interfaces/local/lib/python3.10/dist-packages/status_interfaces/libstatus_interfaces__rosidl_generator_py.so
[0.214s] -- Up-to-date: /home/nvidia/learn_ros/chapt3/topic_practice_ws/install/status_interfaces/local/lib/python3.10/dist-packages/status_interfaces/status_interfaces_s__rosidl_typesupport_fastrtps_c.cpython-310-x86_64-linux-gnu.so
[0.214s] -- Up-to-date: /home/nvidia/learn_ros/chapt3/topic_practice_ws/install/status_interfaces/local/lib/python3.10/dist-packages/status_interfaces/status_interfaces_s__rosidl_typesupport_introspection_c.cpython-310-x86_64-linux-gnu.so
[0.214s] -- Up-to-date: /home/nvidia/learn_ros/chapt3/topic_practice_ws/install/status_interfaces/local/lib/python3.10/dist-packages/status_interfaces/_status_interfaces_s.ep.rosidl_typesupport_c.c
[0.214s] -- Up-to-date: /home/nvidia/learn_ros/chapt3/topic_practice_ws/install/status_interfaces/local/lib/python3.10/dist-packages/status_interfaces/status_interfaces_s__rosidl_typesupport_c.cpython-310-x86_64-linux-gnu.so
[0.214s] -- Up-to-date: /home/nvidia/learn_ros/chapt3/topic_practice_ws/install/status_interfaces/local/lib/python3.10/dist-packages/status_interfaces/__init__.py
[0.214s] -- Up-to-date: /home/nvidia/learn_ros/chapt3/topic_practice_ws/install/status_interfaces/local/lib/python3.10/dist-packages/status_interfaces/_status_interfaces_s.ep.rosidl_typesupport_fastrtps_c.c
[0.233s] Listing '/home/nvidia/learn_ros/chapt3/topic_practice_ws/install/status_interfaces/local/lib/python3.10/dist-packages/status_interfaces'...
[0.233s] Listing '/home/nvidia/learn_ros/chapt3/topic_practice_ws/install/status_interfaces/local/lib/python3.10/dist-packages/status_interfaces/msg'...
[0.235s] -- Up-to-date: /home/nvidia/learn_ros/chapt3/topic_practice_ws/install/status_interfaces/local/lib/python3.10/dist-packages/status_interfaces/status_interfaces_s__rosidl_typesupport_fastrtps_c.cpython-310-x86_64-linux-gnu.so
[0.235s] -- Up-to-date: /home/nvidia/learn_ros/chapt3/topic_practice_ws/install/status_interfaces/local/lib/python3.10/dist-packages/status_interfaces/status_interfaces_s__rosidl_typesupport_introspection_c.cpython-310-x86_64-linux-gnu.so
[0.235s] -- Up-to-date: /home/nvidia/learn_ros/chapt3/topic_practice_ws/install/status_interfaces/local/lib/python3.10/dist-packages/status_interfaces/status_interfaces_s__rosidl_typesupport_c.cpython-310-x86_64-linux-gnu.so
[0.236s] -- Up-to-date: /home/nvidia/learn_ros/chapt3/topic_practice_ws/install/status_interfaces/lib/libstatus_interfaces__rosidl_generator_py.so
[0.236s] -- Up-to-date: /home/nvidia/learn_ros/chapt3/topic_practice_ws/install/status_interfaces/share/status_interfaces/rust
[0.236s] -- Up-to-date: /home/nvidia/learn_ros/chapt3/topic_practice_ws/install/status_interfaces/share/status_interfaces/rust/Cargo.toml
[0.236s] -- Up-to-date: /home/nvidia/learn_ros/chapt3/topic_practice_ws/install/status_interfaces/share/status_interfaces/rust/src
[0.236s] -- Up-to-date: /home/nvidia/learn_ros/chapt3/topic_practice_ws/install/status_interfaces/share/status_interfaces/rust/src/msg
[0.237s] -- Up-to-date: /home/nvidia/learn_ros/chapt3/topic_practice_ws/install/status_interfaces/share/status_interfaces/rust/src/msg/rmw.rs
[0.237s] -- Up-to-date: /home/nvidia/learn_ros/chapt3/topic_practice_ws/install/status_interfaces/share/status_interfaces/rust/src/lib.rs
[0.237s] -- Up-to-date: /home/nvidia/learn_ros/chapt3/topic_practice_ws/install/status_interfaces/share/status_interfaces/rust/src/msg.rs
[0.237s] -- Up-to-date: /home/nvidia/learn_ros/chapt3/topic_practice_ws/install/status_interfaces/share/status_interfaces/rust/build.rs
[0.237s] -- Up-to-date: /home/nvidia/learn_ros/chapt3/topic_practice_ws/install/status_interfaces/share/status_interfaces/msg/SystemStatus.idl
[0.237s] -- Up-to-date: /home/nvidia/learn_ros/chapt3/topic_practice_ws/install/status_interfaces/share/status_interfaces/msg/SystemStatus.msg
[0.238s] -- Up-to-date: /home/nvidia/learn_ros/chapt3/topic_practice_ws/install/status_interfaces/share/ament_index/resource_index/package_run_dependencies/status_interfaces
[0.238s] -- Up-to-date: /home/nvidia/learn_ros/chapt3/topic_practice_ws/install/status_interfaces/share/ament_index/resource_index/parent_prefix_path/status_interfaces
[0.238s] -- Up-to-date: /home/nvidia/learn_ros/chapt3/topic_practice_ws/install/status_interfaces/share/status_interfaces/environment/ament_prefix_path.sh
[0.238s] -- Up-to-date: /home/nvidia/learn_ros/chapt3/topic_practice_ws/install/status_interfaces/share/status_interfaces/environment/ament_prefix_path.dsv
[0.238s] -- Up-to-date: /home/nvidia/learn_ros/chapt3/topic_practice_ws/install/status_interfaces/share/status_interfaces/environment/path.sh
[0.238s] -- Up-to-date: /home/nvidia/learn_ros/chapt3/topic_practice_ws/install/status_interfaces/share/status_interfaces/environment/path.dsv
[0.238s] -- Up-to-date: /home/nvidia/learn_ros/chapt3/topic_practice_ws/install/status_interfaces/share/status_interfaces/local_setup.bash
[0.238s] -- Up-to-date: /home/nvidia/learn_ros/chapt3/topic_practice_ws/install/status_interfaces/share/status_interfaces/local_setup.sh
[0.238s] -- Up-to-date: /home/nvidia/learn_ros/chapt3/topic_practice_ws/install/status_interfaces/share/status_interfaces/local_setup.zsh
[0.238s] -- Up-to-date: /home/nvidia/learn_ros/chapt3/topic_practice_ws/install/status_interfaces/share/status_interfaces/local_setup.dsv
[0.238s] -- Installing: /home/nvidia/learn_ros/chapt3/topic_practice_ws/install/status_interfaces/share/status_interfaces/package.dsv
[0.238s] -- Up-to-date: /home/nvidia/learn_ros/chapt3/topic_practice_ws/install/status_interfaces/share/ament_index/resource_index/packages/status_interfaces
[0.238s] -- Up-to-date: /home/nvidia/learn_ros/chapt3/topic_practice_ws/install/status_interfaces/share/status_interfaces/cmake/export_status_interfaces__rosidl_generator_cExport.cmake
[0.238s] -- Up-to-date: /home/nvidia/learn_ros/chapt3/topic_practice_ws/install/status_interfaces/share/status_interfaces/cmake/export_status_interfaces__rosidl_generator_cExport-noconfig.cmake
[0.238s] -- Up-to-date: /home/nvidia/learn_ros/chapt3/topic_practice_ws/install/status_interfaces/share/status_interfaces/cmake/export_status_interfaces__rosidl_typesupport_fastrtps_cExport.cmake
[0.238s] -- Up-to-date: /home/nvidia/learn_ros/chapt3/topic_practice_ws/install/status_interfaces/share/status_interfaces/cmake/export_status_interfaces__rosidl_typesupport_fastrtps_cExport-noconfig.cmake
[0.238s] -- Up-to-date: /home/nvidia/learn_ros/chapt3/topic_practice_ws/install/status_interfaces/share/status_interfaces/cmake/export_status_interfaces__rosidl_generator_cppExport.cmake
[0.238s] -- Up-to-date: /home/nvidia/learn_ros/chapt3/topic_practice_ws/install/status_interfaces/share/status_interfaces/cmake/export_status_interfaces__rosidl_typesupport_fastrtps_cppExport.cmake
[0.238s] -- Up-to-date: /home/nvidia/learn_ros/chapt3/topic_practice_ws/install/status_interfaces/share/status_interfaces/cmake/export_status_interfaces__rosidl_typesupport_fastrtps_cppExport-noconfig.cmake
[0.238s] -- Up-to-date: /home/nvidia/learn_ros/chapt3/topic_practice_ws/install/status_interfaces/share/status_interfaces/cmake/status_interfaces__rosidl_typesupport_introspection_cExport.cmake
[0.238s] -- Up-to-date: /home/nvidia/learn_ros/chapt3/topic_practice_ws/install/status_interfaces/share/status_interfaces/cmake/status_interfaces__rosidl_typesupport_introspection_cExport-noconfig.cmake
[0.239s] -- Up-to-date: /home/nvidia/learn_ros/chapt3/topic_practice_ws/install/status_interfaces/share/status_interfaces/cmake/status_interfaces__rosidl_typesupport_cExport.cmake
[0.239s] -- Up-to-date: /home/nvidia/learn_ros/chapt3/topic_practice_ws/install/status_interfaces/share/status_interfaces/cmake/status_interfaces__rosidl_typesupport_cExport-noconfig.cmake
[0.239s] -- Up-to-date: /home/nvidia/learn_ros/chapt3/topic_practice_ws/install/status_interfaces/share/status_interfaces/cmake/status_interfaces__rosidl_typesupport_introspection_cppExport.cmake
[0.240s] -- Up-to-date: /home/nvidia/learn_ros/chapt3/topic_practice_ws/install/status_interfaces/share/status_interfaces/cmake/status_interfaces__rosidl_typesupport_introspection_cppExport-noconfig.cmake
[0.241s] -- Up-to-date: /home/nvidia/learn_ros/chapt3/topic_practice_ws/install/status_interfaces/share/status_interfaces/cmake/status_interfaces__rosidl_typesupport_cppExport.cmake
[0.241s] -- Up-to-date: /home/nvidia/learn_ros/chapt3/topic_practice_ws/install/status_interfaces/share/status_interfaces/cmake/status_interfaces__rosidl_typesupport_cppExport-noconfig.cmake
[0.241s] -- Up-to-date: /home/nvidia/learn_ros/chapt3/topic_practice_ws/install/status_interfaces/share/status_interfaces/cmake/export_status_interfaces__rosidl_generator_pyExport.cmake
[0.241s] -- Up-to-date: /home/nvidia/learn_ros/chapt3/topic_practice_ws/install/status_interfaces/share/status_interfaces/cmake/export_status_interfaces__rosidl_generator_pyExport-noconfig.cmake
[0.242s] -- Up-to-date: /home/nvidia/learn_ros/chapt3/topic_practice_ws/install/status_interfaces/share/status_interfaces/cmake/rosidl_cmake-extras.cmake
[0.242s] -- Up-to-date: /home/nvidia/learn_ros/chapt3/topic_practice_ws/install/status_interfaces/share/status_interfaces/cmake/ament_cmake_export_dependencies-extras.cmake
[0.243s] -- Up-to-date: /home/nvidia/learn_ros/chapt3/topic_practice_ws/install/status_interfaces/share/status_interfaces/cmake/ament_cmake_export_include_directories-extras.cmake
[0.243s] -- Up-to-date: /home/nvidia/learn_ros/chapt3/topic_practice_ws/install/status_interfaces/share/status_interfaces/cmake/ament_cmake_export_libraries-extras.cmake
[0.243s] -- Up-to-date: /home/nvidia/learn_ros/chapt3/topic_practice_ws/install/status_interfaces/share/status_interfaces/cmake/ament_cmake_export_targets-extras.cmake
[0.244s] -- Up-to-date: /home/nvidia/learn_ros/chapt3/topic_practice_ws/install/status_interfaces/share/status_interfaces/cmake/rosidl_cmake_export_typesupport_targets-extras.cmake
[0.244s] -- Up-to-date: /home/nvidia/learn_ros/chapt3/topic_practice_ws/install/status_interfaces/share/status_interfaces/cmake/rosidl_cmake_export_typesupport_libraries-extras.cmake
[0.244s] -- Up-to-date: /home/nvidia/learn_ros/chapt3/topic_practice_ws/install/status_interfaces/share/status_interfaces/cmake/rosidl_cmake_aggregate_target-extras.cmake
[0.244s] -- Up-to-date: /home/nvidia/learn_ros/chapt3/topic_practice_ws/install/status_interfaces/share/status_interfaces/cmake/status_interfacesConfig.cmake
[0.244s] -- Up-to-date: /home/nvidia/learn_ros/chapt3/topic_practice_ws/install/status_interfaces/share/status_interfaces/cmake/status_interfacesConfig-version.cmake
[0.245s] -- Up-to-date: /home/nvidia/learn_ros/chapt3/topic_practice_ws/install/status_interfaces/share/status_interfaces/package.xml
[0.245s] Invoked command in '/home/nvidia/learn_ros/chapt3/topic_practice_ws/build/status_interfaces' returned '0': CMAKE_PREFIX_PATH=${CMAKE_PREFIX_PATH}:/home/nvidia/learn_ros/chapt3/topic_practice_ws/install/status_pulisher:/opt/ros/humble /usr/bin/cmake --install /home/nvidia/learn_ros/chapt3/topic_practice_ws/build/status_interfaces
