[0.501s] Invoking command in '/home/nvidia/learn_ros/chapt3/topic_ws/src/demo_python_topic': PYTHONPATH=/home/nvidia/learn_ros/chapt3/topic_ws/build/demo_python_topic/prefix_override:/usr/lib/python3/dist-packages/colcon_core/task/python/colcon_distutils_commands:/home/nvidia/learn_ros/chapt3/topic_ws/install/demo_python_topic/lib/python3.10/site-packages:${PYTHONPATH} /usr/bin/python3 -W ignore:setup.py install is deprecated -W ignore:easy_install command is deprecated setup.py egg_info --egg-base ../../build/demo_python_topic build --build-base /home/nvidia/learn_ros/chapt3/topic_ws/build/demo_python_topic/build install --record /home/nvidia/learn_ros/chapt3/topic_ws/build/demo_python_topic/install.log --install-scripts $base/lib/demo_python_topic --single-version-externally-managed install_data
[0.645s] running egg_info
[0.646s] writing ../../build/demo_python_topic/demo_python_topic.egg-info/PKG-INFO
[0.647s] writing dependency_links to ../../build/demo_python_topic/demo_python_topic.egg-info/dependency_links.txt
[0.647s] writing entry points to ../../build/demo_python_topic/demo_python_topic.egg-info/entry_points.txt
[0.647s] writing requirements to ../../build/demo_python_topic/demo_python_topic.egg-info/requires.txt
[0.647s] writing top-level names to ../../build/demo_python_topic/demo_python_topic.egg-info/top_level.txt
[0.648s] reading manifest file '../../build/demo_python_topic/demo_python_topic.egg-info/SOURCES.txt'
[0.648s] adding license file 'LICENSE'
[0.648s] writing manifest file '../../build/demo_python_topic/demo_python_topic.egg-info/SOURCES.txt'
[0.648s] running build
[0.648s] running build_py
[0.648s] running install
[0.649s] running install_lib
[0.649s] running install_data
[0.649s] running install_egg_info
[0.651s] removing '/home/nvidia/learn_ros/chapt3/topic_ws/install/demo_python_topic/lib/python3.10/site-packages/demo_python_topic-0.0.0-py3.10.egg-info' (and everything under it)
[0.651s] Copying ../../build/demo_python_topic/demo_python_topic.egg-info to /home/nvidia/learn_ros/chapt3/topic_ws/install/demo_python_topic/lib/python3.10/site-packages/demo_python_topic-0.0.0-py3.10.egg-info
[0.653s] running install_scripts
[0.670s] Installing novel_pub_node script to /home/nvidia/learn_ros/chapt3/topic_ws/install/demo_python_topic/lib/demo_python_topic
[0.670s] Installing novel_sub_node script to /home/nvidia/learn_ros/chapt3/topic_ws/install/demo_python_topic/lib/demo_python_topic
[0.671s] writing list of installed files to '/home/nvidia/learn_ros/chapt3/topic_ws/build/demo_python_topic/install.log'
[0.687s] Invoked command in '/home/nvidia/learn_ros/chapt3/topic_ws/src/demo_python_topic' returned '0': PYTHONPATH=/home/nvidia/learn_ros/chapt3/topic_ws/build/demo_python_topic/prefix_override:/usr/lib/python3/dist-packages/colcon_core/task/python/colcon_distutils_commands:/home/nvidia/learn_ros/chapt3/topic_ws/install/demo_python_topic/lib/python3.10/site-packages:${PYTHONPATH} /usr/bin/python3 -W ignore:setup.py install is deprecated -W ignore:easy_install command is deprecated setup.py egg_info --egg-base ../../build/demo_python_topic build --build-base /home/nvidia/learn_ros/chapt3/topic_ws/build/demo_python_topic/build install --record /home/nvidia/learn_ros/chapt3/topic_ws/build/demo_python_topic/install.log --install-scripts $base/lib/demo_python_topic --single-version-externally-managed install_data
