[0.538s] Invoking command in '/home/nvidia/learn_ros/chapt3/topic_ws/src/demo_python_topic': PYTHONPATH=/home/nvidia/learn_ros/chapt3/topic_ws/build/demo_python_topic/prefix_override:/usr/lib/python3/dist-packages/colcon_core/task/python/colcon_distutils_commands:/home/nvidia/learn_ros/chapt3/topic_ws/install/demo_python_topic/lib/python3.10/site-packages:${PYTHONPATH} /usr/bin/python3 -W ignore:setup.py install is deprecated -W ignore:easy_install command is deprecated setup.py egg_info --egg-base ../../build/demo_python_topic build --build-base /home/nvidia/learn_ros/chapt3/topic_ws/build/demo_python_topic/build install --record /home/nvidia/learn_ros/chapt3/topic_ws/build/demo_python_topic/install.log --install-scripts $base/lib/demo_python_topic --single-version-externally-managed install_data
[0.663s] running egg_info
[0.663s] creating ../../build/demo_python_topic/demo_python_topic.egg-info
[0.663s] writing ../../build/demo_python_topic/demo_python_topic.egg-info/PKG-INFO
[0.664s] writing dependency_links to ../../build/demo_python_topic/demo_python_topic.egg-info/dependency_links.txt
[0.664s] writing entry points to ../../build/demo_python_topic/demo_python_topic.egg-info/entry_points.txt
[0.664s] writing requirements to ../../build/demo_python_topic/demo_python_topic.egg-info/requires.txt
[0.664s] writing top-level names to ../../build/demo_python_topic/demo_python_topic.egg-info/top_level.txt
[0.664s] writing manifest file '../../build/demo_python_topic/demo_python_topic.egg-info/SOURCES.txt'
[0.665s] reading manifest file '../../build/demo_python_topic/demo_python_topic.egg-info/SOURCES.txt'
[0.665s] adding license file 'LICENSE'
[0.665s] writing manifest file '../../build/demo_python_topic/demo_python_topic.egg-info/SOURCES.txt'
[0.665s] running build
[0.665s] running build_py
[0.665s] creating /home/nvidia/learn_ros/chapt3/topic_ws/build/demo_python_topic/build
[0.666s] creating /home/nvidia/learn_ros/chapt3/topic_ws/build/demo_python_topic/build/lib
[0.666s] creating /home/nvidia/learn_ros/chapt3/topic_ws/build/demo_python_topic/build/lib/demo_python_topic
[0.666s] copying demo_python_topic/novel_sub_node.py -> /home/nvidia/learn_ros/chapt3/topic_ws/build/demo_python_topic/build/lib/demo_python_topic
[0.666s] copying demo_python_topic/novel_pub_node.py -> /home/nvidia/learn_ros/chapt3/topic_ws/build/demo_python_topic/build/lib/demo_python_topic
[0.666s] copying demo_python_topic/__init__.py -> /home/nvidia/learn_ros/chapt3/topic_ws/build/demo_python_topic/build/lib/demo_python_topic
[0.666s] running install
[0.666s] running install_lib
[0.667s] creating /home/nvidia/learn_ros/chapt3/topic_ws/install/demo_python_topic/lib/python3.10/site-packages/demo_python_topic
[0.667s] copying /home/nvidia/learn_ros/chapt3/topic_ws/build/demo_python_topic/build/lib/demo_python_topic/novel_sub_node.py -> /home/nvidia/learn_ros/chapt3/topic_ws/install/demo_python_topic/lib/python3.10/site-packages/demo_python_topic
[0.667s] copying /home/nvidia/learn_ros/chapt3/topic_ws/build/demo_python_topic/build/lib/demo_python_topic/novel_pub_node.py -> /home/nvidia/learn_ros/chapt3/topic_ws/install/demo_python_topic/lib/python3.10/site-packages/demo_python_topic
[0.667s] copying /home/nvidia/learn_ros/chapt3/topic_ws/build/demo_python_topic/build/lib/demo_python_topic/__init__.py -> /home/nvidia/learn_ros/chapt3/topic_ws/install/demo_python_topic/lib/python3.10/site-packages/demo_python_topic
[0.667s] byte-compiling /home/nvidia/learn_ros/chapt3/topic_ws/install/demo_python_topic/lib/python3.10/site-packages/demo_python_topic/novel_sub_node.py to novel_sub_node.cpython-310.pyc
[0.668s] byte-compiling /home/nvidia/learn_ros/chapt3/topic_ws/install/demo_python_topic/lib/python3.10/site-packages/demo_python_topic/novel_pub_node.py to novel_pub_node.cpython-310.pyc
[0.668s] byte-compiling /home/nvidia/learn_ros/chapt3/topic_ws/install/demo_python_topic/lib/python3.10/site-packages/demo_python_topic/__init__.py to __init__.cpython-310.pyc
[0.668s] running install_data
[0.668s] creating /home/nvidia/learn_ros/chapt3/topic_ws/install/demo_python_topic/share/ament_index
[0.668s] creating /home/nvidia/learn_ros/chapt3/topic_ws/install/demo_python_topic/share/ament_index/resource_index
[0.669s] creating /home/nvidia/learn_ros/chapt3/topic_ws/install/demo_python_topic/share/ament_index/resource_index/packages
[0.669s] copying resource/demo_python_topic -> /home/nvidia/learn_ros/chapt3/topic_ws/install/demo_python_topic/share/ament_index/resource_index/packages
[0.669s] copying package.xml -> /home/nvidia/learn_ros/chapt3/topic_ws/install/demo_python_topic/share/demo_python_topic
[0.669s] running install_egg_info
[0.670s] Copying ../../build/demo_python_topic/demo_python_topic.egg-info to /home/nvidia/learn_ros/chapt3/topic_ws/install/demo_python_topic/lib/python3.10/site-packages/demo_python_topic-0.0.0-py3.10.egg-info
[0.670s] running install_scripts
[0.684s] Installing novel_pub_node script to /home/nvidia/learn_ros/chapt3/topic_ws/install/demo_python_topic/lib/demo_python_topic
[0.684s] Installing novel_sub_node script to /home/nvidia/learn_ros/chapt3/topic_ws/install/demo_python_topic/lib/demo_python_topic
[0.684s] writing list of installed files to '/home/nvidia/learn_ros/chapt3/topic_ws/build/demo_python_topic/install.log'
[0.696s] Invoked command in '/home/nvidia/learn_ros/chapt3/topic_ws/src/demo_python_topic' returned '0': PYTHONPATH=/home/nvidia/learn_ros/chapt3/topic_ws/build/demo_python_topic/prefix_override:/usr/lib/python3/dist-packages/colcon_core/task/python/colcon_distutils_commands:/home/nvidia/learn_ros/chapt3/topic_ws/install/demo_python_topic/lib/python3.10/site-packages:${PYTHONPATH} /usr/bin/python3 -W ignore:setup.py install is deprecated -W ignore:easy_install command is deprecated setup.py egg_info --egg-base ../../build/demo_python_topic build --build-base /home/nvidia/learn_ros/chapt3/topic_ws/build/demo_python_topic/build install --record /home/nvidia/learn_ros/chapt3/topic_ws/build/demo_python_topic/install.log --install-scripts $base/lib/demo_python_topic --single-version-externally-managed install_data
