[0.657s] Invoking command in '/home/nvidia/learn_ros/chapt3/topic_ws/src/demo_python_topic': PYTHONPATH=/home/nvidia/learn_ros/chapt3/topic_ws/build/demo_python_topic/prefix_override:/usr/lib/python3/dist-packages/colcon_core/task/python/colcon_distutils_commands:/home/nvidia/learn_ros/chapt3/topic_ws/install/demo_python_topic/lib/python3.10/site-packages:${PYTHONPATH} /usr/bin/python3 -W ignore:setup.py install is deprecated -W ignore:easy_install command is deprecated setup.py egg_info --egg-base ../../build/demo_python_topic build --build-base /home/nvidia/learn_ros/chapt3/topic_ws/build/demo_python_topic/build install --record /home/nvidia/learn_ros/chapt3/topic_ws/build/demo_python_topic/install.log --install-scripts $base/lib/demo_python_topic --single-version-externally-managed install_data
[0.826s] running egg_info
[0.826s] creating ../../build/demo_python_topic/demo_python_topic.egg-info
[0.827s] writing ../../build/demo_python_topic/demo_python_topic.egg-info/PKG-INFO
[0.827s] writing dependency_links to ../../build/demo_python_topic/demo_python_topic.egg-info/dependency_links.txt
[0.827s] writing entry points to ../../build/demo_python_topic/demo_python_topic.egg-info/entry_points.txt
[0.827s] writing requirements to ../../build/demo_python_topic/demo_python_topic.egg-info/requires.txt
[0.827s] writing top-level names to ../../build/demo_python_topic/demo_python_topic.egg-info/top_level.txt
[0.827s] writing manifest file '../../build/demo_python_topic/demo_python_topic.egg-info/SOURCES.txt'
[0.828s] reading manifest file '../../build/demo_python_topic/demo_python_topic.egg-info/SOURCES.txt'
[0.828s] adding license file 'LICENSE'
[0.829s] writing manifest file '../../build/demo_python_topic/demo_python_topic.egg-info/SOURCES.txt'
[0.829s] running build
[0.829s] running build_py
[0.829s] creating /home/nvidia/learn_ros/chapt3/topic_ws/build/demo_python_topic/build
[0.829s] creating /home/nvidia/learn_ros/chapt3/topic_ws/build/demo_python_topic/build/lib
[0.829s] creating /home/nvidia/learn_ros/chapt3/topic_ws/build/demo_python_topic/build/lib/demo_python_topic
[0.829s] copying demo_python_topic/__init__.py -> /home/nvidia/learn_ros/chapt3/topic_ws/build/demo_python_topic/build/lib/demo_python_topic
[0.830s] running install
[0.830s] running install_lib
[0.830s] creating /home/nvidia/learn_ros/chapt3/topic_ws/install/demo_python_topic/lib/python3.10/site-packages/demo_python_topic
[0.831s] copying /home/nvidia/learn_ros/chapt3/topic_ws/build/demo_python_topic/build/lib/demo_python_topic/__init__.py -> /home/nvidia/learn_ros/chapt3/topic_ws/install/demo_python_topic/lib/python3.10/site-packages/demo_python_topic
[0.832s] byte-compiling /home/nvidia/learn_ros/chapt3/topic_ws/install/demo_python_topic/lib/python3.10/site-packages/demo_python_topic/__init__.py to __init__.cpython-310.pyc
[0.832s] running install_data
[0.832s] creating /home/nvidia/learn_ros/chapt3/topic_ws/install/demo_python_topic/share/ament_index
[0.832s] creating /home/nvidia/learn_ros/chapt3/topic_ws/install/demo_python_topic/share/ament_index/resource_index
[0.832s] creating /home/nvidia/learn_ros/chapt3/topic_ws/install/demo_python_topic/share/ament_index/resource_index/packages
[0.832s] copying resource/demo_python_topic -> /home/nvidia/learn_ros/chapt3/topic_ws/install/demo_python_topic/share/ament_index/resource_index/packages
[0.832s] copying package.xml -> /home/nvidia/learn_ros/chapt3/topic_ws/install/demo_python_topic/share/demo_python_topic
[0.832s] running install_egg_info
[0.834s] Copying ../../build/demo_python_topic/demo_python_topic.egg-info to /home/nvidia/learn_ros/chapt3/topic_ws/install/demo_python_topic/lib/python3.10/site-packages/demo_python_topic-0.0.0-py3.10.egg-info
[0.834s] running install_scripts
[0.852s] writing list of installed files to '/home/nvidia/learn_ros/chapt3/topic_ws/build/demo_python_topic/install.log'
[0.875s] Invoked command in '/home/nvidia/learn_ros/chapt3/topic_ws/src/demo_python_topic' returned '0': PYTHONPATH=/home/nvidia/learn_ros/chapt3/topic_ws/build/demo_python_topic/prefix_override:/usr/lib/python3/dist-packages/colcon_core/task/python/colcon_distutils_commands:/home/nvidia/learn_ros/chapt3/topic_ws/install/demo_python_topic/lib/python3.10/site-packages:${PYTHONPATH} /usr/bin/python3 -W ignore:setup.py install is deprecated -W ignore:easy_install command is deprecated setup.py egg_info --egg-base ../../build/demo_python_topic build --build-base /home/nvidia/learn_ros/chapt3/topic_ws/build/demo_python_topic/build install --record /home/nvidia/learn_ros/chapt3/topic_ws/build/demo_python_topic/install.log --install-scripts $base/lib/demo_python_topic --single-version-externally-managed install_data
