[0.007s] Invoking command in '/home/nvidia/learn_ros/chapt3/topic_practice_ws/build/status_interfaces': CMAKE_PREFIX_PATH=/opt/ros/humble /usr/bin/cmake /home/nvidia/learn_ros/chapt3/topic_practice_ws/src/status_interfaces -DCMAKE_INSTALL_PREFIX=/home/nvidia/learn_ros/chapt3/topic_practice_ws/install/status_interfaces
[0.013s] -- Found ament_cmake: 1.3.14 (/opt/ros/humble/share/ament_cmake/cmake)
[0.085s] -- Found builtin_interfaces: 1.2.3 (/opt/ros/humble/share/builtin_interfaces/cmake)
[0.410s] -- Found rosidl_generator_c: 3.1.9 (/opt/ros/humble/share/rosidl_generator_c/cmake)
[0.411s] -- Found rosidl_adapter: 3.1.9 (/opt/ros/humble/share/rosidl_adapter/cmake)
[0.414s] -- Found rosidl_generator_cpp: 3.1.9 (/opt/ros/humble/share/rosidl_generator_cpp/cmake)
[0.419s] -- Using all available rosidl_typesupport_c: rosidl_typesupport_fastrtps_c;rosidl_typesupport_introspection_c
[0.427s] -- Using all available rosidl_typesupport_cpp: rosidl_typesupport_fastrtps_cpp;rosidl_typesupport_introspection_cpp
[0.433s] -- Found rosidl_default_generators: 1.2.1 (/opt/ros/humble/share/rosidl_default_generators/cmake)
[0.596s] -- Found ament_cmake_ros: 0.10.1 (/opt/ros/humble/share/ament_cmake_ros/cmake)
[0.789s] -- Using all available rosidl_typesupport_c: rosidl_typesupport_fastrtps_c;rosidl_typesupport_introspection_c
[0.862s] -- Using all available rosidl_typesupport_cpp: rosidl_typesupport_fastrtps_cpp;rosidl_typesupport_introspection_cpp
[1.233s] -- Found PythonInterp: /usr/bin/python3 (found suitable version "3.10.12", minimum required is "3.6") 
[1.240s] -- Found python_cmake_module: 0.10.0 (/opt/ros/humble/share/python_cmake_module/cmake)
[2.415s] -- Found PythonLibs: /usr/lib/x86_64-linux-gnu/libpython3.10.so (found suitable version "3.10.12", minimum required is "3.5") 
[2.415s] -- Using PYTHON_EXECUTABLE: /usr/bin/python3
[2.415s] -- Using PYTHON_INCLUDE_DIRS: /usr/include/python3.10
[2.415s] -- Using PYTHON_LIBRARIES: /usr/lib/x86_64-linux-gnu/libpython3.10.so
[2.428s] -- Found PythonExtra: .so  
[2.611s] -- Found ament_lint_auto: 0.12.15 (/opt/ros/humble/share/ament_lint_auto/cmake)
[2.637s] -- Added test 'lint_cmake' to check CMake code style
[2.638s] -- Added test 'xmllint' to check XML markup files
[2.641s] -- Configuring done
[2.666s] -- Generating done
[2.673s] -- Build files have been written to: /home/nvidia/learn_ros/chapt3/topic_practice_ws/build/status_interfaces
[2.678s] Invoked command in '/home/nvidia/learn_ros/chapt3/topic_practice_ws/build/status_interfaces' returned '0': CMAKE_PREFIX_PATH=/opt/ros/humble /usr/bin/cmake /home/nvidia/learn_ros/chapt3/topic_practice_ws/src/status_interfaces -DCMAKE_INSTALL_PREFIX=/home/nvidia/learn_ros/chapt3/topic_practice_ws/install/status_interfaces
[2.680s] Invoking command in '/home/nvidia/learn_ros/chapt3/topic_practice_ws/build/status_interfaces': CMAKE_PREFIX_PATH=/opt/ros/humble /usr/bin/cmake --build /home/nvidia/learn_ros/chapt3/topic_practice_ws/build/status_interfaces -- -j24 -l24
[2.702s] [  3%] [34m[1mGenerating C code for ROS interfaces[0m
[2.707s] [  6%] [34m[1mGenerating C++ code for ROS interfaces[0m
[2.708s] [  9%] [34m[1mGenerating Rust code for ROS interfaces[0m
[2.720s] [  9%] Built target ament_cmake_python_copy_status_interfaces
[2.846s] running egg_info
[2.846s] creating status_interfaces.egg-info
[2.847s] writing status_interfaces.egg-info/PKG-INFO
[2.847s] writing dependency_links to status_interfaces.egg-info/dependency_links.txt
[2.847s] writing top-level names to status_interfaces.egg-info/top_level.txt
[2.847s] writing manifest file 'status_interfaces.egg-info/SOURCES.txt'
[2.849s] reading manifest file 'status_interfaces.egg-info/SOURCES.txt'
[2.850s] writing manifest file 'status_interfaces.egg-info/SOURCES.txt'
[2.866s] [  9%] Built target ament_cmake_python_build_status_interfaces_egg
[2.891s] [  9%] Built target status_interfaces__rs
[2.901s] [  9%] Built target status_interfaces__cpp
[2.906s] [ 18%] [34m[1mGenerating C++ type support dispatch for ROS interfaces[0m
[2.906s] [ 18%] [34m[1mGenerating C++ introspection for ROS interfaces[0m
[2.906s] [ 18%] [34m[1mGenerating C++ type support for eProsima Fast-RTPS[0m
[2.907s] [ 21%] [32mBuilding C object CMakeFiles/status_interfaces__rosidl_generator_c.dir/rosidl_generator_c/status_interfaces/msg/detail/system_status__functions.c.o[0m
[3.010s] [ 25%] [32m[1mLinking C shared library libstatus_interfaces__rosidl_generator_c.so[0m
[3.091s] [ 28%] [32mBuilding CXX object CMakeFiles/status_interfaces__rosidl_typesupport_cpp.dir/rosidl_typesupport_cpp/status_interfaces/msg/system_status__type_support.cpp.o[0m
[3.102s] [ 31%] [32mBuilding CXX object CMakeFiles/status_interfaces__rosidl_typesupport_introspection_cpp.dir/rosidl_typesupport_introspection_cpp/status_interfaces/msg/detail/system_status__type_support.cpp.o[0m
[3.104s] [ 34%] [32mBuilding CXX object CMakeFiles/status_interfaces__rosidl_typesupport_fastrtps_cpp.dir/rosidl_typesupport_fastrtps_cpp/status_interfaces/msg/detail/dds_fastrtps/system_status__type_support.cpp.o[0m
[3.283s] [ 37%] [32m[1mLinking CXX shared library libstatus_interfaces__rosidl_typesupport_cpp.so[0m
[3.351s] [ 40%] [32m[1mLinking CXX shared library libstatus_interfaces__rosidl_typesupport_introspection_cpp.so[0m
[3.361s] [ 43%] [32m[1mLinking CXX shared library libstatus_interfaces__rosidl_typesupport_fastrtps_cpp.so[0m
[3.407s] [ 43%] Built target status_interfaces__rosidl_generator_c
[3.413s] [ 53%] [34m[1mGenerating C type support dispatch for ROS interfaces[0m
[3.413s] [ 53%] [34m[1mGenerating C introspection for ROS interfaces[0m
[3.413s] [ 53%] [34m[1mGenerating C type support for eProsima Fast-RTPS[0m
[3.592s] [ 56%] [32mBuilding CXX object CMakeFiles/status_interfaces__rosidl_typesupport_c.dir/rosidl_typesupport_c/status_interfaces/msg/system_status__type_support.cpp.o[0m
[3.602s] [ 59%] [32mBuilding CXX object CMakeFiles/status_interfaces__rosidl_typesupport_fastrtps_c.dir/rosidl_typesupport_fastrtps_c/status_interfaces/msg/detail/system_status__type_support_c.cpp.o[0m
[3.604s] [ 62%] [32mBuilding C object CMakeFiles/status_interfaces__rosidl_typesupport_introspection_c.dir/rosidl_typesupport_introspection_c/status_interfaces/msg/detail/system_status__type_support.c.o[0m
[3.609s] [ 65%] [32m[1mLinking CXX shared library libstatus_interfaces__rosidl_typesupport_c.so[0m
[3.624s] [ 68%] [32m[1mLinking C shared library libstatus_interfaces__rosidl_typesupport_introspection_c.so[0m
[3.681s] [ 68%] Built target status_interfaces__rosidl_typesupport_cpp
[3.758s] [ 68%] Built target status_interfaces__rosidl_typesupport_introspection_cpp
[3.789s] [ 68%] Built target status_interfaces__rosidl_typesupport_fastrtps_cpp
[3.790s] [ 71%] [32m[1mLinking CXX shared library libstatus_interfaces__rosidl_typesupport_fastrtps_c.so[0m
[4.000s] [ 71%] Built target status_interfaces__rosidl_typesupport_c
[4.024s] [ 71%] Built target status_interfaces__rosidl_typesupport_introspection_c
[4.191s] [ 71%] Built target status_interfaces__rosidl_typesupport_fastrtps_c
[4.202s] [ 71%] Built target status_interfaces
[4.211s] [ 75%] [34m[1mGenerating Python code for ROS interfaces[0m
[4.454s] [ 75%] Built target status_interfaces__py
[4.465s] [ 78%] [32mBuilding C object CMakeFiles/status_interfaces__rosidl_generator_py.dir/rosidl_generator_py/status_interfaces/msg/_system_status_s.c.o[0m
[4.563s] [ 81%] [32m[1mLinking C shared library rosidl_generator_py/status_interfaces/libstatus_interfaces__rosidl_generator_py.so[0m
[4.936s] [ 81%] Built target status_interfaces__rosidl_generator_py
[4.947s] [ 84%] [32mBuilding C object CMakeFiles/status_interfaces__rosidl_typesupport_introspection_c__pyext.dir/rosidl_generator_py/status_interfaces/_status_interfaces_s.ep.rosidl_typesupport_introspection_c.c.o[0m
[4.947s] [ 87%] [32mBuilding C object CMakeFiles/status_interfaces__rosidl_typesupport_fastrtps_c__pyext.dir/rosidl_generator_py/status_interfaces/_status_interfaces_s.ep.rosidl_typesupport_fastrtps_c.c.o[0m
[4.947s] [ 90%] [32mBuilding C object CMakeFiles/status_interfaces__rosidl_typesupport_c__pyext.dir/rosidl_generator_py/status_interfaces/_status_interfaces_s.ep.rosidl_typesupport_c.c.o[0m
[4.998s] [ 96%] [32m[1mLinking C shared library rosidl_generator_py/status_interfaces/status_interfaces_s__rosidl_typesupport_fastrtps_c.cpython-310-x86_64-linux-gnu.so[0m
[4.998s] [ 96%] [32m[1mLinking C shared library rosidl_generator_py/status_interfaces/status_interfaces_s__rosidl_typesupport_c.cpython-310-x86_64-linux-gnu.so[0m
[4.999s] [100%] [32m[1mLinking C shared library rosidl_generator_py/status_interfaces/status_interfaces_s__rosidl_typesupport_introspection_c.cpython-310-x86_64-linux-gnu.so[0m
[5.330s] [100%] Built target status_interfaces__rosidl_typesupport_c__pyext
[5.330s] [100%] Built target status_interfaces__rosidl_typesupport_introspection_c__pyext
[5.332s] [100%] Built target status_interfaces__rosidl_typesupport_fastrtps_c__pyext
[5.340s] Invoked command in '/home/nvidia/learn_ros/chapt3/topic_practice_ws/build/status_interfaces' returned '0': CMAKE_PREFIX_PATH=/opt/ros/humble /usr/bin/cmake --build /home/nvidia/learn_ros/chapt3/topic_practice_ws/build/status_interfaces -- -j24 -l24
[5.346s] Invoking command in '/home/nvidia/learn_ros/chapt3/topic_practice_ws/build/status_interfaces': CMAKE_PREFIX_PATH=/opt/ros/humble /usr/bin/cmake --install /home/nvidia/learn_ros/chapt3/topic_practice_ws/build/status_interfaces
[5.349s] -- Install configuration: ""
[5.350s] -- Installing: /home/nvidia/learn_ros/chapt3/topic_practice_ws/install/status_interfaces/share/ament_index/resource_index/rosidl_interfaces/status_interfaces
[5.350s] -- Installing: /home/nvidia/learn_ros/chapt3/topic_practice_ws/install/status_interfaces/include/status_interfaces/status_interfaces
[5.350s] -- Installing: /home/nvidia/learn_ros/chapt3/topic_practice_ws/install/status_interfaces/include/status_interfaces/status_interfaces/msg
[5.350s] -- Installing: /home/nvidia/learn_ros/chapt3/topic_practice_ws/install/status_interfaces/include/status_interfaces/status_interfaces/msg/system_status.h
[5.350s] -- Installing: /home/nvidia/learn_ros/chapt3/topic_practice_ws/install/status_interfaces/include/status_interfaces/status_interfaces/msg/rosidl_generator_c__visibility_control.h
[5.351s] -- Installing: /home/nvidia/learn_ros/chapt3/topic_practice_ws/install/status_interfaces/include/status_interfaces/status_interfaces/msg/detail
[5.351s] -- Installing: /home/nvidia/learn_ros/chapt3/topic_practice_ws/install/status_interfaces/include/status_interfaces/status_interfaces/msg/detail/system_status__struct.h
[5.351s] -- Installing: /home/nvidia/learn_ros/chapt3/topic_practice_ws/install/status_interfaces/include/status_interfaces/status_interfaces/msg/detail/system_status__functions.c
[5.351s] -- Installing: /home/nvidia/learn_ros/chapt3/topic_practice_ws/install/status_interfaces/include/status_interfaces/status_interfaces/msg/detail/system_status__functions.h
[5.351s] -- Installing: /home/nvidia/learn_ros/chapt3/topic_practice_ws/install/status_interfaces/include/status_interfaces/status_interfaces/msg/detail/system_status__type_support.h
[5.351s] -- Installing: /home/nvidia/learn_ros/chapt3/topic_practice_ws/install/status_interfaces/share/status_interfaces/environment/library_path.sh
[5.351s] -- Installing: /home/nvidia/learn_ros/chapt3/topic_practice_ws/install/status_interfaces/share/status_interfaces/environment/library_path.dsv
[5.351s] -- Installing: /home/nvidia/learn_ros/chapt3/topic_practice_ws/install/status_interfaces/lib/libstatus_interfaces__rosidl_generator_c.so
[5.352s] -- Set runtime path of "/home/nvidia/learn_ros/chapt3/topic_practice_ws/install/status_interfaces/lib/libstatus_interfaces__rosidl_generator_c.so" to ""
[5.352s] -- Up-to-date: /home/nvidia/learn_ros/chapt3/topic_practice_ws/install/status_interfaces/include/status_interfaces/status_interfaces
[5.352s] -- Up-to-date: /home/nvidia/learn_ros/chapt3/topic_practice_ws/install/status_interfaces/include/status_interfaces/status_interfaces/msg
[5.352s] -- Installing: /home/nvidia/learn_ros/chapt3/topic_practice_ws/install/status_interfaces/include/status_interfaces/status_interfaces/msg/rosidl_typesupport_fastrtps_c__visibility_control.h
[5.352s] -- Up-to-date: /home/nvidia/learn_ros/chapt3/topic_practice_ws/install/status_interfaces/include/status_interfaces/status_interfaces/msg/detail
[5.352s] -- Installing: /home/nvidia/learn_ros/chapt3/topic_practice_ws/install/status_interfaces/include/status_interfaces/status_interfaces/msg/detail/system_status__rosidl_typesupport_fastrtps_c.h
[5.352s] -- Installing: /home/nvidia/learn_ros/chapt3/topic_practice_ws/install/status_interfaces/lib/libstatus_interfaces__rosidl_typesupport_fastrtps_c.so
[5.352s] -- Set runtime path of "/home/nvidia/learn_ros/chapt3/topic_practice_ws/install/status_interfaces/lib/libstatus_interfaces__rosidl_typesupport_fastrtps_c.so" to ""
[5.352s] -- Up-to-date: /home/nvidia/learn_ros/chapt3/topic_practice_ws/install/status_interfaces/include/status_interfaces/status_interfaces
[5.352s] -- Up-to-date: /home/nvidia/learn_ros/chapt3/topic_practice_ws/install/status_interfaces/include/status_interfaces/status_interfaces/msg
[5.352s] -- Installing: /home/nvidia/learn_ros/chapt3/topic_practice_ws/install/status_interfaces/include/status_interfaces/status_interfaces/msg/system_status.hpp
[5.353s] -- Installing: /home/nvidia/learn_ros/chapt3/topic_practice_ws/install/status_interfaces/include/status_interfaces/status_interfaces/msg/rosidl_generator_cpp__visibility_control.hpp
[5.353s] -- Up-to-date: /home/nvidia/learn_ros/chapt3/topic_practice_ws/install/status_interfaces/include/status_interfaces/status_interfaces/msg/detail
[5.353s] -- Installing: /home/nvidia/learn_ros/chapt3/topic_practice_ws/install/status_interfaces/include/status_interfaces/status_interfaces/msg/detail/system_status__struct.hpp
[5.353s] -- Installing: /home/nvidia/learn_ros/chapt3/topic_practice_ws/install/status_interfaces/include/status_interfaces/status_interfaces/msg/detail/system_status__traits.hpp
[5.353s] -- Installing: /home/nvidia/learn_ros/chapt3/topic_practice_ws/install/status_interfaces/include/status_interfaces/status_interfaces/msg/detail/system_status__builder.hpp
[5.353s] -- Installing: /home/nvidia/learn_ros/chapt3/topic_practice_ws/install/status_interfaces/include/status_interfaces/status_interfaces/msg/detail/system_status__type_support.hpp
[5.353s] -- Up-to-date: /home/nvidia/learn_ros/chapt3/topic_practice_ws/install/status_interfaces/include/status_interfaces/status_interfaces
[5.353s] -- Up-to-date: /home/nvidia/learn_ros/chapt3/topic_practice_ws/install/status_interfaces/include/status_interfaces/status_interfaces/msg
[5.354s] -- Installing: /home/nvidia/learn_ros/chapt3/topic_practice_ws/install/status_interfaces/include/status_interfaces/status_interfaces/msg/rosidl_typesupport_fastrtps_cpp__visibility_control.h
[5.354s] -- Up-to-date: /home/nvidia/learn_ros/chapt3/topic_practice_ws/install/status_interfaces/include/status_interfaces/status_interfaces/msg/detail
[5.354s] -- Installing: /home/nvidia/learn_ros/chapt3/topic_practice_ws/install/status_interfaces/include/status_interfaces/status_interfaces/msg/detail/system_status__rosidl_typesupport_fastrtps_cpp.hpp
[5.354s] -- Installing: /home/nvidia/learn_ros/chapt3/topic_practice_ws/install/status_interfaces/include/status_interfaces/status_interfaces/msg/detail/dds_fastrtps
[5.354s] -- Installing: /home/nvidia/learn_ros/chapt3/topic_practice_ws/install/status_interfaces/lib/libstatus_interfaces__rosidl_typesupport_fastrtps_cpp.so
[5.354s] -- Set runtime path of "/home/nvidia/learn_ros/chapt3/topic_practice_ws/install/status_interfaces/lib/libstatus_interfaces__rosidl_typesupport_fastrtps_cpp.so" to ""
[5.354s] -- Up-to-date: /home/nvidia/learn_ros/chapt3/topic_practice_ws/install/status_interfaces/include/status_interfaces/status_interfaces
[5.354s] -- Up-to-date: /home/nvidia/learn_ros/chapt3/topic_practice_ws/install/status_interfaces/include/status_interfaces/status_interfaces/msg
[5.354s] -- Installing: /home/nvidia/learn_ros/chapt3/topic_practice_ws/install/status_interfaces/include/status_interfaces/status_interfaces/msg/rosidl_typesupport_introspection_c__visibility_control.h
[5.354s] -- Up-to-date: /home/nvidia/learn_ros/chapt3/topic_practice_ws/install/status_interfaces/include/status_interfaces/status_interfaces/msg/detail
[5.354s] -- Installing: /home/nvidia/learn_ros/chapt3/topic_practice_ws/install/status_interfaces/include/status_interfaces/status_interfaces/msg/detail/system_status__type_support.c
[5.354s] -- Installing: /home/nvidia/learn_ros/chapt3/topic_practice_ws/install/status_interfaces/include/status_interfaces/status_interfaces/msg/detail/system_status__rosidl_typesupport_introspection_c.h
[5.354s] -- Installing: /home/nvidia/learn_ros/chapt3/topic_practice_ws/install/status_interfaces/lib/libstatus_interfaces__rosidl_typesupport_introspection_c.so
[5.354s] -- Set runtime path of "/home/nvidia/learn_ros/chapt3/topic_practice_ws/install/status_interfaces/lib/libstatus_interfaces__rosidl_typesupport_introspection_c.so" to ""
[5.354s] -- Installing: /home/nvidia/learn_ros/chapt3/topic_practice_ws/install/status_interfaces/lib/libstatus_interfaces__rosidl_typesupport_c.so
[5.354s] -- Set runtime path of "/home/nvidia/learn_ros/chapt3/topic_practice_ws/install/status_interfaces/lib/libstatus_interfaces__rosidl_typesupport_c.so" to ""
[5.354s] -- Up-to-date: /home/nvidia/learn_ros/chapt3/topic_practice_ws/install/status_interfaces/include/status_interfaces/status_interfaces
[5.354s] -- Up-to-date: /home/nvidia/learn_ros/chapt3/topic_practice_ws/install/status_interfaces/include/status_interfaces/status_interfaces/msg
[5.355s] -- Up-to-date: /home/nvidia/learn_ros/chapt3/topic_practice_ws/install/status_interfaces/include/status_interfaces/status_interfaces/msg/detail
[5.355s] -- Installing: /home/nvidia/learn_ros/chapt3/topic_practice_ws/install/status_interfaces/include/status_interfaces/status_interfaces/msg/detail/system_status__type_support.cpp
[5.355s] -- Installing: /home/nvidia/learn_ros/chapt3/topic_practice_ws/install/status_interfaces/include/status_interfaces/status_interfaces/msg/detail/system_status__rosidl_typesupport_introspection_cpp.hpp
[5.355s] -- Installing: /home/nvidia/learn_ros/chapt3/topic_practice_ws/install/status_interfaces/lib/libstatus_interfaces__rosidl_typesupport_introspection_cpp.so
[5.355s] -- Set runtime path of "/home/nvidia/learn_ros/chapt3/topic_practice_ws/install/status_interfaces/lib/libstatus_interfaces__rosidl_typesupport_introspection_cpp.so" to ""
[5.355s] -- Installing: /home/nvidia/learn_ros/chapt3/topic_practice_ws/install/status_interfaces/lib/libstatus_interfaces__rosidl_typesupport_cpp.so
[5.355s] -- Set runtime path of "/home/nvidia/learn_ros/chapt3/topic_practice_ws/install/status_interfaces/lib/libstatus_interfaces__rosidl_typesupport_cpp.so" to ""
[5.355s] -- Installing: /home/nvidia/learn_ros/chapt3/topic_practice_ws/install/status_interfaces/share/status_interfaces/environment/pythonpath.sh
[5.355s] -- Installing: /home/nvidia/learn_ros/chapt3/topic_practice_ws/install/status_interfaces/share/status_interfaces/environment/pythonpath.dsv
[5.355s] -- Installing: /home/nvidia/learn_ros/chapt3/topic_practice_ws/install/status_interfaces/local/lib/python3.10/dist-packages/status_interfaces-0.0.0-py3.10.egg-info
[5.356s] -- Installing: /home/nvidia/learn_ros/chapt3/topic_practice_ws/install/status_interfaces/local/lib/python3.10/dist-packages/status_interfaces-0.0.0-py3.10.egg-info/SOURCES.txt
[5.356s] -- Installing: /home/nvidia/learn_ros/chapt3/topic_practice_ws/install/status_interfaces/local/lib/python3.10/dist-packages/status_interfaces-0.0.0-py3.10.egg-info/dependency_links.txt
[5.356s] -- Installing: /home/nvidia/learn_ros/chapt3/topic_practice_ws/install/status_interfaces/local/lib/python3.10/dist-packages/status_interfaces-0.0.0-py3.10.egg-info/PKG-INFO
[5.356s] -- Installing: /home/nvidia/learn_ros/chapt3/topic_practice_ws/install/status_interfaces/local/lib/python3.10/dist-packages/status_interfaces-0.0.0-py3.10.egg-info/top_level.txt
[5.356s] -- Installing: /home/nvidia/learn_ros/chapt3/topic_practice_ws/install/status_interfaces/local/lib/python3.10/dist-packages/status_interfaces
[5.356s] -- Installing: /home/nvidia/learn_ros/chapt3/topic_practice_ws/install/status_interfaces/local/lib/python3.10/dist-packages/status_interfaces/msg
[5.356s] -- Installing: /home/nvidia/learn_ros/chapt3/topic_practice_ws/install/status_interfaces/local/lib/python3.10/dist-packages/status_interfaces/msg/_system_status_s.c
[5.356s] -- Installing: /home/nvidia/learn_ros/chapt3/topic_practice_ws/install/status_interfaces/local/lib/python3.10/dist-packages/status_interfaces/msg/_system_status.py
[5.356s] -- Installing: /home/nvidia/learn_ros/chapt3/topic_practice_ws/install/status_interfaces/local/lib/python3.10/dist-packages/status_interfaces/msg/__init__.py
[5.356s] -- Installing: /home/nvidia/learn_ros/chapt3/topic_practice_ws/install/status_interfaces/local/lib/python3.10/dist-packages/status_interfaces/_status_interfaces_s.ep.rosidl_typesupport_introspection_c.c
[5.356s] -- Installing: /home/nvidia/learn_ros/chapt3/topic_practice_ws/install/status_interfaces/local/lib/python3.10/dist-packages/status_interfaces/libstatus_interfaces__rosidl_generator_py.so
[5.356s] -- Installing: /home/nvidia/learn_ros/chapt3/topic_practice_ws/install/status_interfaces/local/lib/python3.10/dist-packages/status_interfaces/status_interfaces_s__rosidl_typesupport_fastrtps_c.cpython-310-x86_64-linux-gnu.so
[5.356s] -- Installing: /home/nvidia/learn_ros/chapt3/topic_practice_ws/install/status_interfaces/local/lib/python3.10/dist-packages/status_interfaces/status_interfaces_s__rosidl_typesupport_introspection_c.cpython-310-x86_64-linux-gnu.so
[5.356s] -- Installing: /home/nvidia/learn_ros/chapt3/topic_practice_ws/install/status_interfaces/local/lib/python3.10/dist-packages/status_interfaces/_status_interfaces_s.ep.rosidl_typesupport_c.c
[5.356s] -- Installing: /home/nvidia/learn_ros/chapt3/topic_practice_ws/install/status_interfaces/local/lib/python3.10/dist-packages/status_interfaces/status_interfaces_s__rosidl_typesupport_c.cpython-310-x86_64-linux-gnu.so
[5.356s] -- Installing: /home/nvidia/learn_ros/chapt3/topic_practice_ws/install/status_interfaces/local/lib/python3.10/dist-packages/status_interfaces/__init__.py
[5.356s] -- Installing: /home/nvidia/learn_ros/chapt3/topic_practice_ws/install/status_interfaces/local/lib/python3.10/dist-packages/status_interfaces/_status_interfaces_s.ep.rosidl_typesupport_fastrtps_c.c
[5.377s] Listing '/home/nvidia/learn_ros/chapt3/topic_practice_ws/install/status_interfaces/local/lib/python3.10/dist-packages/status_interfaces'...
[5.377s] Compiling '/home/nvidia/learn_ros/chapt3/topic_practice_ws/install/status_interfaces/local/lib/python3.10/dist-packages/status_interfaces/__init__.py'...
[5.377s] Listing '/home/nvidia/learn_ros/chapt3/topic_practice_ws/install/status_interfaces/local/lib/python3.10/dist-packages/status_interfaces/msg'...
[5.377s] Compiling '/home/nvidia/learn_ros/chapt3/topic_practice_ws/install/status_interfaces/local/lib/python3.10/dist-packages/status_interfaces/msg/__init__.py'...
[5.377s] Compiling '/home/nvidia/learn_ros/chapt3/topic_practice_ws/install/status_interfaces/local/lib/python3.10/dist-packages/status_interfaces/msg/_system_status.py'...
[5.380s] -- Installing: /home/nvidia/learn_ros/chapt3/topic_practice_ws/install/status_interfaces/local/lib/python3.10/dist-packages/status_interfaces/status_interfaces_s__rosidl_typesupport_fastrtps_c.cpython-310-x86_64-linux-gnu.so
[5.380s] -- Set runtime path of "/home/nvidia/learn_ros/chapt3/topic_practice_ws/install/status_interfaces/local/lib/python3.10/dist-packages/status_interfaces/status_interfaces_s__rosidl_typesupport_fastrtps_c.cpython-310-x86_64-linux-gnu.so" to ""
[5.380s] -- Installing: /home/nvidia/learn_ros/chapt3/topic_practice_ws/install/status_interfaces/local/lib/python3.10/dist-packages/status_interfaces/status_interfaces_s__rosidl_typesupport_introspection_c.cpython-310-x86_64-linux-gnu.so
[5.380s] -- Set runtime path of "/home/nvidia/learn_ros/chapt3/topic_practice_ws/install/status_interfaces/local/lib/python3.10/dist-packages/status_interfaces/status_interfaces_s__rosidl_typesupport_introspection_c.cpython-310-x86_64-linux-gnu.so" to ""
[5.380s] -- Installing: /home/nvidia/learn_ros/chapt3/topic_practice_ws/install/status_interfaces/local/lib/python3.10/dist-packages/status_interfaces/status_interfaces_s__rosidl_typesupport_c.cpython-310-x86_64-linux-gnu.so
[5.380s] -- Set runtime path of "/home/nvidia/learn_ros/chapt3/topic_practice_ws/install/status_interfaces/local/lib/python3.10/dist-packages/status_interfaces/status_interfaces_s__rosidl_typesupport_c.cpython-310-x86_64-linux-gnu.so" to ""
[5.380s] -- Installing: /home/nvidia/learn_ros/chapt3/topic_practice_ws/install/status_interfaces/lib/libstatus_interfaces__rosidl_generator_py.so
[5.381s] -- Set runtime path of "/home/nvidia/learn_ros/chapt3/topic_practice_ws/install/status_interfaces/lib/libstatus_interfaces__rosidl_generator_py.so" to ""
[5.381s] -- Installing: /home/nvidia/learn_ros/chapt3/topic_practice_ws/install/status_interfaces/share/status_interfaces/rust
[5.381s] -- Installing: /home/nvidia/learn_ros/chapt3/topic_practice_ws/install/status_interfaces/share/status_interfaces/rust/Cargo.toml
[5.381s] -- Installing: /home/nvidia/learn_ros/chapt3/topic_practice_ws/install/status_interfaces/share/status_interfaces/rust/src
[5.381s] -- Installing: /home/nvidia/learn_ros/chapt3/topic_practice_ws/install/status_interfaces/share/status_interfaces/rust/src/msg
[5.381s] -- Installing: /home/nvidia/learn_ros/chapt3/topic_practice_ws/install/status_interfaces/share/status_interfaces/rust/src/msg/rmw.rs
[5.381s] -- Installing: /home/nvidia/learn_ros/chapt3/topic_practice_ws/install/status_interfaces/share/status_interfaces/rust/src/lib.rs
[5.381s] -- Installing: /home/nvidia/learn_ros/chapt3/topic_practice_ws/install/status_interfaces/share/status_interfaces/rust/src/msg.rs
[5.381s] -- Installing: /home/nvidia/learn_ros/chapt3/topic_practice_ws/install/status_interfaces/share/status_interfaces/rust/build.rs
[5.381s] -- Installing: /home/nvidia/learn_ros/chapt3/topic_practice_ws/install/status_interfaces/share/status_interfaces/msg/SystemStatus.idl
[5.381s] -- Installing: /home/nvidia/learn_ros/chapt3/topic_practice_ws/install/status_interfaces/share/status_interfaces/msg/SystemStatus.msg
[5.381s] -- Installing: /home/nvidia/learn_ros/chapt3/topic_practice_ws/install/status_interfaces/share/ament_index/resource_index/package_run_dependencies/status_interfaces
[5.382s] -- Installing: /home/nvidia/learn_ros/chapt3/topic_practice_ws/install/status_interfaces/share/ament_index/resource_index/parent_prefix_path/status_interfaces
[5.382s] -- Installing: /home/nvidia/learn_ros/chapt3/topic_practice_ws/install/status_interfaces/share/status_interfaces/environment/ament_prefix_path.sh
[5.382s] -- Installing: /home/nvidia/learn_ros/chapt3/topic_practice_ws/install/status_interfaces/share/status_interfaces/environment/ament_prefix_path.dsv
[5.382s] -- Installing: /home/nvidia/learn_ros/chapt3/topic_practice_ws/install/status_interfaces/share/status_interfaces/environment/path.sh
[5.382s] -- Installing: /home/nvidia/learn_ros/chapt3/topic_practice_ws/install/status_interfaces/share/status_interfaces/environment/path.dsv
[5.382s] -- Installing: /home/nvidia/learn_ros/chapt3/topic_practice_ws/install/status_interfaces/share/status_interfaces/local_setup.bash
[5.382s] -- Installing: /home/nvidia/learn_ros/chapt3/topic_practice_ws/install/status_interfaces/share/status_interfaces/local_setup.sh
[5.383s] -- Installing: /home/nvidia/learn_ros/chapt3/topic_practice_ws/install/status_interfaces/share/status_interfaces/local_setup.zsh
[5.383s] -- Installing: /home/nvidia/learn_ros/chapt3/topic_practice_ws/install/status_interfaces/share/status_interfaces/local_setup.dsv
[5.383s] -- Installing: /home/nvidia/learn_ros/chapt3/topic_practice_ws/install/status_interfaces/share/status_interfaces/package.dsv
[5.383s] -- Installing: /home/nvidia/learn_ros/chapt3/topic_practice_ws/install/status_interfaces/share/ament_index/resource_index/packages/status_interfaces
[5.383s] -- Installing: /home/nvidia/learn_ros/chapt3/topic_practice_ws/install/status_interfaces/share/status_interfaces/cmake/export_status_interfaces__rosidl_generator_cExport.cmake
[5.383s] -- Installing: /home/nvidia/learn_ros/chapt3/topic_practice_ws/install/status_interfaces/share/status_interfaces/cmake/export_status_interfaces__rosidl_generator_cExport-noconfig.cmake
[5.384s] -- Installing: /home/nvidia/learn_ros/chapt3/topic_practice_ws/install/status_interfaces/share/status_interfaces/cmake/export_status_interfaces__rosidl_typesupport_fastrtps_cExport.cmake
[5.384s] -- Installing: /home/nvidia/learn_ros/chapt3/topic_practice_ws/install/status_interfaces/share/status_interfaces/cmake/export_status_interfaces__rosidl_typesupport_fastrtps_cExport-noconfig.cmake
[5.384s] -- Installing: /home/nvidia/learn_ros/chapt3/topic_practice_ws/install/status_interfaces/share/status_interfaces/cmake/export_status_interfaces__rosidl_generator_cppExport.cmake
[5.384s] -- Installing: /home/nvidia/learn_ros/chapt3/topic_practice_ws/install/status_interfaces/share/status_interfaces/cmake/export_status_interfaces__rosidl_typesupport_fastrtps_cppExport.cmake
[5.384s] -- Installing: /home/nvidia/learn_ros/chapt3/topic_practice_ws/install/status_interfaces/share/status_interfaces/cmake/export_status_interfaces__rosidl_typesupport_fastrtps_cppExport-noconfig.cmake
[5.384s] -- Installing: /home/nvidia/learn_ros/chapt3/topic_practice_ws/install/status_interfaces/share/status_interfaces/cmake/status_interfaces__rosidl_typesupport_introspection_cExport.cmake
[5.384s] -- Installing: /home/nvidia/learn_ros/chapt3/topic_practice_ws/install/status_interfaces/share/status_interfaces/cmake/status_interfaces__rosidl_typesupport_introspection_cExport-noconfig.cmake
[5.384s] -- Installing: /home/nvidia/learn_ros/chapt3/topic_practice_ws/install/status_interfaces/share/status_interfaces/cmake/status_interfaces__rosidl_typesupport_cExport.cmake
[5.384s] -- Installing: /home/nvidia/learn_ros/chapt3/topic_practice_ws/install/status_interfaces/share/status_interfaces/cmake/status_interfaces__rosidl_typesupport_cExport-noconfig.cmake
[5.384s] -- Installing: /home/nvidia/learn_ros/chapt3/topic_practice_ws/install/status_interfaces/share/status_interfaces/cmake/status_interfaces__rosidl_typesupport_introspection_cppExport.cmake
[5.384s] -- Installing: /home/nvidia/learn_ros/chapt3/topic_practice_ws/install/status_interfaces/share/status_interfaces/cmake/status_interfaces__rosidl_typesupport_introspection_cppExport-noconfig.cmake
[5.385s] -- Installing: /home/nvidia/learn_ros/chapt3/topic_practice_ws/install/status_interfaces/share/status_interfaces/cmake/status_interfaces__rosidl_typesupport_cppExport.cmake
[5.385s] -- Installing: /home/nvidia/learn_ros/chapt3/topic_practice_ws/install/status_interfaces/share/status_interfaces/cmake/status_interfaces__rosidl_typesupport_cppExport-noconfig.cmake
[5.385s] -- Installing: /home/nvidia/learn_ros/chapt3/topic_practice_ws/install/status_interfaces/share/status_interfaces/cmake/export_status_interfaces__rosidl_generator_pyExport.cmake
[5.385s] -- Installing: /home/nvidia/learn_ros/chapt3/topic_practice_ws/install/status_interfaces/share/status_interfaces/cmake/export_status_interfaces__rosidl_generator_pyExport-noconfig.cmake
[5.385s] -- Installing: /home/nvidia/learn_ros/chapt3/topic_practice_ws/install/status_interfaces/share/status_interfaces/cmake/rosidl_cmake-extras.cmake
[5.385s] -- Installing: /home/nvidia/learn_ros/chapt3/topic_practice_ws/install/status_interfaces/share/status_interfaces/cmake/ament_cmake_export_dependencies-extras.cmake
[5.385s] -- Installing: /home/nvidia/learn_ros/chapt3/topic_practice_ws/install/status_interfaces/share/status_interfaces/cmake/ament_cmake_export_include_directories-extras.cmake
[5.385s] -- Installing: /home/nvidia/learn_ros/chapt3/topic_practice_ws/install/status_interfaces/share/status_interfaces/cmake/ament_cmake_export_libraries-extras.cmake
[5.385s] -- Installing: /home/nvidia/learn_ros/chapt3/topic_practice_ws/install/status_interfaces/share/status_interfaces/cmake/ament_cmake_export_targets-extras.cmake
[5.385s] -- Installing: /home/nvidia/learn_ros/chapt3/topic_practice_ws/install/status_interfaces/share/status_interfaces/cmake/rosidl_cmake_export_typesupport_targets-extras.cmake
[5.385s] -- Installing: /home/nvidia/learn_ros/chapt3/topic_practice_ws/install/status_interfaces/share/status_interfaces/cmake/rosidl_cmake_export_typesupport_libraries-extras.cmake
[5.385s] -- Installing: /home/nvidia/learn_ros/chapt3/topic_practice_ws/install/status_interfaces/share/status_interfaces/cmake/rosidl_cmake_aggregate_target-extras.cmake
[5.385s] -- Installing: /home/nvidia/learn_ros/chapt3/topic_practice_ws/install/status_interfaces/share/status_interfaces/cmake/status_interfacesConfig.cmake
[5.385s] -- Installing: /home/nvidia/learn_ros/chapt3/topic_practice_ws/install/status_interfaces/share/status_interfaces/cmake/status_interfacesConfig-version.cmake
[5.385s] -- Installing: /home/nvidia/learn_ros/chapt3/topic_practice_ws/install/status_interfaces/share/status_interfaces/package.xml
[5.386s] Invoked command in '/home/nvidia/learn_ros/chapt3/topic_practice_ws/build/status_interfaces' returned '0': CMAKE_PREFIX_PATH=/opt/ros/humble /usr/bin/cmake --install /home/nvidia/learn_ros/chapt3/topic_practice_ws/build/status_interfaces
