[0.286s] Invoking command in '/home/nvidia/learn_ros/chapt3/topic_practice_ws/build/status_display': CMAKE_PREFIX_PATH=${CMAKE_PREFIX_PATH}:/home/nvidia/learn_ros/chapt3/topic_practice_ws/install/status_pulisher:/opt/ros/humble /usr/bin/cmake /home/nvidia/learn_ros/chapt3/topic_practice_ws/src/status_display -DCMAKE_INSTALL_PREFIX=/home/nvidia/learn_ros/chapt3/topic_practice_ws/install/status_display
[0.430s] -- Found ament_cmake: 1.3.14 (/opt/ros/humble/share/ament_cmake/cmake)
[0.431s] -- Found rclcpp: 16.0.21 (/opt/ros/humble/share/rclcpp/cmake)
[0.761s] -- Found rosidl_generator_c: 3.1.9 (/opt/ros/humble/share/rosidl_generator_c/cmake)
[0.763s] -- Found rosidl_adapter: 3.1.9 (/opt/ros/humble/share/rosidl_adapter/cmake)
[0.766s] -- Found rosidl_generator_cpp: 3.1.9 (/opt/ros/humble/share/rosidl_generator_cpp/cmake)
[0.772s] -- Using all available rosidl_typesupport_c: rosidl_typesupport_fastrtps_c;rosidl_typesupport_introspection_c
[0.779s] -- Using all available rosidl_typesupport_cpp: rosidl_typesupport_fastrtps_cpp;rosidl_typesupport_introspection_cpp
[0.798s] -- Found rmw_implementation_cmake: 6.1.4 (/opt/ros/humble/share/rmw_implementation_cmake/cmake)
[0.798s] -- Found rmw_fastrtps_cpp: 6.2.10 (/opt/ros/humble/share/rmw_fastrtps_cpp/cmake)
[15.315s] -- Using RMW implementation 'rmw_fastrtps_cpp' as default
[15.346s] -- Found status_interfaces: 0.0.0 (/home/nvidia/learn_ros/chapt3/topic_practice_ws/install/status_interfaces/share/status_interfaces/cmake)
[15.597s] -- Found ament_lint_auto: 0.12.15 (/opt/ros/humble/share/ament_lint_auto/cmake)
[15.640s] -- Added test 'cppcheck' to perform static code analysis on C / C++ code
[15.640s] -- Configured cppcheck include dirs: 
[15.640s] -- Configured cppcheck exclude dirs and/or files: 
[15.640s] -- Added test 'lint_cmake' to check CMake code style
[15.640s] -- Added test 'uncrustify' to check C / C++ code style
[15.640s] -- Configured uncrustify additional arguments: 
[15.640s] -- Added test 'xmllint' to check XML markup files
[15.641s] -- Configuring done
[15.646s] -- Generating done
[15.648s] -- Build files have been written to: /home/nvidia/learn_ros/chapt3/topic_practice_ws/build/status_display
[15.654s] Invoked command in '/home/nvidia/learn_ros/chapt3/topic_practice_ws/build/status_display' returned '0': CMAKE_PREFIX_PATH=${CMAKE_PREFIX_PATH}:/home/nvidia/learn_ros/chapt3/topic_practice_ws/install/status_pulisher:/opt/ros/humble /usr/bin/cmake /home/nvidia/learn_ros/chapt3/topic_practice_ws/src/status_display -DCMAKE_INSTALL_PREFIX=/home/nvidia/learn_ros/chapt3/topic_practice_ws/install/status_display
[15.655s] Invoking command in '/home/nvidia/learn_ros/chapt3/topic_practice_ws/build/status_display': CMAKE_PREFIX_PATH=${CMAKE_PREFIX_PATH}:/home/nvidia/learn_ros/chapt3/topic_practice_ws/install/status_pulisher:/opt/ros/humble /usr/bin/cmake --build /home/nvidia/learn_ros/chapt3/topic_practice_ws/build/status_display -- -j24 -l24
[15.688s] [ 50%] [32mBuilding CXX object CMakeFiles/hello_qt.dir/src/hello_qt.cpp.o[0m
[15.692s] [01m[K/home/nvidia/learn_ros/chapt3/topic_practice_ws/src/status_display/src/hello_qt.cpp:1:10:[m[K [01;31m[Kfatal error: [m[KQApplication: 没有那个文件或目录
[15.692s]     1 | #include [01;31m[K<QApplication>[m[K
[15.692s]       |          [01;31m[K^~~~~~~~~~~~~~[m[K
[15.693s] compilation terminated.
[15.693s] gmake[2]: *** [CMakeFiles/hello_qt.dir/build.make:76：CMakeFiles/hello_qt.dir/src/hello_qt.cpp.o] 错误 1
[15.693s] gmake[1]: *** [CMakeFiles/Makefile2:137：CMakeFiles/hello_qt.dir/all] 错误 2
[15.693s] gmake: *** [Makefile:146：all] 错误 2
[15.695s] Invoked command in '/home/nvidia/learn_ros/chapt3/topic_practice_ws/build/status_display' returned '2': CMAKE_PREFIX_PATH=${CMAKE_PREFIX_PATH}:/home/nvidia/learn_ros/chapt3/topic_practice_ws/install/status_pulisher:/opt/ros/humble /usr/bin/cmake --build /home/nvidia/learn_ros/chapt3/topic_practice_ws/build/status_display -- -j24 -l24
