[0.375s] DEBUG:colcon:Command line arguments: ['/usr/bin/colcon', 'build']
[0.375s] DEBUG:colcon:Parsed command line arguments: Namespace(log_base=None, log_level=None, verb_name='build', build_base='build', install_base='install', merge_install=False, symlink_install=False, test_result_base=None, continue_on_error=False, executor='parallel', parallel_workers=24, event_handlers=None, ignore_user_meta=False, metas=['./colcon.meta'], base_paths=['.'], packages_ignore=None, packages_ignore_regex=None, paths=None, packages_up_to=None, packages_up_to_regex=None, packages_above=None, packages_above_and_dependencies=None, packages_above_depth=None, packages_select_by_dep=None, packages_skip_by_dep=None, packages_skip_up_to=None, packages_select_build_failed=False, packages_skip_build_finished=False, packages_select_test_failures=False, packages_skip_test_passed=False, packages_select=None, packages_skip=None, packages_select_regex=None, packages_skip_regex=None, packages_start=None, packages_end=None, allow_overriding=[], cmake_args=None, cmake_target=None, cmake_target_skip_unavailable=False, cmake_clean_cache=False, cmake_clean_first=False, cmake_force_configure=False, ament_cmake_args=None, catkin_cmake_args=None, catkin_skip_building_tests=False, verb_parser=<colcon_defaults.argument_parser.defaults.DefaultArgumentsDecorator object at 0x721544e33460>, verb_extension=<colcon_core.verb.build.BuildVerb object at 0x721544e32ad0>, main=<bound method BuildVerb.main of <colcon_core.verb.build.BuildVerb object at 0x721544e32ad0>>)
[0.449s] Level 1:colcon.colcon_core.package_discovery:discover_packages(colcon_meta) check parameters
[0.449s] Level 1:colcon.colcon_core.package_discovery:discover_packages(recursive) check parameters
[0.449s] Level 1:colcon.colcon_core.package_discovery:discover_packages(ignore) check parameters
[0.449s] Level 1:colcon.colcon_core.package_discovery:discover_packages(path) check parameters
[0.449s] Level 1:colcon.colcon_core.package_discovery:discover_packages(colcon_meta) discover
[0.449s] Level 1:colcon.colcon_core.package_discovery:discover_packages(recursive) discover
[0.449s] INFO:colcon.colcon_core.package_discovery:Crawling recursively for packages in '/home/nvidia/learn_ros/chapt2'
[0.449s] Level 1:colcon.colcon_core.package_identification:_identify(.) by extensions ['ignore', 'ignore_ament_install']
[0.450s] Level 1:colcon.colcon_core.package_identification:_identify(.) by extension 'ignore'
[0.450s] Level 1:colcon.colcon_core.package_identification:_identify(.) by extension 'ignore_ament_install'
[0.450s] Level 1:colcon.colcon_core.package_identification:_identify(.) by extensions ['colcon_pkg']
[0.450s] Level 1:colcon.colcon_core.package_identification:_identify(.) by extension 'colcon_pkg'
[0.450s] Level 1:colcon.colcon_core.package_identification:_identify(.) by extensions ['colcon_meta']
[0.450s] Level 1:colcon.colcon_core.package_identification:_identify(.) by extension 'colcon_meta'
[0.450s] Level 1:colcon.colcon_core.package_identification:_identify(.) by extensions ['ros']
[0.450s] Level 1:colcon.colcon_core.package_identification:_identify(.) by extension 'ros'
[0.456s] Level 1:colcon.colcon_core.package_identification:_identify(.) by extensions ['cmake', 'python']
[0.456s] Level 1:colcon.colcon_core.package_identification:_identify(.) by extension 'cmake'
[0.456s] Level 1:colcon.colcon_core.package_identification:_identify(.) by extension 'python'
[0.456s] Level 1:colcon.colcon_core.package_identification:_identify(.) by extensions ['python_setup_py']
[0.456s] Level 1:colcon.colcon_core.package_identification:_identify(.) by extension 'python_setup_py'
[0.456s] Level 1:colcon.colcon_core.package_identification:_identify(build) by extensions ['ignore', 'ignore_ament_install']
[0.456s] Level 1:colcon.colcon_core.package_identification:_identify(build) by extension 'ignore'
[0.457s] Level 1:colcon.colcon_core.package_identification:_identify(build) ignored
[0.457s] Level 1:colcon.colcon_core.package_identification:_identify(demo_cpp_pkg) by extensions ['ignore', 'ignore_ament_install']
[0.457s] Level 1:colcon.colcon_core.package_identification:_identify(demo_cpp_pkg) by extension 'ignore'
[0.457s] Level 1:colcon.colcon_core.package_identification:_identify(demo_cpp_pkg) by extension 'ignore_ament_install'
[0.457s] Level 1:colcon.colcon_core.package_identification:_identify(demo_cpp_pkg) by extensions ['colcon_pkg']
[0.457s] Level 1:colcon.colcon_core.package_identification:_identify(demo_cpp_pkg) by extension 'colcon_pkg'
[0.457s] Level 1:colcon.colcon_core.package_identification:_identify(demo_cpp_pkg) by extensions ['colcon_meta']
[0.457s] Level 1:colcon.colcon_core.package_identification:_identify(demo_cpp_pkg) by extension 'colcon_meta'
[0.457s] Level 1:colcon.colcon_core.package_identification:_identify(demo_cpp_pkg) by extensions ['ros']
[0.457s] Level 1:colcon.colcon_core.package_identification:_identify(demo_cpp_pkg) by extension 'ros'
[0.458s] DEBUG:colcon.colcon_core.package_identification:Package 'demo_cpp_pkg' with type 'ros.ament_cmake' and name 'demo_cpp_pkg'
[0.458s] Level 1:colcon.colcon_core.package_identification:_identify(demo_python_pkg) by extensions ['ignore', 'ignore_ament_install']
[0.458s] Level 1:colcon.colcon_core.package_identification:_identify(demo_python_pkg) by extension 'ignore'
[0.458s] Level 1:colcon.colcon_core.package_identification:_identify(demo_python_pkg) by extension 'ignore_ament_install'
[0.459s] Level 1:colcon.colcon_core.package_identification:_identify(demo_python_pkg) by extensions ['colcon_pkg']
[0.459s] Level 1:colcon.colcon_core.package_identification:_identify(demo_python_pkg) by extension 'colcon_pkg'
[0.459s] Level 1:colcon.colcon_core.package_identification:_identify(demo_python_pkg) by extensions ['colcon_meta']
[0.459s] Level 1:colcon.colcon_core.package_identification:_identify(demo_python_pkg) by extension 'colcon_meta'
[0.459s] Level 1:colcon.colcon_core.package_identification:_identify(demo_python_pkg) by extensions ['ros']
[0.459s] Level 1:colcon.colcon_core.package_identification:_identify(demo_python_pkg) by extension 'ros'
[0.459s] DEBUG:colcon.colcon_core.package_identification:Package 'demo_python_pkg' with type 'ros.ament_python' and name 'demo_python_pkg'
[0.459s] Level 1:colcon.colcon_core.package_identification:_identify(install) by extensions ['ignore', 'ignore_ament_install']
[0.459s] Level 1:colcon.colcon_core.package_identification:_identify(install) by extension 'ignore'
[0.459s] Level 1:colcon.colcon_core.package_identification:_identify(install) ignored
[0.459s] Level 1:colcon.colcon_core.package_identification:_identify(log) by extensions ['ignore', 'ignore_ament_install']
[0.459s] Level 1:colcon.colcon_core.package_identification:_identify(log) by extension 'ignore'
[0.459s] Level 1:colcon.colcon_core.package_identification:_identify(log) ignored
[0.459s] Level 1:colcon.colcon_core.package_discovery:discover_packages(recursive) using defaults
[0.459s] Level 1:colcon.colcon_core.package_discovery:discover_packages(ignore) discover
[0.459s] Level 1:colcon.colcon_core.package_discovery:discover_packages(ignore) using defaults
[0.459s] Level 1:colcon.colcon_core.package_discovery:discover_packages(path) discover
[0.459s] Level 1:colcon.colcon_core.package_discovery:discover_packages(path) using defaults
[0.470s] Level 1:colcon.colcon_core.package_discovery:discover_packages(prefix_path) check parameters
[0.471s] Level 1:colcon.colcon_core.package_discovery:discover_packages(prefix_path) discover
[0.471s] DEBUG:colcon.colcon_installed_package_information.package_discovery:Found 2 installed packages in /home/nvidia/learn_ros/chapt2/install
[0.472s] DEBUG:colcon.colcon_installed_package_information.package_discovery:Found 273 installed packages in /opt/ros/humble
[0.473s] Level 1:colcon.colcon_core.package_discovery:discover_packages(prefix_path) using defaults
[0.495s] Level 5:colcon.colcon_core.verb:set package 'demo_cpp_pkg' build argument 'cmake_args' from command line to 'None'
[0.496s] Level 5:colcon.colcon_core.verb:set package 'demo_cpp_pkg' build argument 'cmake_target' from command line to 'None'
[0.496s] Level 5:colcon.colcon_core.verb:set package 'demo_cpp_pkg' build argument 'cmake_target_skip_unavailable' from command line to 'False'
[0.496s] Level 5:colcon.colcon_core.verb:set package 'demo_cpp_pkg' build argument 'cmake_clean_cache' from command line to 'False'
[0.496s] Level 5:colcon.colcon_core.verb:set package 'demo_cpp_pkg' build argument 'cmake_clean_first' from command line to 'False'
[0.496s] Level 5:colcon.colcon_core.verb:set package 'demo_cpp_pkg' build argument 'cmake_force_configure' from command line to 'False'
[0.496s] Level 5:colcon.colcon_core.verb:set package 'demo_cpp_pkg' build argument 'ament_cmake_args' from command line to 'None'
[0.496s] Level 5:colcon.colcon_core.verb:set package 'demo_cpp_pkg' build argument 'catkin_cmake_args' from command line to 'None'
[0.496s] Level 5:colcon.colcon_core.verb:set package 'demo_cpp_pkg' build argument 'catkin_skip_building_tests' from command line to 'False'
[0.496s] DEBUG:colcon.colcon_core.verb:Building package 'demo_cpp_pkg' with the following arguments: {'ament_cmake_args': None, 'build_base': '/home/nvidia/learn_ros/chapt2/build/demo_cpp_pkg', 'catkin_cmake_args': None, 'catkin_skip_building_tests': False, 'cmake_args': None, 'cmake_clean_cache': False, 'cmake_clean_first': False, 'cmake_force_configure': False, 'cmake_target': None, 'cmake_target_skip_unavailable': False, 'install_base': '/home/nvidia/learn_ros/chapt2/install/demo_cpp_pkg', 'merge_install': False, 'path': '/home/nvidia/learn_ros/chapt2/demo_cpp_pkg', 'symlink_install': False, 'test_result_base': None}
[0.496s] Level 5:colcon.colcon_core.verb:set package 'demo_python_pkg' build argument 'cmake_args' from command line to 'None'
[0.496s] Level 5:colcon.colcon_core.verb:set package 'demo_python_pkg' build argument 'cmake_target' from command line to 'None'
[0.496s] Level 5:colcon.colcon_core.verb:set package 'demo_python_pkg' build argument 'cmake_target_skip_unavailable' from command line to 'False'
[0.496s] Level 5:colcon.colcon_core.verb:set package 'demo_python_pkg' build argument 'cmake_clean_cache' from command line to 'False'
[0.496s] Level 5:colcon.colcon_core.verb:set package 'demo_python_pkg' build argument 'cmake_clean_first' from command line to 'False'
[0.496s] Level 5:colcon.colcon_core.verb:set package 'demo_python_pkg' build argument 'cmake_force_configure' from command line to 'False'
[0.496s] Level 5:colcon.colcon_core.verb:set package 'demo_python_pkg' build argument 'ament_cmake_args' from command line to 'None'
[0.496s] Level 5:colcon.colcon_core.verb:set package 'demo_python_pkg' build argument 'catkin_cmake_args' from command line to 'None'
[0.496s] Level 5:colcon.colcon_core.verb:set package 'demo_python_pkg' build argument 'catkin_skip_building_tests' from command line to 'False'
[0.496s] DEBUG:colcon.colcon_core.verb:Building package 'demo_python_pkg' with the following arguments: {'ament_cmake_args': None, 'build_base': '/home/nvidia/learn_ros/chapt2/build/demo_python_pkg', 'catkin_cmake_args': None, 'catkin_skip_building_tests': False, 'cmake_args': None, 'cmake_clean_cache': False, 'cmake_clean_first': False, 'cmake_force_configure': False, 'cmake_target': None, 'cmake_target_skip_unavailable': False, 'install_base': '/home/nvidia/learn_ros/chapt2/install/demo_python_pkg', 'merge_install': False, 'path': '/home/nvidia/learn_ros/chapt2/demo_python_pkg', 'symlink_install': False, 'test_result_base': None}
[0.496s] INFO:colcon.colcon_core.executor:Executing jobs using 'parallel' executor
[0.497s] DEBUG:colcon.colcon_parallel_executor.executor.parallel:run_until_complete
[0.497s] INFO:colcon.colcon_ros.task.ament_cmake.build:Building ROS package in '/home/nvidia/learn_ros/chapt2/demo_cpp_pkg' with build type 'ament_cmake'
[0.497s] INFO:colcon.colcon_cmake.task.cmake.build:Building CMake package in '/home/nvidia/learn_ros/chapt2/demo_cpp_pkg'
[0.498s] INFO:colcon.colcon_core.plugin_system:Skipping extension 'colcon_core.shell.bat': Not used on non-Windows systems
[0.499s] INFO:colcon.colcon_core.shell:Skip shell extension 'powershell' for command environment: Not usable outside of PowerShell
[0.499s] DEBUG:colcon.colcon_core.shell:Skip shell extension 'dsv' for command environment
[0.501s] INFO:colcon.colcon_ros.task.ament_python.build:Building ROS package in '/home/nvidia/learn_ros/chapt2/demo_python_pkg' with build type 'ament_python'
[0.501s] Level 1:colcon.colcon_core.shell:create_environment_hook('demo_python_pkg', 'ament_prefix_path')
[0.501s] INFO:colcon.colcon_core.shell:Creating environment hook '/home/nvidia/learn_ros/chapt2/install/demo_python_pkg/share/demo_python_pkg/hook/ament_prefix_path.ps1'
[0.501s] INFO:colcon.colcon_core.shell:Creating environment descriptor '/home/nvidia/learn_ros/chapt2/install/demo_python_pkg/share/demo_python_pkg/hook/ament_prefix_path.dsv'
[0.502s] INFO:colcon.colcon_core.shell:Creating environment hook '/home/nvidia/learn_ros/chapt2/install/demo_python_pkg/share/demo_python_pkg/hook/ament_prefix_path.sh'
[0.502s] INFO:colcon.colcon_core.shell:Skip shell extension 'powershell' for command environment: Not usable outside of PowerShell
[0.502s] DEBUG:colcon.colcon_core.shell:Skip shell extension 'dsv' for command environment
[0.508s] DEBUG:colcon.colcon_core.event_handler.log_command:Invoking command in '/home/nvidia/learn_ros/chapt2/build/demo_cpp_pkg': CMAKE_PREFIX_PATH=${CMAKE_PREFIX_PATH}:/home/nvidia/learn_ros/chapt2/install/demo_python_pkg:/opt/ros/humble /usr/bin/cmake --build /home/nvidia/learn_ros/chapt2/build/demo_cpp_pkg -- -j24 -l24
[0.635s] INFO:colcon.colcon_core.task.python.build:Building Python package in '/home/nvidia/learn_ros/chapt2/demo_python_pkg'
[0.635s] INFO:colcon.colcon_core.shell:Skip shell extension 'powershell' for command environment: Not usable outside of PowerShell
[0.635s] DEBUG:colcon.colcon_core.shell:Skip shell extension 'dsv' for command environment
[0.826s] DEBUG:colcon.colcon_core.task.python.build:Available setuptools commands: saveopts, install_headers, extract_messages, bdist_egg, install_scripts, sdist, easy_install, bdist_rpm, symlink_data, clean, install_egg_info, test, install_data, upload, upload_docs, build_scripts, build, update_catalog, install_lib, dist_info, egg_info, init_catalog, setopt, register, develop, rotate, bdist, build_py, build_ext, compile_catalog, bdist_dumb, install, check, build_clib, alias
[0.829s] DEBUG:colcon.colcon_core.event_handler.log_command:Invoking command in '/home/nvidia/learn_ros/chapt2/demo_python_pkg': PYTHONPATH=/home/nvidia/learn_ros/chapt2/build/demo_python_pkg/prefix_override:/usr/lib/python3/dist-packages/colcon_core/task/python/colcon_distutils_commands:/home/nvidia/learn_ros/chapt2/install/demo_python_pkg/lib/python3.10/site-packages:${PYTHONPATH} /usr/bin/python3 -W ignore:setup.py install is deprecated -W ignore:easy_install command is deprecated setup.py egg_info --egg-base ../build/demo_python_pkg build --build-base /home/nvidia/learn_ros/chapt2/build/demo_python_pkg/build install --record /home/nvidia/learn_ros/chapt2/build/demo_python_pkg/install.log --install-scripts $base/lib/demo_python_pkg --single-version-externally-managed install_data
[0.967s] DEBUG:colcon.colcon_core.event_handler.log_command:Invoked command in '/home/nvidia/learn_ros/chapt2/demo_python_pkg' returned '0': PYTHONPATH=/home/nvidia/learn_ros/chapt2/build/demo_python_pkg/prefix_override:/usr/lib/python3/dist-packages/colcon_core/task/python/colcon_distutils_commands:/home/nvidia/learn_ros/chapt2/install/demo_python_pkg/lib/python3.10/site-packages:${PYTHONPATH} /usr/bin/python3 -W ignore:setup.py install is deprecated -W ignore:easy_install command is deprecated setup.py egg_info --egg-base ../build/demo_python_pkg build --build-base /home/nvidia/learn_ros/chapt2/build/demo_python_pkg/build install --record /home/nvidia/learn_ros/chapt2/build/demo_python_pkg/install.log --install-scripts $base/lib/demo_python_pkg --single-version-externally-managed install_data
[0.969s] Level 1:colcon.colcon_core.environment:checking '/home/nvidia/learn_ros/chapt2/install/demo_python_pkg' for CMake module files
[0.969s] Level 1:colcon.colcon_core.environment:checking '/home/nvidia/learn_ros/chapt2/install/demo_python_pkg' for CMake config files
[0.969s] Level 1:colcon.colcon_core.environment:checking '/home/nvidia/learn_ros/chapt2/install/demo_python_pkg/lib'
[0.969s] Level 1:colcon.colcon_core.environment:checking '/home/nvidia/learn_ros/chapt2/install/demo_python_pkg/bin'
[0.969s] Level 1:colcon.colcon_core.environment:checking '/home/nvidia/learn_ros/chapt2/install/demo_python_pkg/lib/pkgconfig/demo_python_pkg.pc'
[0.970s] Level 1:colcon.colcon_core.environment:checking '/home/nvidia/learn_ros/chapt2/install/demo_python_pkg/lib/python3.10/site-packages'
[0.970s] Level 1:colcon.colcon_core.shell:create_environment_hook('demo_python_pkg', 'pythonpath')
[0.970s] INFO:colcon.colcon_core.shell:Creating environment hook '/home/nvidia/learn_ros/chapt2/install/demo_python_pkg/share/demo_python_pkg/hook/pythonpath.ps1'
[0.970s] INFO:colcon.colcon_core.shell:Creating environment descriptor '/home/nvidia/learn_ros/chapt2/install/demo_python_pkg/share/demo_python_pkg/hook/pythonpath.dsv'
[0.970s] INFO:colcon.colcon_core.shell:Creating environment hook '/home/nvidia/learn_ros/chapt2/install/demo_python_pkg/share/demo_python_pkg/hook/pythonpath.sh'
[0.971s] Level 1:colcon.colcon_core.environment:checking '/home/nvidia/learn_ros/chapt2/install/demo_python_pkg/bin'
[0.971s] Level 1:colcon.colcon_core.environment:create_environment_scripts_only(demo_python_pkg)
[0.971s] INFO:colcon.colcon_core.shell:Creating package script '/home/nvidia/learn_ros/chapt2/install/demo_python_pkg/share/demo_python_pkg/package.ps1'
[0.972s] INFO:colcon.colcon_core.shell:Creating package descriptor '/home/nvidia/learn_ros/chapt2/install/demo_python_pkg/share/demo_python_pkg/package.dsv'
[0.972s] INFO:colcon.colcon_core.shell:Creating package script '/home/nvidia/learn_ros/chapt2/install/demo_python_pkg/share/demo_python_pkg/package.sh'
[0.972s] INFO:colcon.colcon_core.shell:Creating package script '/home/nvidia/learn_ros/chapt2/install/demo_python_pkg/share/demo_python_pkg/package.bash'
[0.973s] INFO:colcon.colcon_core.shell:Creating package script '/home/nvidia/learn_ros/chapt2/install/demo_python_pkg/share/demo_python_pkg/package.zsh'
[0.973s] Level 1:colcon.colcon_core.environment:create_file_with_runtime_dependencies(/home/nvidia/learn_ros/chapt2/install/demo_python_pkg/share/colcon-core/packages/demo_python_pkg)
[13.856s] DEBUG:colcon.colcon_core.event_handler.log_command:Invoked command in '/home/nvidia/learn_ros/chapt2/build/demo_cpp_pkg' returned '0': CMAKE_PREFIX_PATH=${CMAKE_PREFIX_PATH}:/home/nvidia/learn_ros/chapt2/install/demo_python_pkg:/opt/ros/humble /usr/bin/cmake --build /home/nvidia/learn_ros/chapt2/build/demo_cpp_pkg -- -j24 -l24
[13.863s] DEBUG:colcon.colcon_core.event_handler.log_command:Invoking command in '/home/nvidia/learn_ros/chapt2/build/demo_cpp_pkg': CMAKE_PREFIX_PATH=${CMAKE_PREFIX_PATH}:/home/nvidia/learn_ros/chapt2/install/demo_python_pkg:/opt/ros/humble /usr/bin/cmake --install /home/nvidia/learn_ros/chapt2/build/demo_cpp_pkg
[13.869s] Level 1:colcon.colcon_core.environment:create_environment_scripts_only(demo_cpp_pkg)
[13.869s] Level 1:colcon.colcon_core.environment:checking '/home/nvidia/learn_ros/chapt2/install/demo_cpp_pkg' for CMake module files
[13.869s] DEBUG:colcon.colcon_core.event_handler.log_command:Invoked command in '/home/nvidia/learn_ros/chapt2/build/demo_cpp_pkg' returned '0': CMAKE_PREFIX_PATH=${CMAKE_PREFIX_PATH}:/home/nvidia/learn_ros/chapt2/install/demo_python_pkg:/opt/ros/humble /usr/bin/cmake --install /home/nvidia/learn_ros/chapt2/build/demo_cpp_pkg
[13.870s] Level 1:colcon.colcon_core.environment:checking '/home/nvidia/learn_ros/chapt2/install/demo_cpp_pkg' for CMake config files
[13.870s] Level 1:colcon.colcon_core.shell:create_environment_hook('demo_cpp_pkg', 'cmake_prefix_path')
[13.870s] INFO:colcon.colcon_core.shell:Creating environment hook '/home/nvidia/learn_ros/chapt2/install/demo_cpp_pkg/share/demo_cpp_pkg/hook/cmake_prefix_path.ps1'
[13.870s] INFO:colcon.colcon_core.shell:Creating environment descriptor '/home/nvidia/learn_ros/chapt2/install/demo_cpp_pkg/share/demo_cpp_pkg/hook/cmake_prefix_path.dsv'
[13.870s] INFO:colcon.colcon_core.shell:Creating environment hook '/home/nvidia/learn_ros/chapt2/install/demo_cpp_pkg/share/demo_cpp_pkg/hook/cmake_prefix_path.sh'
[13.871s] Level 1:colcon.colcon_core.environment:checking '/home/nvidia/learn_ros/chapt2/install/demo_cpp_pkg/lib'
[13.871s] Level 1:colcon.colcon_core.environment:checking '/home/nvidia/learn_ros/chapt2/install/demo_cpp_pkg/bin'
[13.871s] Level 1:colcon.colcon_core.environment:checking '/home/nvidia/learn_ros/chapt2/install/demo_cpp_pkg/lib/pkgconfig/demo_cpp_pkg.pc'
[13.871s] Level 1:colcon.colcon_core.environment:checking '/home/nvidia/learn_ros/chapt2/install/demo_cpp_pkg/lib/python3.10/site-packages'
[13.871s] Level 1:colcon.colcon_core.environment:checking '/home/nvidia/learn_ros/chapt2/install/demo_cpp_pkg/bin'
[13.871s] INFO:colcon.colcon_core.shell:Creating package script '/home/nvidia/learn_ros/chapt2/install/demo_cpp_pkg/share/demo_cpp_pkg/package.ps1'
[13.872s] INFO:colcon.colcon_core.shell:Creating package descriptor '/home/nvidia/learn_ros/chapt2/install/demo_cpp_pkg/share/demo_cpp_pkg/package.dsv'
[13.872s] INFO:colcon.colcon_core.shell:Creating package script '/home/nvidia/learn_ros/chapt2/install/demo_cpp_pkg/share/demo_cpp_pkg/package.sh'
[13.872s] INFO:colcon.colcon_core.shell:Creating package script '/home/nvidia/learn_ros/chapt2/install/demo_cpp_pkg/share/demo_cpp_pkg/package.bash'
[13.872s] INFO:colcon.colcon_core.shell:Creating package script '/home/nvidia/learn_ros/chapt2/install/demo_cpp_pkg/share/demo_cpp_pkg/package.zsh'
[13.873s] Level 1:colcon.colcon_core.environment:create_file_with_runtime_dependencies(/home/nvidia/learn_ros/chapt2/install/demo_cpp_pkg/share/colcon-core/packages/demo_cpp_pkg)
[13.873s] Level 1:colcon.colcon_core.environment:create_environment_scripts_only(demo_cpp_pkg)
[13.873s] Level 1:colcon.colcon_core.environment:checking '/home/nvidia/learn_ros/chapt2/install/demo_cpp_pkg' for CMake module files
[13.873s] Level 1:colcon.colcon_core.environment:checking '/home/nvidia/learn_ros/chapt2/install/demo_cpp_pkg' for CMake config files
[13.873s] Level 1:colcon.colcon_core.shell:create_environment_hook('demo_cpp_pkg', 'cmake_prefix_path')
[13.874s] INFO:colcon.colcon_core.shell:Creating environment hook '/home/nvidia/learn_ros/chapt2/install/demo_cpp_pkg/share/demo_cpp_pkg/hook/cmake_prefix_path.ps1'
[13.874s] INFO:colcon.colcon_core.shell:Creating environment descriptor '/home/nvidia/learn_ros/chapt2/install/demo_cpp_pkg/share/demo_cpp_pkg/hook/cmake_prefix_path.dsv'
[13.874s] INFO:colcon.colcon_core.shell:Creating environment hook '/home/nvidia/learn_ros/chapt2/install/demo_cpp_pkg/share/demo_cpp_pkg/hook/cmake_prefix_path.sh'
[13.874s] Level 1:colcon.colcon_core.environment:checking '/home/nvidia/learn_ros/chapt2/install/demo_cpp_pkg/lib'
[13.874s] Level 1:colcon.colcon_core.environment:checking '/home/nvidia/learn_ros/chapt2/install/demo_cpp_pkg/bin'
[13.874s] Level 1:colcon.colcon_core.environment:checking '/home/nvidia/learn_ros/chapt2/install/demo_cpp_pkg/lib/pkgconfig/demo_cpp_pkg.pc'
[13.875s] Level 1:colcon.colcon_core.environment:checking '/home/nvidia/learn_ros/chapt2/install/demo_cpp_pkg/lib/python3.10/site-packages'
[13.875s] Level 1:colcon.colcon_core.environment:checking '/home/nvidia/learn_ros/chapt2/install/demo_cpp_pkg/bin'
[13.875s] INFO:colcon.colcon_core.shell:Creating package script '/home/nvidia/learn_ros/chapt2/install/demo_cpp_pkg/share/demo_cpp_pkg/package.ps1'
[13.875s] INFO:colcon.colcon_core.shell:Creating package descriptor '/home/nvidia/learn_ros/chapt2/install/demo_cpp_pkg/share/demo_cpp_pkg/package.dsv'
[13.876s] INFO:colcon.colcon_core.shell:Creating package script '/home/nvidia/learn_ros/chapt2/install/demo_cpp_pkg/share/demo_cpp_pkg/package.sh'
[13.876s] INFO:colcon.colcon_core.shell:Creating package script '/home/nvidia/learn_ros/chapt2/install/demo_cpp_pkg/share/demo_cpp_pkg/package.bash'
[13.876s] INFO:colcon.colcon_core.shell:Creating package script '/home/nvidia/learn_ros/chapt2/install/demo_cpp_pkg/share/demo_cpp_pkg/package.zsh'
[13.876s] Level 1:colcon.colcon_core.environment:create_file_with_runtime_dependencies(/home/nvidia/learn_ros/chapt2/install/demo_cpp_pkg/share/colcon-core/packages/demo_cpp_pkg)
[13.877s] DEBUG:colcon.colcon_parallel_executor.executor.parallel:closing loop
[13.877s] DEBUG:colcon.colcon_parallel_executor.executor.parallel:loop closed
[13.877s] DEBUG:colcon.colcon_parallel_executor.executor.parallel:run_until_complete finished with '0'
[13.877s] DEBUG:colcon.colcon_core.event_reactor:joining thread
[14.012s] INFO:colcon.colcon_core.plugin_system:Skipping extension 'colcon_notification.desktop_notification.notify_send': Could not find 'notify-send'
[14.012s] INFO:colcon.colcon_core.plugin_system:Skipping extension 'colcon_notification.desktop_notification.terminal_notifier': Not used on non-Darwin systems
[14.012s] INFO:colcon.colcon_core.plugin_system:Skipping extension 'colcon_notification.desktop_notification.win32': Not used on non-Windows systems
[14.012s] INFO:colcon.colcon_notification.desktop_notification:Sending desktop notification using 'notify2'
[14.012s] DEBUG:colcon.colcon_notification.desktop_notification.notify2:Failed to initialize notify2: org.freedesktop.DBus.Error.FileNotFound: Failed to connect to socket /run/user/1000/bus: No such file or directory
[14.012s] DEBUG:colcon.colcon_core.event_reactor:joined thread
[14.012s] INFO:colcon.colcon_core.shell:Creating prefix script '/home/nvidia/learn_ros/chapt2/install/local_setup.ps1'
[14.013s] INFO:colcon.colcon_core.shell:Creating prefix util module '/home/nvidia/learn_ros/chapt2/install/_local_setup_util_ps1.py'
[14.014s] INFO:colcon.colcon_core.shell:Creating prefix chain script '/home/nvidia/learn_ros/chapt2/install/setup.ps1'
[14.015s] INFO:colcon.colcon_core.shell:Creating prefix script '/home/nvidia/learn_ros/chapt2/install/local_setup.sh'
[14.015s] INFO:colcon.colcon_core.shell:Creating prefix util module '/home/nvidia/learn_ros/chapt2/install/_local_setup_util_sh.py'
[14.015s] INFO:colcon.colcon_core.shell:Creating prefix chain script '/home/nvidia/learn_ros/chapt2/install/setup.sh'
[14.016s] INFO:colcon.colcon_core.shell:Creating prefix script '/home/nvidia/learn_ros/chapt2/install/local_setup.bash'
[14.016s] INFO:colcon.colcon_core.shell:Creating prefix chain script '/home/nvidia/learn_ros/chapt2/install/setup.bash'
[14.017s] INFO:colcon.colcon_core.shell:Creating prefix script '/home/nvidia/learn_ros/chapt2/install/local_setup.zsh'
[14.017s] INFO:colcon.colcon_core.shell:Creating prefix chain script '/home/nvidia/learn_ros/chapt2/install/setup.zsh'
