[0.015s] Invoking command in '/home/nvidia/learn_ros/chapt3/topic_ws/build/demo_cpp_topic': CMAKE_PREFIX_PATH=/home/nvidia/learn_ros/chapt3/topic_ws/install/demo_python_topic:/opt/ros/humble /usr/bin/cmake /home/nvidia/learn_ros/chapt3/topic_ws/src/demo_cpp_topic -DCMAKE_INSTALL_PREFIX=/home/nvidia/learn_ros/chapt3/topic_ws/install/demo_cpp_topic
[0.498s] -- The C compiler identification is GNU 11.4.0
[2.006s] -- The CXX compiler identification is GNU 11.4.0
[3.032s] -- Detecting C compiler ABI info
[3.401s] -- Detecting C compiler ABI info - done
[3.405s] -- Check for working C compiler: /usr/bin/cc - skipped
[3.405s] -- Detecting C compile features
[3.406s] -- Detecting C compile features - done
[3.409s] -- Detecting CXX compiler ABI info
[3.780s] -- Detecting CXX compiler ABI info - done
[3.783s] -- Check for working CXX compiler: /usr/bin/c++ - skipped
[3.784s] -- Detecting CXX compile features
[3.784s] -- Detecting CXX compile features - done
[3.800s] -- Found ament_cmake: 1.3.14 (/opt/ros/humble/share/ament_cmake/cmake)
[3.894s] -- Found Python3: /usr/bin/python3 (found version "3.10.12") found components: Interpreter 
[3.973s] -- Found rclcpp: 16.0.21 (/opt/ros/humble/share/rclcpp/cmake)
[4.339s] -- Found rosidl_generator_c: 3.1.9 (/opt/ros/humble/share/rosidl_generator_c/cmake)
[4.344s] -- Found rosidl_adapter: 3.1.9 (/opt/ros/humble/share/rosidl_adapter/cmake)
[4.355s] -- Found rosidl_generator_cpp: 3.1.9 (/opt/ros/humble/share/rosidl_generator_cpp/cmake)
[4.371s] -- Using all available rosidl_typesupport_c: rosidl_typesupport_fastrtps_c;rosidl_typesupport_introspection_c
[4.388s] -- Using all available rosidl_typesupport_cpp: rosidl_typesupport_fastrtps_cpp;rosidl_typesupport_introspection_cpp
[4.445s] -- Found rmw_implementation_cmake: 6.1.4 (/opt/ros/humble/share/rmw_implementation_cmake/cmake)
[4.449s] -- Found rmw_fastrtps_cpp: 6.2.10 (/opt/ros/humble/share/rmw_fastrtps_cpp/cmake)
[7.803s] -- Found OpenSSL: /usr/lib/x86_64-linux-gnu/libcrypto.so (found version "3.0.2")  
[11.443s] -- Found FastRTPS: /opt/ros/humble/include  
[17.884s] -- Using RMW implementation 'rmw_fastrtps_cpp' as default
[17.894s] -- Looking for pthread.h
[18.259s] -- Looking for pthread.h - found
[18.259s] -- Performing Test CMAKE_HAVE_LIBC_PTHREAD
[18.627s] -- Performing Test CMAKE_HAVE_LIBC_PTHREAD - Success
[18.627s] -- Found Threads: TRUE  
[18.679s] -- Found geometry_msgs: 4.9.2 (/opt/ros/humble/share/geometry_msgs/cmake)
[18.694s] -- Found turtlesim: 1.4.3 (/opt/ros/humble/share/turtlesim/cmake)
[18.733s] -- Found ament_lint_auto: 0.12.15 (/opt/ros/humble/share/ament_lint_auto/cmake)
[18.789s] -- Added test 'cppcheck' to perform static code analysis on C / C++ code
[18.789s] -- Configured cppcheck include dirs: 
[18.789s] -- Configured cppcheck exclude dirs and/or files: 
[18.790s] -- Added test 'lint_cmake' to check CMake code style
[18.791s] -- Added test 'uncrustify' to check C / C++ code style
[18.791s] -- Configured uncrustify additional arguments: 
[18.791s] -- Added test 'xmllint' to check XML markup files
[18.793s] -- Configuring done
[18.800s] -- Generating done
[18.802s] -- Build files have been written to: /home/nvidia/learn_ros/chapt3/topic_ws/build/demo_cpp_topic
[18.808s] Invoked command in '/home/nvidia/learn_ros/chapt3/topic_ws/build/demo_cpp_topic' returned '0': CMAKE_PREFIX_PATH=/home/nvidia/learn_ros/chapt3/topic_ws/install/demo_python_topic:/opt/ros/humble /usr/bin/cmake /home/nvidia/learn_ros/chapt3/topic_ws/src/demo_cpp_topic -DCMAKE_INSTALL_PREFIX=/home/nvidia/learn_ros/chapt3/topic_ws/install/demo_cpp_topic
[18.809s] Invoking command in '/home/nvidia/learn_ros/chapt3/topic_ws/build/demo_cpp_topic': CMAKE_PREFIX_PATH=/home/nvidia/learn_ros/chapt3/topic_ws/install/demo_python_topic:/opt/ros/humble /usr/bin/cmake --build /home/nvidia/learn_ros/chapt3/topic_ws/build/demo_cpp_topic -- -j24 -l24
[18.834s] [ 50%] [32mBuilding CXX object CMakeFiles/turtle_circle.dir/src/turtle_circle.cpp.o[0m
[21.468s] [100%] [32m[1mLinking CXX executable turtle_circle[0m
[21.994s] [100%] Built target turtle_circle
[22.001s] Invoked command in '/home/nvidia/learn_ros/chapt3/topic_ws/build/demo_cpp_topic' returned '0': CMAKE_PREFIX_PATH=/home/nvidia/learn_ros/chapt3/topic_ws/install/demo_python_topic:/opt/ros/humble /usr/bin/cmake --build /home/nvidia/learn_ros/chapt3/topic_ws/build/demo_cpp_topic -- -j24 -l24
[22.006s] Invoking command in '/home/nvidia/learn_ros/chapt3/topic_ws/build/demo_cpp_topic': CMAKE_PREFIX_PATH=/home/nvidia/learn_ros/chapt3/topic_ws/install/demo_python_topic:/opt/ros/humble /usr/bin/cmake --install /home/nvidia/learn_ros/chapt3/topic_ws/build/demo_cpp_topic
[22.011s] -- Install configuration: ""
[22.011s] -- Installing: /home/nvidia/learn_ros/chapt3/topic_ws/install/demo_cpp_topic/lib/demo_cpp_topic/turtle_circle
[22.012s] -- Set runtime path of "/home/nvidia/learn_ros/chapt3/topic_ws/install/demo_cpp_topic/lib/demo_cpp_topic/turtle_circle" to ""
[22.012s] -- Installing: /home/nvidia/learn_ros/chapt3/topic_ws/install/demo_cpp_topic/share/ament_index/resource_index/package_run_dependencies/demo_cpp_topic
[22.013s] -- Installing: /home/nvidia/learn_ros/chapt3/topic_ws/install/demo_cpp_topic/share/ament_index/resource_index/parent_prefix_path/demo_cpp_topic
[22.013s] -- Installing: /home/nvidia/learn_ros/chapt3/topic_ws/install/demo_cpp_topic/share/demo_cpp_topic/environment/ament_prefix_path.sh
[22.013s] -- Installing: /home/nvidia/learn_ros/chapt3/topic_ws/install/demo_cpp_topic/share/demo_cpp_topic/environment/ament_prefix_path.dsv
[22.013s] -- Installing: /home/nvidia/learn_ros/chapt3/topic_ws/install/demo_cpp_topic/share/demo_cpp_topic/environment/path.sh
[22.013s] -- Installing: /home/nvidia/learn_ros/chapt3/topic_ws/install/demo_cpp_topic/share/demo_cpp_topic/environment/path.dsv
[22.013s] -- Installing: /home/nvidia/learn_ros/chapt3/topic_ws/install/demo_cpp_topic/share/demo_cpp_topic/local_setup.bash
[22.013s] -- Installing: /home/nvidia/learn_ros/chapt3/topic_ws/install/demo_cpp_topic/share/demo_cpp_topic/local_setup.sh
[22.013s] -- Installing: /home/nvidia/learn_ros/chapt3/topic_ws/install/demo_cpp_topic/share/demo_cpp_topic/local_setup.zsh
[22.014s] -- Installing: /home/nvidia/learn_ros/chapt3/topic_ws/install/demo_cpp_topic/share/demo_cpp_topic/local_setup.dsv
[22.014s] -- Installing: /home/nvidia/learn_ros/chapt3/topic_ws/install/demo_cpp_topic/share/demo_cpp_topic/package.dsv
[22.014s] -- Installing: /home/nvidia/learn_ros/chapt3/topic_ws/install/demo_cpp_topic/share/ament_index/resource_index/packages/demo_cpp_topic
[22.014s] -- Installing: /home/nvidia/learn_ros/chapt3/topic_ws/install/demo_cpp_topic/share/demo_cpp_topic/cmake/demo_cpp_topicConfig.cmake
[22.014s] -- Installing: /home/nvidia/learn_ros/chapt3/topic_ws/install/demo_cpp_topic/share/demo_cpp_topic/cmake/demo_cpp_topicConfig-version.cmake
[22.014s] -- Installing: /home/nvidia/learn_ros/chapt3/topic_ws/install/demo_cpp_topic/share/demo_cpp_topic/package.xml
[22.015s] Invoked command in '/home/nvidia/learn_ros/chapt3/topic_ws/build/demo_cpp_topic' returned '0': CMAKE_PREFIX_PATH=/home/nvidia/learn_ros/chapt3/topic_ws/install/demo_python_topic:/opt/ros/humble /usr/bin/cmake --install /home/nvidia/learn_ros/chapt3/topic_ws/build/demo_cpp_topic
