[0.584s] DEBUG:colcon:Command line arguments: ['/usr/bin/colcon', 'build']
[0.584s] DEBUG:colcon:Parsed command line arguments: Namespace(log_base=None, log_level=None, verb_name='build', build_base='build', install_base='install', merge_install=False, symlink_install=False, test_result_base=None, continue_on_error=False, executor='parallel', parallel_workers=24, event_handlers=None, ignore_user_meta=False, metas=['./colcon.meta'], base_paths=['.'], packages_ignore=None, packages_ignore_regex=None, paths=None, packages_up_to=None, packages_up_to_regex=None, packages_above=None, packages_above_and_dependencies=None, packages_above_depth=None, packages_select_by_dep=None, packages_skip_by_dep=None, packages_skip_up_to=None, packages_select_build_failed=False, packages_skip_build_finished=False, packages_select_test_failures=False, packages_skip_test_passed=False, packages_select=None, packages_skip=None, packages_select_regex=None, packages_skip_regex=None, packages_start=None, packages_end=None, allow_overriding=[], cmake_args=None, cmake_target=None, cmake_target_skip_unavailable=False, cmake_clean_cache=False, cmake_clean_first=False, cmake_force_configure=False, ament_cmake_args=None, catkin_cmake_args=None, catkin_skip_building_tests=False, verb_parser=<colcon_defaults.argument_parser.defaults.DefaultArgumentsDecorator object at 0x787eab0031c0>, verb_extension=<colcon_core.verb.build.BuildVerb object at 0x787eab002830>, main=<bound method BuildVerb.main of <colcon_core.verb.build.BuildVerb object at 0x787eab002830>>)
[0.816s] Level 1:colcon.colcon_core.package_discovery:discover_packages(colcon_meta) check parameters
[0.816s] Level 1:colcon.colcon_core.package_discovery:discover_packages(recursive) check parameters
[0.816s] Level 1:colcon.colcon_core.package_discovery:discover_packages(ignore) check parameters
[0.816s] Level 1:colcon.colcon_core.package_discovery:discover_packages(path) check parameters
[0.816s] Level 1:colcon.colcon_core.package_discovery:discover_packages(colcon_meta) discover
[0.816s] Level 1:colcon.colcon_core.package_discovery:discover_packages(recursive) discover
[0.816s] INFO:colcon.colcon_core.package_discovery:Crawling recursively for packages in '/home/nvidia/learn_ros/chapt2/chapt2_ws'
[0.817s] Level 1:colcon.colcon_core.package_identification:_identify(.) by extensions ['ignore', 'ignore_ament_install']
[0.817s] Level 1:colcon.colcon_core.package_identification:_identify(.) by extension 'ignore'
[0.817s] Level 1:colcon.colcon_core.package_identification:_identify(.) by extension 'ignore_ament_install'
[0.817s] Level 1:colcon.colcon_core.package_identification:_identify(.) by extensions ['colcon_pkg']
[0.817s] Level 1:colcon.colcon_core.package_identification:_identify(.) by extension 'colcon_pkg'
[0.817s] Level 1:colcon.colcon_core.package_identification:_identify(.) by extensions ['colcon_meta']
[0.817s] Level 1:colcon.colcon_core.package_identification:_identify(.) by extension 'colcon_meta'
[0.817s] Level 1:colcon.colcon_core.package_identification:_identify(.) by extensions ['ros']
[0.817s] Level 1:colcon.colcon_core.package_identification:_identify(.) by extension 'ros'
[0.830s] Level 1:colcon.colcon_core.package_identification:_identify(.) by extensions ['cmake', 'python']
[0.831s] Level 1:colcon.colcon_core.package_identification:_identify(.) by extension 'cmake'
[0.831s] Level 1:colcon.colcon_core.package_identification:_identify(.) by extension 'python'
[0.831s] Level 1:colcon.colcon_core.package_identification:_identify(.) by extensions ['python_setup_py']
[0.831s] Level 1:colcon.colcon_core.package_identification:_identify(.) by extension 'python_setup_py'
[0.831s] Level 1:colcon.colcon_core.package_identification:_identify(build) by extensions ['ignore', 'ignore_ament_install']
[0.831s] Level 1:colcon.colcon_core.package_identification:_identify(build) by extension 'ignore'
[0.831s] Level 1:colcon.colcon_core.package_identification:_identify(build) ignored
[0.831s] Level 1:colcon.colcon_core.package_identification:_identify(install) by extensions ['ignore', 'ignore_ament_install']
[0.831s] Level 1:colcon.colcon_core.package_identification:_identify(install) by extension 'ignore'
[0.831s] Level 1:colcon.colcon_core.package_identification:_identify(install) ignored
[0.831s] Level 1:colcon.colcon_core.package_identification:_identify(log) by extensions ['ignore', 'ignore_ament_install']
[0.831s] Level 1:colcon.colcon_core.package_identification:_identify(log) by extension 'ignore'
[0.831s] Level 1:colcon.colcon_core.package_identification:_identify(log) ignored
[0.831s] Level 1:colcon.colcon_core.package_identification:_identify(src) by extensions ['ignore', 'ignore_ament_install']
[0.831s] Level 1:colcon.colcon_core.package_identification:_identify(src) by extension 'ignore'
[0.831s] Level 1:colcon.colcon_core.package_identification:_identify(src) by extension 'ignore_ament_install'
[0.831s] Level 1:colcon.colcon_core.package_identification:_identify(src) by extensions ['colcon_pkg']
[0.831s] Level 1:colcon.colcon_core.package_identification:_identify(src) by extension 'colcon_pkg'
[0.831s] Level 1:colcon.colcon_core.package_identification:_identify(src) by extensions ['colcon_meta']
[0.831s] Level 1:colcon.colcon_core.package_identification:_identify(src) by extension 'colcon_meta'
[0.831s] Level 1:colcon.colcon_core.package_identification:_identify(src) by extensions ['ros']
[0.832s] Level 1:colcon.colcon_core.package_identification:_identify(src) by extension 'ros'
[0.832s] Level 1:colcon.colcon_core.package_identification:_identify(src) by extensions ['cmake', 'python']
[0.832s] Level 1:colcon.colcon_core.package_identification:_identify(src) by extension 'cmake'
[0.832s] Level 1:colcon.colcon_core.package_identification:_identify(src) by extension 'python'
[0.832s] Level 1:colcon.colcon_core.package_identification:_identify(src) by extensions ['python_setup_py']
[0.832s] Level 1:colcon.colcon_core.package_identification:_identify(src) by extension 'python_setup_py'
[0.832s] Level 1:colcon.colcon_core.package_identification:_identify(src/demo_cpp_pkg) by extensions ['ignore', 'ignore_ament_install']
[0.832s] Level 1:colcon.colcon_core.package_identification:_identify(src/demo_cpp_pkg) by extension 'ignore'
[0.832s] Level 1:colcon.colcon_core.package_identification:_identify(src/demo_cpp_pkg) by extension 'ignore_ament_install'
[0.832s] Level 1:colcon.colcon_core.package_identification:_identify(src/demo_cpp_pkg) by extensions ['colcon_pkg']
[0.832s] Level 1:colcon.colcon_core.package_identification:_identify(src/demo_cpp_pkg) by extension 'colcon_pkg'
[0.832s] Level 1:colcon.colcon_core.package_identification:_identify(src/demo_cpp_pkg) by extensions ['colcon_meta']
[0.832s] Level 1:colcon.colcon_core.package_identification:_identify(src/demo_cpp_pkg) by extension 'colcon_meta'
[0.832s] Level 1:colcon.colcon_core.package_identification:_identify(src/demo_cpp_pkg) by extensions ['ros']
[0.832s] Level 1:colcon.colcon_core.package_identification:_identify(src/demo_cpp_pkg) by extension 'ros'
[0.835s] DEBUG:colcon.colcon_core.package_identification:Package 'src/demo_cpp_pkg' with type 'ros.ament_cmake' and name 'demo_cpp_pkg'
[0.835s] Level 1:colcon.colcon_core.package_identification:_identify(src/demo_python_pkg) by extensions ['ignore', 'ignore_ament_install']
[0.836s] Level 1:colcon.colcon_core.package_identification:_identify(src/demo_python_pkg) by extension 'ignore'
[0.836s] Level 1:colcon.colcon_core.package_identification:_identify(src/demo_python_pkg) by extension 'ignore_ament_install'
[0.836s] Level 1:colcon.colcon_core.package_identification:_identify(src/demo_python_pkg) by extensions ['colcon_pkg']
[0.836s] Level 1:colcon.colcon_core.package_identification:_identify(src/demo_python_pkg) by extension 'colcon_pkg'
[0.836s] Level 1:colcon.colcon_core.package_identification:_identify(src/demo_python_pkg) by extensions ['colcon_meta']
[0.836s] Level 1:colcon.colcon_core.package_identification:_identify(src/demo_python_pkg) by extension 'colcon_meta'
[0.836s] Level 1:colcon.colcon_core.package_identification:_identify(src/demo_python_pkg) by extensions ['ros']
[0.836s] Level 1:colcon.colcon_core.package_identification:_identify(src/demo_python_pkg) by extension 'ros'
[0.837s] DEBUG:colcon.colcon_core.package_identification:Package 'src/demo_python_pkg' with type 'ros.ament_python' and name 'demo_python_pkg'
[0.837s] Level 1:colcon.colcon_core.package_discovery:discover_packages(recursive) using defaults
[0.837s] Level 1:colcon.colcon_core.package_discovery:discover_packages(ignore) discover
[0.837s] Level 1:colcon.colcon_core.package_discovery:discover_packages(ignore) using defaults
[0.837s] Level 1:colcon.colcon_core.package_discovery:discover_packages(path) discover
[0.837s] Level 1:colcon.colcon_core.package_discovery:discover_packages(path) using defaults
[0.867s] Level 1:colcon.colcon_core.package_discovery:discover_packages(prefix_path) check parameters
[0.867s] Level 1:colcon.colcon_core.package_discovery:discover_packages(prefix_path) discover
[0.872s] DEBUG:colcon.colcon_installed_package_information.package_discovery:Found 273 installed packages in /opt/ros/humble
[0.874s] Level 1:colcon.colcon_core.package_discovery:discover_packages(prefix_path) using defaults
[0.971s] Level 5:colcon.colcon_core.verb:set package 'demo_cpp_pkg' build argument 'cmake_args' from command line to 'None'
[0.971s] Level 5:colcon.colcon_core.verb:set package 'demo_cpp_pkg' build argument 'cmake_target' from command line to 'None'
[0.971s] Level 5:colcon.colcon_core.verb:set package 'demo_cpp_pkg' build argument 'cmake_target_skip_unavailable' from command line to 'False'
[0.971s] Level 5:colcon.colcon_core.verb:set package 'demo_cpp_pkg' build argument 'cmake_clean_cache' from command line to 'False'
[0.971s] Level 5:colcon.colcon_core.verb:set package 'demo_cpp_pkg' build argument 'cmake_clean_first' from command line to 'False'
[0.971s] Level 5:colcon.colcon_core.verb:set package 'demo_cpp_pkg' build argument 'cmake_force_configure' from command line to 'False'
[0.971s] Level 5:colcon.colcon_core.verb:set package 'demo_cpp_pkg' build argument 'ament_cmake_args' from command line to 'None'
[0.971s] Level 5:colcon.colcon_core.verb:set package 'demo_cpp_pkg' build argument 'catkin_cmake_args' from command line to 'None'
[0.971s] Level 5:colcon.colcon_core.verb:set package 'demo_cpp_pkg' build argument 'catkin_skip_building_tests' from command line to 'False'
[0.971s] DEBUG:colcon.colcon_core.verb:Building package 'demo_cpp_pkg' with the following arguments: {'ament_cmake_args': None, 'build_base': '/home/nvidia/learn_ros/chapt2/chapt2_ws/build/demo_cpp_pkg', 'catkin_cmake_args': None, 'catkin_skip_building_tests': False, 'cmake_args': None, 'cmake_clean_cache': False, 'cmake_clean_first': False, 'cmake_force_configure': False, 'cmake_target': None, 'cmake_target_skip_unavailable': False, 'install_base': '/home/nvidia/learn_ros/chapt2/chapt2_ws/install/demo_cpp_pkg', 'merge_install': False, 'path': '/home/nvidia/learn_ros/chapt2/chapt2_ws/src/demo_cpp_pkg', 'symlink_install': False, 'test_result_base': None}
[0.971s] Level 5:colcon.colcon_core.verb:set package 'demo_python_pkg' build argument 'cmake_args' from command line to 'None'
[0.971s] Level 5:colcon.colcon_core.verb:set package 'demo_python_pkg' build argument 'cmake_target' from command line to 'None'
[0.972s] Level 5:colcon.colcon_core.verb:set package 'demo_python_pkg' build argument 'cmake_target_skip_unavailable' from command line to 'False'
[0.972s] Level 5:colcon.colcon_core.verb:set package 'demo_python_pkg' build argument 'cmake_clean_cache' from command line to 'False'
[0.972s] Level 5:colcon.colcon_core.verb:set package 'demo_python_pkg' build argument 'cmake_clean_first' from command line to 'False'
[0.972s] Level 5:colcon.colcon_core.verb:set package 'demo_python_pkg' build argument 'cmake_force_configure' from command line to 'False'
[0.972s] Level 5:colcon.colcon_core.verb:set package 'demo_python_pkg' build argument 'ament_cmake_args' from command line to 'None'
[0.972s] Level 5:colcon.colcon_core.verb:set package 'demo_python_pkg' build argument 'catkin_cmake_args' from command line to 'None'
[0.972s] Level 5:colcon.colcon_core.verb:set package 'demo_python_pkg' build argument 'catkin_skip_building_tests' from command line to 'False'
[0.972s] DEBUG:colcon.colcon_core.verb:Building package 'demo_python_pkg' with the following arguments: {'ament_cmake_args': None, 'build_base': '/home/nvidia/learn_ros/chapt2/chapt2_ws/build/demo_python_pkg', 'catkin_cmake_args': None, 'catkin_skip_building_tests': False, 'cmake_args': None, 'cmake_clean_cache': False, 'cmake_clean_first': False, 'cmake_force_configure': False, 'cmake_target': None, 'cmake_target_skip_unavailable': False, 'install_base': '/home/nvidia/learn_ros/chapt2/chapt2_ws/install/demo_python_pkg', 'merge_install': False, 'path': '/home/nvidia/learn_ros/chapt2/chapt2_ws/src/demo_python_pkg', 'symlink_install': False, 'test_result_base': None}
[0.972s] INFO:colcon.colcon_core.executor:Executing jobs using 'parallel' executor
[0.973s] DEBUG:colcon.colcon_parallel_executor.executor.parallel:run_until_complete
[0.973s] INFO:colcon.colcon_ros.task.ament_cmake.build:Building ROS package in '/home/nvidia/learn_ros/chapt2/chapt2_ws/src/demo_cpp_pkg' with build type 'ament_cmake'
[0.973s] INFO:colcon.colcon_cmake.task.cmake.build:Building CMake package in '/home/nvidia/learn_ros/chapt2/chapt2_ws/src/demo_cpp_pkg'
[0.979s] INFO:colcon.colcon_core.plugin_system:Skipping extension 'colcon_core.shell.bat': Not used on non-Windows systems
[0.979s] INFO:colcon.colcon_core.shell:Skip shell extension 'powershell' for command environment: Not usable outside of PowerShell
[0.979s] DEBUG:colcon.colcon_core.shell:Skip shell extension 'dsv' for command environment
[0.987s] DEBUG:colcon.colcon_core.event_handler.log_command:Invoking command in '/home/nvidia/learn_ros/chapt2/chapt2_ws/build/demo_cpp_pkg': CMAKE_PREFIX_PATH=/opt/ros/humble /usr/bin/cmake --build /home/nvidia/learn_ros/chapt2/chapt2_ws/build/demo_cpp_pkg -- -j24 -l24
[5.397s] DEBUG:colcon.colcon_core.event_handler.log_command:Invoked command in '/home/nvidia/learn_ros/chapt2/chapt2_ws/build/demo_cpp_pkg' returned '0': CMAKE_PREFIX_PATH=/opt/ros/humble /usr/bin/cmake --build /home/nvidia/learn_ros/chapt2/chapt2_ws/build/demo_cpp_pkg -- -j24 -l24
[5.405s] DEBUG:colcon.colcon_core.event_handler.log_command:Invoking command in '/home/nvidia/learn_ros/chapt2/chapt2_ws/build/demo_cpp_pkg': CMAKE_PREFIX_PATH=/opt/ros/humble /usr/bin/cmake --install /home/nvidia/learn_ros/chapt2/chapt2_ws/build/demo_cpp_pkg
[5.415s] Level 1:colcon.colcon_core.environment:create_environment_scripts_only(demo_cpp_pkg)
[5.415s] DEBUG:colcon.colcon_core.event_handler.log_command:Invoked command in '/home/nvidia/learn_ros/chapt2/chapt2_ws/build/demo_cpp_pkg' returned '0': CMAKE_PREFIX_PATH=/opt/ros/humble /usr/bin/cmake --install /home/nvidia/learn_ros/chapt2/chapt2_ws/build/demo_cpp_pkg
[5.422s] Level 1:colcon.colcon_core.environment:checking '/home/nvidia/learn_ros/chapt2/chapt2_ws/install/demo_cpp_pkg' for CMake module files
[5.422s] Level 1:colcon.colcon_core.environment:checking '/home/nvidia/learn_ros/chapt2/chapt2_ws/install/demo_cpp_pkg' for CMake config files
[5.422s] Level 1:colcon.colcon_core.shell:create_environment_hook('demo_cpp_pkg', 'cmake_prefix_path')
[5.422s] INFO:colcon.colcon_core.shell:Creating environment hook '/home/nvidia/learn_ros/chapt2/chapt2_ws/install/demo_cpp_pkg/share/demo_cpp_pkg/hook/cmake_prefix_path.ps1'
[5.423s] INFO:colcon.colcon_core.shell:Creating environment descriptor '/home/nvidia/learn_ros/chapt2/chapt2_ws/install/demo_cpp_pkg/share/demo_cpp_pkg/hook/cmake_prefix_path.dsv'
[5.424s] INFO:colcon.colcon_core.shell:Creating environment hook '/home/nvidia/learn_ros/chapt2/chapt2_ws/install/demo_cpp_pkg/share/demo_cpp_pkg/hook/cmake_prefix_path.sh'
[5.425s] Level 1:colcon.colcon_core.environment:checking '/home/nvidia/learn_ros/chapt2/chapt2_ws/install/demo_cpp_pkg/lib'
[5.425s] Level 1:colcon.colcon_core.environment:checking '/home/nvidia/learn_ros/chapt2/chapt2_ws/install/demo_cpp_pkg/bin'
[5.425s] Level 1:colcon.colcon_core.environment:checking '/home/nvidia/learn_ros/chapt2/chapt2_ws/install/demo_cpp_pkg/lib/pkgconfig/demo_cpp_pkg.pc'
[5.425s] Level 1:colcon.colcon_core.environment:checking '/home/nvidia/learn_ros/chapt2/chapt2_ws/install/demo_cpp_pkg/lib/python3.10/site-packages'
[5.425s] Level 1:colcon.colcon_core.environment:checking '/home/nvidia/learn_ros/chapt2/chapt2_ws/install/demo_cpp_pkg/bin'
[5.426s] INFO:colcon.colcon_core.shell:Creating package script '/home/nvidia/learn_ros/chapt2/chapt2_ws/install/demo_cpp_pkg/share/demo_cpp_pkg/package.ps1'
[5.427s] INFO:colcon.colcon_core.shell:Creating package descriptor '/home/nvidia/learn_ros/chapt2/chapt2_ws/install/demo_cpp_pkg/share/demo_cpp_pkg/package.dsv'
[5.427s] INFO:colcon.colcon_core.shell:Creating package script '/home/nvidia/learn_ros/chapt2/chapt2_ws/install/demo_cpp_pkg/share/demo_cpp_pkg/package.sh'
[5.428s] INFO:colcon.colcon_core.shell:Creating package script '/home/nvidia/learn_ros/chapt2/chapt2_ws/install/demo_cpp_pkg/share/demo_cpp_pkg/package.bash'
[5.429s] INFO:colcon.colcon_core.shell:Creating package script '/home/nvidia/learn_ros/chapt2/chapt2_ws/install/demo_cpp_pkg/share/demo_cpp_pkg/package.zsh'
[5.430s] Level 1:colcon.colcon_core.environment:create_file_with_runtime_dependencies(/home/nvidia/learn_ros/chapt2/chapt2_ws/install/demo_cpp_pkg/share/colcon-core/packages/demo_cpp_pkg)
[5.430s] Level 1:colcon.colcon_core.environment:create_environment_scripts_only(demo_cpp_pkg)
[5.431s] Level 1:colcon.colcon_core.environment:checking '/home/nvidia/learn_ros/chapt2/chapt2_ws/install/demo_cpp_pkg' for CMake module files
[5.431s] Level 1:colcon.colcon_core.environment:checking '/home/nvidia/learn_ros/chapt2/chapt2_ws/install/demo_cpp_pkg' for CMake config files
[5.431s] Level 1:colcon.colcon_core.shell:create_environment_hook('demo_cpp_pkg', 'cmake_prefix_path')
[5.431s] INFO:colcon.colcon_core.shell:Creating environment hook '/home/nvidia/learn_ros/chapt2/chapt2_ws/install/demo_cpp_pkg/share/demo_cpp_pkg/hook/cmake_prefix_path.ps1'
[5.431s] INFO:colcon.colcon_core.shell:Creating environment descriptor '/home/nvidia/learn_ros/chapt2/chapt2_ws/install/demo_cpp_pkg/share/demo_cpp_pkg/hook/cmake_prefix_path.dsv'
[5.431s] INFO:colcon.colcon_core.shell:Creating environment hook '/home/nvidia/learn_ros/chapt2/chapt2_ws/install/demo_cpp_pkg/share/demo_cpp_pkg/hook/cmake_prefix_path.sh'
[5.432s] Level 1:colcon.colcon_core.environment:checking '/home/nvidia/learn_ros/chapt2/chapt2_ws/install/demo_cpp_pkg/lib'
[5.432s] Level 1:colcon.colcon_core.environment:checking '/home/nvidia/learn_ros/chapt2/chapt2_ws/install/demo_cpp_pkg/bin'
[5.432s] Level 1:colcon.colcon_core.environment:checking '/home/nvidia/learn_ros/chapt2/chapt2_ws/install/demo_cpp_pkg/lib/pkgconfig/demo_cpp_pkg.pc'
[5.432s] Level 1:colcon.colcon_core.environment:checking '/home/nvidia/learn_ros/chapt2/chapt2_ws/install/demo_cpp_pkg/lib/python3.10/site-packages'
[5.432s] Level 1:colcon.colcon_core.environment:checking '/home/nvidia/learn_ros/chapt2/chapt2_ws/install/demo_cpp_pkg/bin'
[5.433s] INFO:colcon.colcon_core.shell:Creating package script '/home/nvidia/learn_ros/chapt2/chapt2_ws/install/demo_cpp_pkg/share/demo_cpp_pkg/package.ps1'
[5.433s] INFO:colcon.colcon_core.shell:Creating package descriptor '/home/nvidia/learn_ros/chapt2/chapt2_ws/install/demo_cpp_pkg/share/demo_cpp_pkg/package.dsv'
[5.433s] INFO:colcon.colcon_core.shell:Creating package script '/home/nvidia/learn_ros/chapt2/chapt2_ws/install/demo_cpp_pkg/share/demo_cpp_pkg/package.sh'
[5.434s] INFO:colcon.colcon_core.shell:Creating package script '/home/nvidia/learn_ros/chapt2/chapt2_ws/install/demo_cpp_pkg/share/demo_cpp_pkg/package.bash'
[5.434s] INFO:colcon.colcon_core.shell:Creating package script '/home/nvidia/learn_ros/chapt2/chapt2_ws/install/demo_cpp_pkg/share/demo_cpp_pkg/package.zsh'
[5.434s] Level 1:colcon.colcon_core.environment:create_file_with_runtime_dependencies(/home/nvidia/learn_ros/chapt2/chapt2_ws/install/demo_cpp_pkg/share/colcon-core/packages/demo_cpp_pkg)
[5.434s] INFO:colcon.colcon_ros.task.ament_python.build:Building ROS package in '/home/nvidia/learn_ros/chapt2/chapt2_ws/src/demo_python_pkg' with build type 'ament_python'
[5.435s] Level 1:colcon.colcon_core.shell:create_environment_hook('demo_python_pkg', 'ament_prefix_path')
[5.435s] INFO:colcon.colcon_core.shell:Creating environment hook '/home/nvidia/learn_ros/chapt2/chapt2_ws/install/demo_python_pkg/share/demo_python_pkg/hook/ament_prefix_path.ps1'
[5.436s] INFO:colcon.colcon_core.shell:Creating environment descriptor '/home/nvidia/learn_ros/chapt2/chapt2_ws/install/demo_python_pkg/share/demo_python_pkg/hook/ament_prefix_path.dsv'
[5.436s] INFO:colcon.colcon_core.shell:Creating environment hook '/home/nvidia/learn_ros/chapt2/chapt2_ws/install/demo_python_pkg/share/demo_python_pkg/hook/ament_prefix_path.sh'
[5.436s] INFO:colcon.colcon_core.shell:Skip shell extension 'powershell' for command environment: Not usable outside of PowerShell
[5.436s] DEBUG:colcon.colcon_core.shell:Skip shell extension 'dsv' for command environment
[5.802s] INFO:colcon.colcon_core.task.python.build:Building Python package in '/home/nvidia/learn_ros/chapt2/chapt2_ws/src/demo_python_pkg'
[5.802s] INFO:colcon.colcon_core.shell:Skip shell extension 'powershell' for command environment: Not usable outside of PowerShell
[5.802s] DEBUG:colcon.colcon_core.shell:Skip shell extension 'dsv' for command environment
[6.376s] DEBUG:colcon.colcon_core.task.python.build:Available setuptools commands: build, symlink_data, install_scripts, bdist_rpm, setopt, upload_docs, install_lib, build_ext, bdist_dumb, rotate, build_py, build_scripts, extract_messages, egg_info, alias, bdist, check, register, build_clib, init_catalog, bdist_egg, develop, test, install_data, sdist, saveopts, install_headers, clean, upload, easy_install, compile_catalog, dist_info, update_catalog, install_egg_info, install
[6.378s] DEBUG:colcon.colcon_core.event_handler.log_command:Invoking command in '/home/nvidia/learn_ros/chapt2/chapt2_ws/src/demo_python_pkg': AMENT_PREFIX_PATH=/home/nvidia/learn_ros/chapt2/chapt2_ws/install/demo_cpp_pkg:${AMENT_PREFIX_PATH} CMAKE_PREFIX_PATH=/home/nvidia/learn_ros/chapt2/chapt2_ws/install/demo_cpp_pkg PYTHONPATH=/home/nvidia/learn_ros/chapt2/chapt2_ws/build/demo_python_pkg/prefix_override:/usr/lib/python3/dist-packages/colcon_core/task/python/colcon_distutils_commands:/home/nvidia/learn_ros/chapt2/chapt2_ws/install/demo_python_pkg/lib/python3.10/site-packages:${PYTHONPATH} /usr/bin/python3 -W ignore:setup.py install is deprecated -W ignore:easy_install command is deprecated setup.py egg_info --egg-base ../../build/demo_python_pkg build --build-base /home/nvidia/learn_ros/chapt2/chapt2_ws/build/demo_python_pkg/build install --record /home/nvidia/learn_ros/chapt2/chapt2_ws/build/demo_python_pkg/install.log --install-scripts $base/lib/demo_python_pkg --single-version-externally-managed install_data
[6.565s] Level 1:colcon.colcon_core.environment:checking '/home/nvidia/learn_ros/chapt2/chapt2_ws/install/demo_python_pkg' for CMake module files
[6.565s] DEBUG:colcon.colcon_core.event_handler.log_command:Invoked command in '/home/nvidia/learn_ros/chapt2/chapt2_ws/src/demo_python_pkg' returned '0': AMENT_PREFIX_PATH=/home/nvidia/learn_ros/chapt2/chapt2_ws/install/demo_cpp_pkg:${AMENT_PREFIX_PATH} CMAKE_PREFIX_PATH=/home/nvidia/learn_ros/chapt2/chapt2_ws/install/demo_cpp_pkg PYTHONPATH=/home/nvidia/learn_ros/chapt2/chapt2_ws/build/demo_python_pkg/prefix_override:/usr/lib/python3/dist-packages/colcon_core/task/python/colcon_distutils_commands:/home/nvidia/learn_ros/chapt2/chapt2_ws/install/demo_python_pkg/lib/python3.10/site-packages:${PYTHONPATH} /usr/bin/python3 -W ignore:setup.py install is deprecated -W ignore:easy_install command is deprecated setup.py egg_info --egg-base ../../build/demo_python_pkg build --build-base /home/nvidia/learn_ros/chapt2/chapt2_ws/build/demo_python_pkg/build install --record /home/nvidia/learn_ros/chapt2/chapt2_ws/build/demo_python_pkg/install.log --install-scripts $base/lib/demo_python_pkg --single-version-externally-managed install_data
[6.566s] Level 1:colcon.colcon_core.environment:checking '/home/nvidia/learn_ros/chapt2/chapt2_ws/install/demo_python_pkg' for CMake config files
[6.566s] Level 1:colcon.colcon_core.environment:checking '/home/nvidia/learn_ros/chapt2/chapt2_ws/install/demo_python_pkg/lib'
[6.566s] Level 1:colcon.colcon_core.environment:checking '/home/nvidia/learn_ros/chapt2/chapt2_ws/install/demo_python_pkg/bin'
[6.566s] Level 1:colcon.colcon_core.environment:checking '/home/nvidia/learn_ros/chapt2/chapt2_ws/install/demo_python_pkg/lib/pkgconfig/demo_python_pkg.pc'
[6.566s] Level 1:colcon.colcon_core.environment:checking '/home/nvidia/learn_ros/chapt2/chapt2_ws/install/demo_python_pkg/lib/python3.10/site-packages'
[6.566s] Level 1:colcon.colcon_core.shell:create_environment_hook('demo_python_pkg', 'pythonpath')
[6.566s] INFO:colcon.colcon_core.shell:Creating environment hook '/home/nvidia/learn_ros/chapt2/chapt2_ws/install/demo_python_pkg/share/demo_python_pkg/hook/pythonpath.ps1'
[6.567s] INFO:colcon.colcon_core.shell:Creating environment descriptor '/home/nvidia/learn_ros/chapt2/chapt2_ws/install/demo_python_pkg/share/demo_python_pkg/hook/pythonpath.dsv'
[6.567s] INFO:colcon.colcon_core.shell:Creating environment hook '/home/nvidia/learn_ros/chapt2/chapt2_ws/install/demo_python_pkg/share/demo_python_pkg/hook/pythonpath.sh'
[6.567s] Level 1:colcon.colcon_core.environment:checking '/home/nvidia/learn_ros/chapt2/chapt2_ws/install/demo_python_pkg/bin'
[6.568s] Level 1:colcon.colcon_core.environment:create_environment_scripts_only(demo_python_pkg)
[6.568s] INFO:colcon.colcon_core.shell:Creating package script '/home/nvidia/learn_ros/chapt2/chapt2_ws/install/demo_python_pkg/share/demo_python_pkg/package.ps1'
[6.568s] INFO:colcon.colcon_core.shell:Creating package descriptor '/home/nvidia/learn_ros/chapt2/chapt2_ws/install/demo_python_pkg/share/demo_python_pkg/package.dsv'
[6.568s] INFO:colcon.colcon_core.shell:Creating package script '/home/nvidia/learn_ros/chapt2/chapt2_ws/install/demo_python_pkg/share/demo_python_pkg/package.sh'
[6.569s] INFO:colcon.colcon_core.shell:Creating package script '/home/nvidia/learn_ros/chapt2/chapt2_ws/install/demo_python_pkg/share/demo_python_pkg/package.bash'
[6.569s] INFO:colcon.colcon_core.shell:Creating package script '/home/nvidia/learn_ros/chapt2/chapt2_ws/install/demo_python_pkg/share/demo_python_pkg/package.zsh'
[6.569s] Level 1:colcon.colcon_core.environment:create_file_with_runtime_dependencies(/home/nvidia/learn_ros/chapt2/chapt2_ws/install/demo_python_pkg/share/colcon-core/packages/demo_python_pkg)
[6.570s] DEBUG:colcon.colcon_parallel_executor.executor.parallel:closing loop
[6.570s] DEBUG:colcon.colcon_parallel_executor.executor.parallel:loop closed
[6.570s] DEBUG:colcon.colcon_parallel_executor.executor.parallel:run_until_complete finished with '0'
[6.570s] DEBUG:colcon.colcon_core.event_reactor:joining thread
[6.745s] INFO:colcon.colcon_core.plugin_system:Skipping extension 'colcon_notification.desktop_notification.notify_send': Could not find 'notify-send'
[6.746s] INFO:colcon.colcon_core.plugin_system:Skipping extension 'colcon_notification.desktop_notification.terminal_notifier': Not used on non-Darwin systems
[6.746s] INFO:colcon.colcon_core.plugin_system:Skipping extension 'colcon_notification.desktop_notification.win32': Not used on non-Windows systems
[6.746s] INFO:colcon.colcon_notification.desktop_notification:Sending desktop notification using 'notify2'
[6.746s] DEBUG:colcon.colcon_notification.desktop_notification.notify2:Failed to initialize notify2: org.freedesktop.DBus.Error.FileNotFound: Failed to connect to socket /run/user/1000/bus: No such file or directory
[6.746s] DEBUG:colcon.colcon_core.event_reactor:joined thread
[6.746s] INFO:colcon.colcon_core.shell:Creating prefix script '/home/nvidia/learn_ros/chapt2/chapt2_ws/install/local_setup.ps1'
[6.748s] INFO:colcon.colcon_core.shell:Creating prefix util module '/home/nvidia/learn_ros/chapt2/chapt2_ws/install/_local_setup_util_ps1.py'
[6.749s] INFO:colcon.colcon_core.shell:Creating prefix chain script '/home/nvidia/learn_ros/chapt2/chapt2_ws/install/setup.ps1'
[6.750s] INFO:colcon.colcon_core.shell:Creating prefix script '/home/nvidia/learn_ros/chapt2/chapt2_ws/install/local_setup.sh'
[6.751s] INFO:colcon.colcon_core.shell:Creating prefix util module '/home/nvidia/learn_ros/chapt2/chapt2_ws/install/_local_setup_util_sh.py'
[6.752s] INFO:colcon.colcon_core.shell:Creating prefix chain script '/home/nvidia/learn_ros/chapt2/chapt2_ws/install/setup.sh'
[6.753s] INFO:colcon.colcon_core.shell:Creating prefix script '/home/nvidia/learn_ros/chapt2/chapt2_ws/install/local_setup.bash'
[6.754s] INFO:colcon.colcon_core.shell:Creating prefix chain script '/home/nvidia/learn_ros/chapt2/chapt2_ws/install/setup.bash'
[6.754s] INFO:colcon.colcon_core.shell:Creating prefix script '/home/nvidia/learn_ros/chapt2/chapt2_ws/install/local_setup.zsh'
[6.755s] INFO:colcon.colcon_core.shell:Creating prefix chain script '/home/nvidia/learn_ros/chapt2/chapt2_ws/install/setup.zsh'
