[0.812s] Invoking command in '/home/nvidia/learn_ros/chapt2/chapt2_ws/src/demo_python_pkg': PYTHONPATH=/home/nvidia/learn_ros/chapt2/chapt2_ws/build/demo_python_pkg/prefix_override:/usr/lib/python3/dist-packages/colcon_core/task/python/colcon_distutils_commands:/home/nvidia/learn_ros/chapt2/chapt2_ws/install/demo_python_pkg/lib/python3.10/site-packages:${PYTHONPATH} /usr/bin/python3 -W ignore:setup.py install is deprecated -W ignore:easy_install command is deprecated setup.py egg_info --egg-base ../../build/demo_python_pkg build --build-base /home/nvidia/learn_ros/chapt2/chapt2_ws/build/demo_python_pkg/build install --record /home/nvidia/learn_ros/chapt2/chapt2_ws/build/demo_python_pkg/install.log --install-scripts $base/lib/demo_python_pkg --single-version-externally-managed install_data
[0.952s] running egg_info
[0.952s] writing ../../build/demo_python_pkg/demo_python_pkg.egg-info/PKG-INFO
[0.953s] writing dependency_links to ../../build/demo_python_pkg/demo_python_pkg.egg-info/dependency_links.txt
[0.953s] writing entry points to ../../build/demo_python_pkg/demo_python_pkg.egg-info/entry_points.txt
[0.953s] writing requirements to ../../build/demo_python_pkg/demo_python_pkg.egg-info/requires.txt
[0.953s] writing top-level names to ../../build/demo_python_pkg/demo_python_pkg.egg-info/top_level.txt
[0.954s] reading manifest file '../../build/demo_python_pkg/demo_python_pkg.egg-info/SOURCES.txt'
[0.954s] adding license file 'LICENSE'
[0.955s] writing manifest file '../../build/demo_python_pkg/demo_python_pkg.egg-info/SOURCES.txt'
[0.955s] running build
[0.955s] running build_py
[0.955s] running install
[0.955s] running install_lib
[0.956s] running install_data
[0.956s] running install_egg_info
[0.957s] removing '/home/nvidia/learn_ros/chapt2/chapt2_ws/install/demo_python_pkg/lib/python3.10/site-packages/demo_python_pkg-0.0.0-py3.10.egg-info' (and everything under it)
[0.958s] Copying ../../build/demo_python_pkg/demo_python_pkg.egg-info to /home/nvidia/learn_ros/chapt2/chapt2_ws/install/demo_python_pkg/lib/python3.10/site-packages/demo_python_pkg-0.0.0-py3.10.egg-info
[0.958s] running install_scripts
[0.973s] Installing learn_thread script to /home/nvidia/learn_ros/chapt2/chapt2_ws/install/demo_python_pkg/lib/demo_python_pkg
[0.973s] Installing person_node script to /home/nvidia/learn_ros/chapt2/chapt2_ws/install/demo_python_pkg/lib/demo_python_pkg
[0.973s] Installing python_node script to /home/nvidia/learn_ros/chapt2/chapt2_ws/install/demo_python_pkg/lib/demo_python_pkg
[0.973s] Installing writer_node script to /home/nvidia/learn_ros/chapt2/chapt2_ws/install/demo_python_pkg/lib/demo_python_pkg
[0.973s] writing list of installed files to '/home/nvidia/learn_ros/chapt2/chapt2_ws/build/demo_python_pkg/install.log'
[0.989s] Invoked command in '/home/nvidia/learn_ros/chapt2/chapt2_ws/src/demo_python_pkg' returned '0': PYTHONPATH=/home/nvidia/learn_ros/chapt2/chapt2_ws/build/demo_python_pkg/prefix_override:/usr/lib/python3/dist-packages/colcon_core/task/python/colcon_distutils_commands:/home/nvidia/learn_ros/chapt2/chapt2_ws/install/demo_python_pkg/lib/python3.10/site-packages:${PYTHONPATH} /usr/bin/python3 -W ignore:setup.py install is deprecated -W ignore:easy_install command is deprecated setup.py egg_info --egg-base ../../build/demo_python_pkg build --build-base /home/nvidia/learn_ros/chapt2/chapt2_ws/build/demo_python_pkg/build install --record /home/nvidia/learn_ros/chapt2/chapt2_ws/build/demo_python_pkg/install.log --install-scripts $base/lib/demo_python_pkg --single-version-externally-managed install_data
