[01m[K/home/nvidia/learn_ros/chapt2/chapt2_ws/src/demo_cpp_pkg/src/learn_thread.cpp:14:13:[m[K [01;31m[Kerror: [m[Kexpected unqualified-id before ‘[01m[K{[m[K’ token
   14 |             [01;31m[K{[m[K
      |             [01;31m[K^[m[K
[01m[K/home/nvidia/learn_ros/chapt2/chapt2_ws/src/demo_cpp_pkg/src/learn_thread.cpp:25:13:[m[K [01;31m[Kerror: [m[Kexpected unqualified-id before ‘[01m[K{[m[K’ token
   25 |             [01;31m[K{[m[K
      |             [01;31m[K^[m[K
[01m[K/home/nvidia/learn_ros/chapt2/chapt2_ws/src/demo_cpp_pkg/src/learn_thread.cpp:[m[K In function ‘[01m[Kint main()[m[K’:
[01m[K/home/nvidia/learn_ros/chapt2/chapt2_ws/src/demo_cpp_pkg/src/learn_thread.cpp:40:21:[m[K [01;31m[Kerror: [m[Kno matching function for call to ‘[01m[KDownload::start_download(const char [20], const char [12], main()::<lambda(const string&, const string&)>&)[m[K’
   40 |     [01;31m[Kd.start_download("http://0.0.0.0:8000","/novel1.txt",world_count)[m[K;
      |     [01;31m[K~~~~~~~~~~~~~~~~^~~~~~~~~~~~~~~~~~~~~~~~~~~~~~~~~~~~~~~~~~~~~~~~~[m[K
[01m[K/home/nvidia/learn_ros/chapt2/chapt2_ws/src/demo_cpp_pkg/src/learn_thread.cpp:23:14:[m[K [01;36m[Knote: [m[Kcandidate: ‘[01m[Kvoid Download::start_download(const string&, std::function<void(const std::__cxx11::basic_string<char>&, const std::__cxx11::basic_string<char>&)>&)[m[K’
   23 |         void [01;36m[Kstart_download[m[K(const std::string& host, std::function<void(const
      |              [01;36m[K^~~~~~~~~~~~~~[m[K
[01m[K/home/nvidia/learn_ros/chapt2/chapt2_ws/src/demo_cpp_pkg/src/learn_thread.cpp:23:14:[m[K [01;36m[Knote: [m[K  candidate expects 2 arguments, 3 provided
[01m[K/home/nvidia/learn_ros/chapt2/chapt2_ws/src/demo_cpp_pkg/src/learn_thread.cpp:41:21:[m[K [01;31m[Kerror: [m[Kno matching function for call to ‘[01m[KDownload::start_download(const char [20], const char [12], main()::<lambda(const string&, const string&)>&)[m[K’
   41 |     [01;31m[Kd.start_download("http://0.0.0.0:8000","/novel2.txt",world_count)[m[K;
      |     [01;31m[K~~~~~~~~~~~~~~~~^~~~~~~~~~~~~~~~~~~~~~~~~~~~~~~~~~~~~~~~~~~~~~~~~[m[K
[01m[K/home/nvidia/learn_ros/chapt2/chapt2_ws/src/demo_cpp_pkg/src/learn_thread.cpp:23:14:[m[K [01;36m[Knote: [m[Kcandidate: ‘[01m[Kvoid Download::start_download(const string&, std::function<void(const std::__cxx11::basic_string<char>&, const std::__cxx11::basic_string<char>&)>&)[m[K’
   23 |         void [01;36m[Kstart_download[m[K(const std::string& host, std::function<void(const
      |              [01;36m[K^~~~~~~~~~~~~~[m[K
[01m[K/home/nvidia/learn_ros/chapt2/chapt2_ws/src/demo_cpp_pkg/src/learn_thread.cpp:23:14:[m[K [01;36m[Knote: [m[K  candidate expects 2 arguments, 3 provided
[01m[K/home/nvidia/learn_ros/chapt2/chapt2_ws/src/demo_cpp_pkg/src/learn_thread.cpp:42:21:[m[K [01;31m[Kerror: [m[Kno matching function for call to ‘[01m[KDownload::start_download(const char [20], const char [12], main()::<lambda(const string&, const string&)>&)[m[K’
   42 |     [01;31m[Kd.start_download("http://0.0.0.0:8000","/novel3.txt",world_count)[m[K;
      |     [01;31m[K~~~~~~~~~~~~~~~~^~~~~~~~~~~~~~~~~~~~~~~~~~~~~~~~~~~~~~~~~~~~~~~~~[m[K
[01m[K/home/nvidia/learn_ros/chapt2/chapt2_ws/src/demo_cpp_pkg/src/learn_thread.cpp:23:14:[m[K [01;36m[Knote: [m[Kcandidate: ‘[01m[Kvoid Download::start_download(const string&, std::function<void(const std::__cxx11::basic_string<char>&, const std::__cxx11::basic_string<char>&)>&)[m[K’
   23 |         void [01;36m[Kstart_download[m[K(const std::string& host, std::function<void(const
      |              [01;36m[K^~~~~~~~~~~~~~[m[K
[01m[K/home/nvidia/learn_ros/chapt2/chapt2_ws/src/demo_cpp_pkg/src/learn_thread.cpp:23:14:[m[K [01;36m[Knote: [m[K  candidate expects 2 arguments, 3 provided
gmake[2]: *** [CMakeFiles/learn_thread.dir/build.make:76：CMakeFiles/learn_thread.dir/src/learn_thread.cpp.o] 错误 1
gmake[1]: *** [CMakeFiles/Makefile2:305：CMakeFiles/learn_thread.dir/all] 错误 2
gmake[1]: *** 正在等待未完成的任务....
gmake: *** [Makefile:146：all] 错误 2
