[0.016s] Invoking command in '/home/nvidia/learn_ros/chapt2/chapt2_ws/build/demo_cpp_pkg': CMAKE_PREFIX_PATH=/opt/ros/humble /usr/bin/cmake --build /home/nvidia/learn_ros/chapt2/chapt2_ws/build/demo_cpp_pkg -- -j24 -l24
[0.129s] -- Found ament_cmake: 1.3.14 (/opt/ros/humble/share/ament_cmake/cmake)
[0.244s] -- Found rclcpp: 16.0.21 (/opt/ros/humble/share/rclcpp/cmake)
[0.628s] -- Found rosidl_generator_c: 3.1.9 (/opt/ros/humble/share/rosidl_generator_c/cmake)
[0.631s] -- Found rosidl_adapter: 3.1.9 (/opt/ros/humble/share/rosidl_adapter/cmake)
[0.641s] -- Found rosidl_generator_cpp: 3.1.9 (/opt/ros/humble/share/rosidl_generator_cpp/cmake)
[0.654s] -- Using all available rosidl_typesupport_c: rosidl_typesupport_fastrtps_c;rosidl_typesupport_introspection_c
[0.669s] -- Using all available rosidl_typesupport_cpp: rosidl_typesupport_fastrtps_cpp;rosidl_typesupport_introspection_cpp
[0.709s] -- Found rmw_implementation_cmake: 6.1.4 (/opt/ros/humble/share/rmw_implementation_cmake/cmake)
[0.712s] -- Found rmw_fastrtps_cpp: 6.2.10 (/opt/ros/humble/share/rmw_fastrtps_cpp/cmake)
[15.551s] -- Using RMW implementation 'rmw_fastrtps_cpp' as default
[15.611s] -- Found ament_lint_auto: 0.12.15 (/opt/ros/humble/share/ament_lint_auto/cmake)
[15.676s] -- Added test 'cppcheck' to perform static code analysis on C / C++ code
[15.676s] -- Configured cppcheck include dirs: /home/nvidia/learn_ros/chapt2/chapt2_ws/src/demo_cpp_pkg/include
[15.676s] -- Configured cppcheck exclude dirs and/or files: 
[15.677s] -- Added test 'flake8' to check Python code syntax and style conventions
[15.679s] -- Added test 'lint_cmake' to check CMake code style
[15.680s] -- Added test 'pep257' to check Python code against some of the docstring style conventions in PEP 257
[15.685s] -- Added test 'uncrustify' to check C / C++ code style
[15.685s] -- Configured uncrustify additional arguments: 
[15.686s] -- Added test 'xmllint' to check XML markup files
[15.688s] -- Configuring done
[15.711s] -- Generating done
[15.715s] -- Build files have been written to: /home/nvidia/learn_ros/chapt2/chapt2_ws/build/demo_cpp_pkg
[15.733s] [35m[1mConsolidate compiler generated dependencies of target learn_auto[0m
[15.733s] [35m[1mConsolidate compiler generated dependencies of target learn_share_ptr[0m
[15.734s] [35m[1mConsolidate compiler generated dependencies of target learn_lambda[0m
[15.734s] [35m[1mConsolidate compiler generated dependencies of target learn_functional[0m
[15.734s] [35m[1mConsolidate compiler generated dependencies of target person_node[0m
[15.734s] [35m[1mConsolidate compiler generated dependencies of target cpp_node[0m
[15.741s] [  7%] [32mBuilding CXX object CMakeFiles/learn_auto.dir/src/learn_auto.cpp.o[0m
[15.742s] [ 14%] [32mBuilding CXX object CMakeFiles/learn_thread.dir/src/learn_thread.cpp.o[0m
[15.742s] [ 21%] [32mBuilding CXX object CMakeFiles/learn_functional.dir/src/learn_functional.cpp.o[0m
[15.743s] [ 28%] [32mBuilding CXX object CMakeFiles/learn_lambda.dir/src/learn_lambda.cpp.o[0m
[15.743s] [ 35%] [32mBuilding CXX object CMakeFiles/learn_share_ptr.dir/src/learn_share_ptr.cpp.o[0m
[15.744s] [ 42%] [32mBuilding CXX object CMakeFiles/cpp_node.dir/src/cpp_node.cpp.o[0m
[15.745s] [ 50%] [32mBuilding CXX object CMakeFiles/person_node.dir/src/person_node.cpp.o[0m
[16.000s] [ 57%] [32m[1mLinking CXX executable learn_auto[0m
[16.117s] [ 64%] [32m[1mLinking CXX executable learn_share_ptr[0m
[16.136s] [ 71%] [32m[1mLinking CXX executable learn_lambda[0m
[16.195s] [ 78%] [32m[1mLinking CXX executable learn_functional[0m
[16.530s] [ 78%] Built target learn_auto
[16.597s] [ 78%] Built target learn_share_ptr
[16.635s] [ 78%] Built target learn_lambda
[16.678s] [ 78%] Built target learn_functional
[16.829s] [01m[K/home/nvidia/learn_ros/chapt2/chapt2_ws/src/demo_cpp_pkg/src/learn_thread.cpp:14:13:[m[K [01;31m[Kerror: [m[Kexpected unqualified-id before ‘[01m[K{[m[K’ token
[16.829s]    14 |             [01;31m[K{[m[K
[16.829s]       |             [01;31m[K^[m[K
[16.830s] [01m[K/home/nvidia/learn_ros/chapt2/chapt2_ws/src/demo_cpp_pkg/src/learn_thread.cpp:25:13:[m[K [01;31m[Kerror: [m[Kexpected unqualified-id before ‘[01m[K{[m[K’ token
[16.830s]    25 |             [01;31m[K{[m[K
[16.830s]       |             [01;31m[K^[m[K
[16.831s] [01m[K/home/nvidia/learn_ros/chapt2/chapt2_ws/src/demo_cpp_pkg/src/learn_thread.cpp:[m[K In function ‘[01m[Kint main()[m[K’:
[16.831s] [01m[K/home/nvidia/learn_ros/chapt2/chapt2_ws/src/demo_cpp_pkg/src/learn_thread.cpp:40:21:[m[K [01;31m[Kerror: [m[Kno matching function for call to ‘[01m[KDownload::start_download(const char [20], const char [12], main()::<lambda(const string&, const string&)>&)[m[K’
[16.831s]    40 |     [01;31m[Kd.start_download("http://0.0.0.0:8000","/novel1.txt",world_count)[m[K;
[16.831s]       |     [01;31m[K~~~~~~~~~~~~~~~~^~~~~~~~~~~~~~~~~~~~~~~~~~~~~~~~~~~~~~~~~~~~~~~~~[m[K
[16.832s] [01m[K/home/nvidia/learn_ros/chapt2/chapt2_ws/src/demo_cpp_pkg/src/learn_thread.cpp:23:14:[m[K [01;36m[Knote: [m[Kcandidate: ‘[01m[Kvoid Download::start_download(const string&, std::function<void(const std::__cxx11::basic_string<char>&, const std::__cxx11::basic_string<char>&)>&)[m[K’
[16.832s]    23 |         void [01;36m[Kstart_download[m[K(const std::string& host, std::function<void(const
[16.832s]       |              [01;36m[K^~~~~~~~~~~~~~[m[K
[16.832s] [01m[K/home/nvidia/learn_ros/chapt2/chapt2_ws/src/demo_cpp_pkg/src/learn_thread.cpp:23:14:[m[K [01;36m[Knote: [m[K  candidate expects 2 arguments, 3 provided
[16.832s] [01m[K/home/nvidia/learn_ros/chapt2/chapt2_ws/src/demo_cpp_pkg/src/learn_thread.cpp:41:21:[m[K [01;31m[Kerror: [m[Kno matching function for call to ‘[01m[KDownload::start_download(const char [20], const char [12], main()::<lambda(const string&, const string&)>&)[m[K’
[16.832s]    41 |     [01;31m[Kd.start_download("http://0.0.0.0:8000","/novel2.txt",world_count)[m[K;
[16.832s]       |     [01;31m[K~~~~~~~~~~~~~~~~^~~~~~~~~~~~~~~~~~~~~~~~~~~~~~~~~~~~~~~~~~~~~~~~~[m[K
[16.832s] [01m[K/home/nvidia/learn_ros/chapt2/chapt2_ws/src/demo_cpp_pkg/src/learn_thread.cpp:23:14:[m[K [01;36m[Knote: [m[Kcandidate: ‘[01m[Kvoid Download::start_download(const string&, std::function<void(const std::__cxx11::basic_string<char>&, const std::__cxx11::basic_string<char>&)>&)[m[K’
[16.832s]    23 |         void [01;36m[Kstart_download[m[K(const std::string& host, std::function<void(const
[16.832s]       |              [01;36m[K^~~~~~~~~~~~~~[m[K
[16.832s] [01m[K/home/nvidia/learn_ros/chapt2/chapt2_ws/src/demo_cpp_pkg/src/learn_thread.cpp:23:14:[m[K [01;36m[Knote: [m[K  candidate expects 2 arguments, 3 provided
[16.832s] [01m[K/home/nvidia/learn_ros/chapt2/chapt2_ws/src/demo_cpp_pkg/src/learn_thread.cpp:42:21:[m[K [01;31m[Kerror: [m[Kno matching function for call to ‘[01m[KDownload::start_download(const char [20], const char [12], main()::<lambda(const string&, const string&)>&)[m[K’
[16.832s]    42 |     [01;31m[Kd.start_download("http://0.0.0.0:8000","/novel3.txt",world_count)[m[K;
[16.832s]       |     [01;31m[K~~~~~~~~~~~~~~~~^~~~~~~~~~~~~~~~~~~~~~~~~~~~~~~~~~~~~~~~~~~~~~~~~[m[K
[16.832s] [01m[K/home/nvidia/learn_ros/chapt2/chapt2_ws/src/demo_cpp_pkg/src/learn_thread.cpp:23:14:[m[K [01;36m[Knote: [m[Kcandidate: ‘[01m[Kvoid Download::start_download(const string&, std::function<void(const std::__cxx11::basic_string<char>&, const std::__cxx11::basic_string<char>&)>&)[m[K’
[16.832s]    23 |         void [01;36m[Kstart_download[m[K(const std::string& host, std::function<void(const
[16.832s]       |              [01;36m[K^~~~~~~~~~~~~~[m[K
[16.832s] [01m[K/home/nvidia/learn_ros/chapt2/chapt2_ws/src/demo_cpp_pkg/src/learn_thread.cpp:23:14:[m[K [01;36m[Knote: [m[K  candidate expects 2 arguments, 3 provided
[17.832s] gmake[2]: *** [CMakeFiles/learn_thread.dir/build.make:76：CMakeFiles/learn_thread.dir/src/learn_thread.cpp.o] 错误 1
[17.832s] gmake[1]: *** [CMakeFiles/Makefile2:305：CMakeFiles/learn_thread.dir/all] 错误 2
[17.832s] gmake[1]: *** 正在等待未完成的任务....
[18.309s] [ 85%] [32m[1mLinking CXX executable cpp_node[0m
[18.329s] [ 92%] [32m[1mLinking CXX executable person_node[0m
[18.784s] [ 92%] Built target cpp_node
[18.784s] [ 92%] Built target person_node
[18.785s] gmake: *** [Makefile:146：all] 错误 2
[18.788s] Invoked command in '/home/nvidia/learn_ros/chapt2/chapt2_ws/build/demo_cpp_pkg' returned '2': CMAKE_PREFIX_PATH=/opt/ros/humble /usr/bin/cmake --build /home/nvidia/learn_ros/chapt2/chapt2_ws/build/demo_cpp_pkg -- -j24 -l24
