[0.298s] Invoking command in '/home/nvidia/learn_ros/chapt3/topic_practice_ws/build/status_display': CMAKE_PREFIX_PATH=${CMAKE_PREFIX_PATH}:/home/nvidia/learn_ros/chapt3/topic_practice_ws/install/status_pulisher:/opt/ros/humble /usr/bin/cmake /home/nvidia/learn_ros/chapt3/topic_practice_ws/src/status_display -DCMAKE_INSTALL_PREFIX=/home/nvidia/learn_ros/chapt3/topic_practice_ws/install/status_display
[0.719s] -- The C compiler identification is GNU 11.4.0
[2.192s] -- The CXX compiler identification is GNU 11.4.0
[3.231s] -- Detecting C compiler ABI info
[3.610s] -- Detecting C compiler ABI info - done
[3.614s] -- Check for working C compiler: /usr/bin/cc - skipped
[3.621s] -- Detecting C compile features
[3.622s] -- Detecting C compile features - done
[3.625s] -- Detecting CXX compiler ABI info
[4.016s] -- Detecting CXX compiler ABI info - done
[4.020s] -- Check for working CXX compiler: /usr/bin/c++ - skipped
[4.020s] -- Detecting CXX compile features
[4.020s] -- Detecting CXX compile features - done
[4.030s] -- Found ament_cmake: 1.3.14 (/opt/ros/humble/share/ament_cmake/cmake)
[4.130s] -- Found Python3: /usr/bin/python3 (found version "3.10.12") found components: Interpreter 
[4.209s] -- Found rclcpp: 16.0.21 (/opt/ros/humble/share/rclcpp/cmake)
[4.578s] -- Found rosidl_generator_c: 3.1.9 (/opt/ros/humble/share/rosidl_generator_c/cmake)
[4.583s] -- Found rosidl_adapter: 3.1.9 (/opt/ros/humble/share/rosidl_adapter/cmake)
[4.592s] -- Found rosidl_generator_cpp: 3.1.9 (/opt/ros/humble/share/rosidl_generator_cpp/cmake)
[4.606s] -- Using all available rosidl_typesupport_c: rosidl_typesupport_fastrtps_c;rosidl_typesupport_introspection_c
[4.621s] -- Using all available rosidl_typesupport_cpp: rosidl_typesupport_fastrtps_cpp;rosidl_typesupport_introspection_cpp
[4.670s] -- Found rmw_implementation_cmake: 6.1.4 (/opt/ros/humble/share/rmw_implementation_cmake/cmake)
[4.673s] -- Found rmw_fastrtps_cpp: 6.2.10 (/opt/ros/humble/share/rmw_fastrtps_cpp/cmake)
[8.316s] -- Found OpenSSL: /usr/lib/x86_64-linux-gnu/libcrypto.so (found version "3.0.2")  
[12.312s] -- Found FastRTPS: /opt/ros/humble/include  
[19.653s] -- Using RMW implementation 'rmw_fastrtps_cpp' as default
[19.664s] -- Looking for pthread.h
[20.067s] -- Looking for pthread.h - found
[20.067s] -- Performing Test CMAKE_HAVE_LIBC_PTHREAD
[20.521s] -- Performing Test CMAKE_HAVE_LIBC_PTHREAD - Success
[20.522s] -- Found Threads: TRUE  
[20.593s] -- Found status_interfaces: 0.0.0 (/home/nvidia/learn_ros/chapt3/topic_practice_ws/install/status_interfaces/share/status_interfaces/cmake)
[20.893s] -- Found ament_lint_auto: 0.12.15 (/opt/ros/humble/share/ament_lint_auto/cmake)
[20.946s] [31mCMake Error at CMakeLists.txt:30 (install):
[20.946s]   install does not recognize sub-command TAEFETS
[20.946s] 
[20.946s] [0m
[20.951s] -- Added test 'cppcheck' to perform static code analysis on C / C++ code
[20.951s] -- Configured cppcheck include dirs: 
[20.951s] -- Configured cppcheck exclude dirs and/or files: 
[20.952s] -- Added test 'lint_cmake' to check CMake code style
[20.953s] -- Added test 'uncrustify' to check C / C++ code style
[20.953s] -- Configured uncrustify additional arguments: 
[20.954s] -- Added test 'xmllint' to check XML markup files
[20.955s] -- Configuring incomplete, errors occurred!
[20.955s] See also "/home/nvidia/learn_ros/chapt3/topic_practice_ws/build/status_display/CMakeFiles/CMakeOutput.log".
[20.962s] Invoked command in '/home/nvidia/learn_ros/chapt3/topic_practice_ws/build/status_display' returned '1': CMAKE_PREFIX_PATH=${CMAKE_PREFIX_PATH}:/home/nvidia/learn_ros/chapt3/topic_practice_ws/install/status_pulisher:/opt/ros/humble /usr/bin/cmake /home/nvidia/learn_ros/chapt3/topic_practice_ws/src/status_display -DCMAKE_INSTALL_PREFIX=/home/nvidia/learn_ros/chapt3/topic_practice_ws/install/status_display
