[0.388s] DEBUG:colcon:Command line arguments: ['/usr/bin/colcon', 'build']
[0.388s] DEBUG:colcon:Parsed command line arguments: Namespace(log_base=None, log_level=None, verb_name='build', build_base='build', install_base='install', merge_install=False, symlink_install=False, test_result_base=None, continue_on_error=False, executor='parallel', parallel_workers=24, event_handlers=None, ignore_user_meta=False, metas=['./colcon.meta'], base_paths=['.'], packages_ignore=None, packages_ignore_regex=None, paths=None, packages_up_to=None, packages_up_to_regex=None, packages_above=None, packages_above_and_dependencies=None, packages_above_depth=None, packages_select_by_dep=None, packages_skip_by_dep=None, packages_skip_up_to=None, packages_select_build_failed=False, packages_skip_build_finished=False, packages_select_test_failures=False, packages_skip_test_passed=False, packages_select=None, packages_skip=None, packages_select_regex=None, packages_skip_regex=None, packages_start=None, packages_end=None, allow_overriding=[], cmake_args=None, cmake_target=None, cmake_target_skip_unavailable=False, cmake_clean_cache=False, cmake_clean_first=False, cmake_force_configure=False, ament_cmake_args=None, catkin_cmake_args=None, catkin_skip_building_tests=False, verb_parser=<colcon_defaults.argument_parser.defaults.DefaultArgumentsDecorator object at 0x7a511a62bb50>, verb_extension=<colcon_core.verb.build.BuildVerb object at 0x7a511a62b1c0>, main=<bound method BuildVerb.main of <colcon_core.verb.build.BuildVerb object at 0x7a511a62b1c0>>)
[0.474s] Level 1:colcon.colcon_core.package_discovery:discover_packages(colcon_meta) check parameters
[0.475s] Level 1:colcon.colcon_core.package_discovery:discover_packages(recursive) check parameters
[0.475s] Level 1:colcon.colcon_core.package_discovery:discover_packages(ignore) check parameters
[0.475s] Level 1:colcon.colcon_core.package_discovery:discover_packages(path) check parameters
[0.475s] Level 1:colcon.colcon_core.package_discovery:discover_packages(colcon_meta) discover
[0.475s] Level 1:colcon.colcon_core.package_discovery:discover_packages(recursive) discover
[0.475s] INFO:colcon.colcon_core.package_discovery:Crawling recursively for packages in '/home/nvidia/learn_ros/chapt3/topic_practice_ws'
[0.475s] Level 1:colcon.colcon_core.package_identification:_identify(.) by extensions ['ignore', 'ignore_ament_install']
[0.475s] Level 1:colcon.colcon_core.package_identification:_identify(.) by extension 'ignore'
[0.475s] Level 1:colcon.colcon_core.package_identification:_identify(.) by extension 'ignore_ament_install'
[0.475s] Level 1:colcon.colcon_core.package_identification:_identify(.) by extensions ['colcon_pkg']
[0.475s] Level 1:colcon.colcon_core.package_identification:_identify(.) by extension 'colcon_pkg'
[0.475s] Level 1:colcon.colcon_core.package_identification:_identify(.) by extensions ['colcon_meta']
[0.475s] Level 1:colcon.colcon_core.package_identification:_identify(.) by extension 'colcon_meta'
[0.475s] Level 1:colcon.colcon_core.package_identification:_identify(.) by extensions ['ros']
[0.475s] Level 1:colcon.colcon_core.package_identification:_identify(.) by extension 'ros'
[0.483s] Level 1:colcon.colcon_core.package_identification:_identify(.) by extensions ['cmake', 'python']
[0.483s] Level 1:colcon.colcon_core.package_identification:_identify(.) by extension 'cmake'
[0.483s] Level 1:colcon.colcon_core.package_identification:_identify(.) by extension 'python'
[0.483s] Level 1:colcon.colcon_core.package_identification:_identify(.) by extensions ['python_setup_py']
[0.483s] Level 1:colcon.colcon_core.package_identification:_identify(.) by extension 'python_setup_py'
[0.483s] Level 1:colcon.colcon_core.package_identification:_identify(build) by extensions ['ignore', 'ignore_ament_install']
[0.483s] Level 1:colcon.colcon_core.package_identification:_identify(build) by extension 'ignore'
[0.483s] Level 1:colcon.colcon_core.package_identification:_identify(build) ignored
[0.483s] Level 1:colcon.colcon_core.package_identification:_identify(install) by extensions ['ignore', 'ignore_ament_install']
[0.483s] Level 1:colcon.colcon_core.package_identification:_identify(install) by extension 'ignore'
[0.483s] Level 1:colcon.colcon_core.package_identification:_identify(install) ignored
[0.483s] Level 1:colcon.colcon_core.package_identification:_identify(log) by extensions ['ignore', 'ignore_ament_install']
[0.483s] Level 1:colcon.colcon_core.package_identification:_identify(log) by extension 'ignore'
[0.484s] Level 1:colcon.colcon_core.package_identification:_identify(log) ignored
[0.484s] Level 1:colcon.colcon_core.package_identification:_identify(src) by extensions ['ignore', 'ignore_ament_install']
[0.484s] Level 1:colcon.colcon_core.package_identification:_identify(src) by extension 'ignore'
[0.484s] Level 1:colcon.colcon_core.package_identification:_identify(src) by extension 'ignore_ament_install'
[0.484s] Level 1:colcon.colcon_core.package_identification:_identify(src) by extensions ['colcon_pkg']
[0.484s] Level 1:colcon.colcon_core.package_identification:_identify(src) by extension 'colcon_pkg'
[0.484s] Level 1:colcon.colcon_core.package_identification:_identify(src) by extensions ['colcon_meta']
[0.484s] Level 1:colcon.colcon_core.package_identification:_identify(src) by extension 'colcon_meta'
[0.484s] Level 1:colcon.colcon_core.package_identification:_identify(src) by extensions ['ros']
[0.484s] Level 1:colcon.colcon_core.package_identification:_identify(src) by extension 'ros'
[0.484s] Level 1:colcon.colcon_core.package_identification:_identify(src) by extensions ['cmake', 'python']
[0.484s] Level 1:colcon.colcon_core.package_identification:_identify(src) by extension 'cmake'
[0.484s] Level 1:colcon.colcon_core.package_identification:_identify(src) by extension 'python'
[0.484s] Level 1:colcon.colcon_core.package_identification:_identify(src) by extensions ['python_setup_py']
[0.484s] Level 1:colcon.colcon_core.package_identification:_identify(src) by extension 'python_setup_py'
[0.484s] Level 1:colcon.colcon_core.package_identification:_identify(src/status_interfaces) by extensions ['ignore', 'ignore_ament_install']
[0.484s] Level 1:colcon.colcon_core.package_identification:_identify(src/status_interfaces) by extension 'ignore'
[0.484s] Level 1:colcon.colcon_core.package_identification:_identify(src/status_interfaces) by extension 'ignore_ament_install'
[0.484s] Level 1:colcon.colcon_core.package_identification:_identify(src/status_interfaces) by extensions ['colcon_pkg']
[0.484s] Level 1:colcon.colcon_core.package_identification:_identify(src/status_interfaces) by extension 'colcon_pkg'
[0.484s] Level 1:colcon.colcon_core.package_identification:_identify(src/status_interfaces) by extensions ['colcon_meta']
[0.484s] Level 1:colcon.colcon_core.package_identification:_identify(src/status_interfaces) by extension 'colcon_meta'
[0.484s] Level 1:colcon.colcon_core.package_identification:_identify(src/status_interfaces) by extensions ['ros']
[0.484s] Level 1:colcon.colcon_core.package_identification:_identify(src/status_interfaces) by extension 'ros'
[0.486s] DEBUG:colcon.colcon_core.package_identification:Package 'src/status_interfaces' with type 'ros.ament_cmake' and name 'status_interfaces'
[0.486s] Level 1:colcon.colcon_core.package_identification:_identify(src/status_pulisher) by extensions ['ignore', 'ignore_ament_install']
[0.486s] Level 1:colcon.colcon_core.package_identification:_identify(src/status_pulisher) by extension 'ignore'
[0.486s] Level 1:colcon.colcon_core.package_identification:_identify(src/status_pulisher) by extension 'ignore_ament_install'
[0.486s] Level 1:colcon.colcon_core.package_identification:_identify(src/status_pulisher) by extensions ['colcon_pkg']
[0.486s] Level 1:colcon.colcon_core.package_identification:_identify(src/status_pulisher) by extension 'colcon_pkg'
[0.486s] Level 1:colcon.colcon_core.package_identification:_identify(src/status_pulisher) by extensions ['colcon_meta']
[0.486s] Level 1:colcon.colcon_core.package_identification:_identify(src/status_pulisher) by extension 'colcon_meta'
[0.486s] Level 1:colcon.colcon_core.package_identification:_identify(src/status_pulisher) by extensions ['ros']
[0.486s] Level 1:colcon.colcon_core.package_identification:_identify(src/status_pulisher) by extension 'ros'
[0.487s] DEBUG:colcon.colcon_core.package_identification:Package 'src/status_pulisher' with type 'ros.ament_python' and name 'status_pulisher'
[0.487s] Level 1:colcon.colcon_core.package_discovery:discover_packages(recursive) using defaults
[0.487s] Level 1:colcon.colcon_core.package_discovery:discover_packages(ignore) discover
[0.487s] Level 1:colcon.colcon_core.package_discovery:discover_packages(ignore) using defaults
[0.487s] Level 1:colcon.colcon_core.package_discovery:discover_packages(path) discover
[0.487s] Level 1:colcon.colcon_core.package_discovery:discover_packages(path) using defaults
[0.500s] Level 1:colcon.colcon_core.package_discovery:discover_packages(prefix_path) check parameters
[0.500s] Level 1:colcon.colcon_core.package_discovery:discover_packages(prefix_path) discover
[0.501s] DEBUG:colcon.colcon_installed_package_information.package_discovery:Found 2 installed packages in /home/nvidia/learn_ros/chapt3/topic_practice_ws/install
[0.502s] DEBUG:colcon.colcon_installed_package_information.package_discovery:Found 273 installed packages in /opt/ros/humble
[0.503s] Level 1:colcon.colcon_core.package_discovery:discover_packages(prefix_path) using defaults
[0.531s] Level 5:colcon.colcon_core.verb:set package 'status_interfaces' build argument 'cmake_args' from command line to 'None'
[0.531s] Level 5:colcon.colcon_core.verb:set package 'status_interfaces' build argument 'cmake_target' from command line to 'None'
[0.531s] Level 5:colcon.colcon_core.verb:set package 'status_interfaces' build argument 'cmake_target_skip_unavailable' from command line to 'False'
[0.531s] Level 5:colcon.colcon_core.verb:set package 'status_interfaces' build argument 'cmake_clean_cache' from command line to 'False'
[0.531s] Level 5:colcon.colcon_core.verb:set package 'status_interfaces' build argument 'cmake_clean_first' from command line to 'False'
[0.531s] Level 5:colcon.colcon_core.verb:set package 'status_interfaces' build argument 'cmake_force_configure' from command line to 'False'
[0.531s] Level 5:colcon.colcon_core.verb:set package 'status_interfaces' build argument 'ament_cmake_args' from command line to 'None'
[0.531s] Level 5:colcon.colcon_core.verb:set package 'status_interfaces' build argument 'catkin_cmake_args' from command line to 'None'
[0.531s] Level 5:colcon.colcon_core.verb:set package 'status_interfaces' build argument 'catkin_skip_building_tests' from command line to 'False'
[0.531s] DEBUG:colcon.colcon_core.verb:Building package 'status_interfaces' with the following arguments: {'ament_cmake_args': None, 'build_base': '/home/nvidia/learn_ros/chapt3/topic_practice_ws/build/status_interfaces', 'catkin_cmake_args': None, 'catkin_skip_building_tests': False, 'cmake_args': None, 'cmake_clean_cache': False, 'cmake_clean_first': False, 'cmake_force_configure': False, 'cmake_target': None, 'cmake_target_skip_unavailable': False, 'install_base': '/home/nvidia/learn_ros/chapt3/topic_practice_ws/install/status_interfaces', 'merge_install': False, 'path': '/home/nvidia/learn_ros/chapt3/topic_practice_ws/src/status_interfaces', 'symlink_install': False, 'test_result_base': None}
[0.532s] Level 5:colcon.colcon_core.verb:set package 'status_pulisher' build argument 'cmake_args' from command line to 'None'
[0.532s] Level 5:colcon.colcon_core.verb:set package 'status_pulisher' build argument 'cmake_target' from command line to 'None'
[0.532s] Level 5:colcon.colcon_core.verb:set package 'status_pulisher' build argument 'cmake_target_skip_unavailable' from command line to 'False'
[0.532s] Level 5:colcon.colcon_core.verb:set package 'status_pulisher' build argument 'cmake_clean_cache' from command line to 'False'
[0.532s] Level 5:colcon.colcon_core.verb:set package 'status_pulisher' build argument 'cmake_clean_first' from command line to 'False'
[0.532s] Level 5:colcon.colcon_core.verb:set package 'status_pulisher' build argument 'cmake_force_configure' from command line to 'False'
[0.532s] Level 5:colcon.colcon_core.verb:set package 'status_pulisher' build argument 'ament_cmake_args' from command line to 'None'
[0.532s] Level 5:colcon.colcon_core.verb:set package 'status_pulisher' build argument 'catkin_cmake_args' from command line to 'None'
[0.532s] Level 5:colcon.colcon_core.verb:set package 'status_pulisher' build argument 'catkin_skip_building_tests' from command line to 'False'
[0.532s] DEBUG:colcon.colcon_core.verb:Building package 'status_pulisher' with the following arguments: {'ament_cmake_args': None, 'build_base': '/home/nvidia/learn_ros/chapt3/topic_practice_ws/build/status_pulisher', 'catkin_cmake_args': None, 'catkin_skip_building_tests': False, 'cmake_args': None, 'cmake_clean_cache': False, 'cmake_clean_first': False, 'cmake_force_configure': False, 'cmake_target': None, 'cmake_target_skip_unavailable': False, 'install_base': '/home/nvidia/learn_ros/chapt3/topic_practice_ws/install/status_pulisher', 'merge_install': False, 'path': '/home/nvidia/learn_ros/chapt3/topic_practice_ws/src/status_pulisher', 'symlink_install': False, 'test_result_base': None}
[0.532s] INFO:colcon.colcon_core.executor:Executing jobs using 'parallel' executor
[0.533s] DEBUG:colcon.colcon_parallel_executor.executor.parallel:run_until_complete
[0.533s] INFO:colcon.colcon_ros.task.ament_cmake.build:Building ROS package in '/home/nvidia/learn_ros/chapt3/topic_practice_ws/src/status_interfaces' with build type 'ament_cmake'
[0.533s] INFO:colcon.colcon_cmake.task.cmake.build:Building CMake package in '/home/nvidia/learn_ros/chapt3/topic_practice_ws/src/status_interfaces'
[0.535s] INFO:colcon.colcon_core.plugin_system:Skipping extension 'colcon_core.shell.bat': Not used on non-Windows systems
[0.535s] INFO:colcon.colcon_core.shell:Skip shell extension 'powershell' for command environment: Not usable outside of PowerShell
[0.535s] DEBUG:colcon.colcon_core.shell:Skip shell extension 'dsv' for command environment
[0.542s] DEBUG:colcon.colcon_core.event_handler.log_command:Invoking command in '/home/nvidia/learn_ros/chapt3/topic_practice_ws/build/status_interfaces': CMAKE_PREFIX_PATH=${CMAKE_PREFIX_PATH}:/home/nvidia/learn_ros/chapt3/topic_practice_ws/install/status_pulisher:/opt/ros/humble /usr/bin/cmake --build /home/nvidia/learn_ros/chapt3/topic_practice_ws/build/status_interfaces -- -j24 -l24
[0.733s] DEBUG:colcon.colcon_core.event_handler.log_command:Invoked command in '/home/nvidia/learn_ros/chapt3/topic_practice_ws/build/status_interfaces' returned '0': CMAKE_PREFIX_PATH=${CMAKE_PREFIX_PATH}:/home/nvidia/learn_ros/chapt3/topic_practice_ws/install/status_pulisher:/opt/ros/humble /usr/bin/cmake --build /home/nvidia/learn_ros/chapt3/topic_practice_ws/build/status_interfaces -- -j24 -l24
[0.739s] DEBUG:colcon.colcon_core.event_handler.log_command:Invoking command in '/home/nvidia/learn_ros/chapt3/topic_practice_ws/build/status_interfaces': CMAKE_PREFIX_PATH=${CMAKE_PREFIX_PATH}:/home/nvidia/learn_ros/chapt3/topic_practice_ws/install/status_pulisher:/opt/ros/humble /usr/bin/cmake --install /home/nvidia/learn_ros/chapt3/topic_practice_ws/build/status_interfaces
[0.773s] Level 1:colcon.colcon_core.environment:create_environment_scripts_only(status_interfaces)
[0.776s] DEBUG:colcon.colcon_core.event_handler.log_command:Invoked command in '/home/nvidia/learn_ros/chapt3/topic_practice_ws/build/status_interfaces' returned '0': CMAKE_PREFIX_PATH=${CMAKE_PREFIX_PATH}:/home/nvidia/learn_ros/chapt3/topic_practice_ws/install/status_pulisher:/opt/ros/humble /usr/bin/cmake --install /home/nvidia/learn_ros/chapt3/topic_practice_ws/build/status_interfaces
[0.777s] Level 1:colcon.colcon_core.environment:checking '/home/nvidia/learn_ros/chapt3/topic_practice_ws/install/status_interfaces' for CMake module files
[0.777s] Level 1:colcon.colcon_core.environment:checking '/home/nvidia/learn_ros/chapt3/topic_practice_ws/install/status_interfaces' for CMake config files
[0.778s] Level 1:colcon.colcon_core.shell:create_environment_hook('status_interfaces', 'cmake_prefix_path')
[0.778s] INFO:colcon.colcon_core.shell:Creating environment hook '/home/nvidia/learn_ros/chapt3/topic_practice_ws/install/status_interfaces/share/status_interfaces/hook/cmake_prefix_path.ps1'
[0.778s] INFO:colcon.colcon_core.shell:Creating environment descriptor '/home/nvidia/learn_ros/chapt3/topic_practice_ws/install/status_interfaces/share/status_interfaces/hook/cmake_prefix_path.dsv'
[0.778s] INFO:colcon.colcon_core.shell:Creating environment hook '/home/nvidia/learn_ros/chapt3/topic_practice_ws/install/status_interfaces/share/status_interfaces/hook/cmake_prefix_path.sh'
[0.779s] Level 1:colcon.colcon_core.environment:checking '/home/nvidia/learn_ros/chapt3/topic_practice_ws/install/status_interfaces/lib'
[0.779s] Level 1:colcon.colcon_core.shell:create_environment_hook('status_interfaces', 'ld_library_path_lib')
[0.779s] INFO:colcon.colcon_core.shell:Creating environment hook '/home/nvidia/learn_ros/chapt3/topic_practice_ws/install/status_interfaces/share/status_interfaces/hook/ld_library_path_lib.ps1'
[0.779s] INFO:colcon.colcon_core.shell:Creating environment descriptor '/home/nvidia/learn_ros/chapt3/topic_practice_ws/install/status_interfaces/share/status_interfaces/hook/ld_library_path_lib.dsv'
[0.780s] INFO:colcon.colcon_core.shell:Creating environment hook '/home/nvidia/learn_ros/chapt3/topic_practice_ws/install/status_interfaces/share/status_interfaces/hook/ld_library_path_lib.sh'
[0.780s] Level 1:colcon.colcon_core.environment:checking '/home/nvidia/learn_ros/chapt3/topic_practice_ws/install/status_interfaces/bin'
[0.780s] Level 1:colcon.colcon_core.environment:checking '/home/nvidia/learn_ros/chapt3/topic_practice_ws/install/status_interfaces/lib/pkgconfig/status_interfaces.pc'
[0.780s] Level 1:colcon.colcon_core.environment:checking '/home/nvidia/learn_ros/chapt3/topic_practice_ws/install/status_interfaces/lib/python3.10/site-packages'
[0.780s] Level 1:colcon.colcon_core.environment:checking '/home/nvidia/learn_ros/chapt3/topic_practice_ws/install/status_interfaces/bin'
[0.780s] INFO:colcon.colcon_core.shell:Creating package script '/home/nvidia/learn_ros/chapt3/topic_practice_ws/install/status_interfaces/share/status_interfaces/package.ps1'
[0.781s] INFO:colcon.colcon_core.shell:Creating package descriptor '/home/nvidia/learn_ros/chapt3/topic_practice_ws/install/status_interfaces/share/status_interfaces/package.dsv'
[0.781s] INFO:colcon.colcon_core.shell:Creating package script '/home/nvidia/learn_ros/chapt3/topic_practice_ws/install/status_interfaces/share/status_interfaces/package.sh'
[0.782s] INFO:colcon.colcon_core.shell:Creating package script '/home/nvidia/learn_ros/chapt3/topic_practice_ws/install/status_interfaces/share/status_interfaces/package.bash'
[0.782s] INFO:colcon.colcon_core.shell:Creating package script '/home/nvidia/learn_ros/chapt3/topic_practice_ws/install/status_interfaces/share/status_interfaces/package.zsh'
[0.783s] Level 1:colcon.colcon_core.environment:create_file_with_runtime_dependencies(/home/nvidia/learn_ros/chapt3/topic_practice_ws/install/status_interfaces/share/colcon-core/packages/status_interfaces)
[0.783s] Level 1:colcon.colcon_core.environment:create_environment_scripts_only(status_interfaces)
[0.783s] Level 1:colcon.colcon_core.environment:checking '/home/nvidia/learn_ros/chapt3/topic_practice_ws/install/status_interfaces' for CMake module files
[0.783s] Level 1:colcon.colcon_core.environment:checking '/home/nvidia/learn_ros/chapt3/topic_practice_ws/install/status_interfaces' for CMake config files
[0.784s] Level 1:colcon.colcon_core.shell:create_environment_hook('status_interfaces', 'cmake_prefix_path')
[0.784s] INFO:colcon.colcon_core.shell:Creating environment hook '/home/nvidia/learn_ros/chapt3/topic_practice_ws/install/status_interfaces/share/status_interfaces/hook/cmake_prefix_path.ps1'
[0.784s] INFO:colcon.colcon_core.shell:Creating environment descriptor '/home/nvidia/learn_ros/chapt3/topic_practice_ws/install/status_interfaces/share/status_interfaces/hook/cmake_prefix_path.dsv'
[0.784s] INFO:colcon.colcon_core.shell:Creating environment hook '/home/nvidia/learn_ros/chapt3/topic_practice_ws/install/status_interfaces/share/status_interfaces/hook/cmake_prefix_path.sh'
[0.785s] Level 1:colcon.colcon_core.environment:checking '/home/nvidia/learn_ros/chapt3/topic_practice_ws/install/status_interfaces/lib'
[0.785s] Level 1:colcon.colcon_core.shell:create_environment_hook('status_interfaces', 'ld_library_path_lib')
[0.785s] INFO:colcon.colcon_core.shell:Creating environment hook '/home/nvidia/learn_ros/chapt3/topic_practice_ws/install/status_interfaces/share/status_interfaces/hook/ld_library_path_lib.ps1'
[0.785s] INFO:colcon.colcon_core.shell:Creating environment descriptor '/home/nvidia/learn_ros/chapt3/topic_practice_ws/install/status_interfaces/share/status_interfaces/hook/ld_library_path_lib.dsv'
[0.785s] INFO:colcon.colcon_core.shell:Creating environment hook '/home/nvidia/learn_ros/chapt3/topic_practice_ws/install/status_interfaces/share/status_interfaces/hook/ld_library_path_lib.sh'
[0.785s] Level 1:colcon.colcon_core.environment:checking '/home/nvidia/learn_ros/chapt3/topic_practice_ws/install/status_interfaces/bin'
[0.785s] Level 1:colcon.colcon_core.environment:checking '/home/nvidia/learn_ros/chapt3/topic_practice_ws/install/status_interfaces/lib/pkgconfig/status_interfaces.pc'
[0.786s] Level 1:colcon.colcon_core.environment:checking '/home/nvidia/learn_ros/chapt3/topic_practice_ws/install/status_interfaces/lib/python3.10/site-packages'
[0.786s] Level 1:colcon.colcon_core.environment:checking '/home/nvidia/learn_ros/chapt3/topic_practice_ws/install/status_interfaces/bin'
[0.786s] INFO:colcon.colcon_core.shell:Creating package script '/home/nvidia/learn_ros/chapt3/topic_practice_ws/install/status_interfaces/share/status_interfaces/package.ps1'
[0.786s] INFO:colcon.colcon_core.shell:Creating package descriptor '/home/nvidia/learn_ros/chapt3/topic_practice_ws/install/status_interfaces/share/status_interfaces/package.dsv'
[0.787s] INFO:colcon.colcon_core.shell:Creating package script '/home/nvidia/learn_ros/chapt3/topic_practice_ws/install/status_interfaces/share/status_interfaces/package.sh'
[0.787s] INFO:colcon.colcon_core.shell:Creating package script '/home/nvidia/learn_ros/chapt3/topic_practice_ws/install/status_interfaces/share/status_interfaces/package.bash'
[0.787s] INFO:colcon.colcon_core.shell:Creating package script '/home/nvidia/learn_ros/chapt3/topic_practice_ws/install/status_interfaces/share/status_interfaces/package.zsh'
[0.787s] Level 1:colcon.colcon_core.environment:create_file_with_runtime_dependencies(/home/nvidia/learn_ros/chapt3/topic_practice_ws/install/status_interfaces/share/colcon-core/packages/status_interfaces)
[0.787s] INFO:colcon.colcon_ros.task.ament_python.build:Building ROS package in '/home/nvidia/learn_ros/chapt3/topic_practice_ws/src/status_pulisher' with build type 'ament_python'
[0.788s] Level 1:colcon.colcon_core.shell:create_environment_hook('status_pulisher', 'ament_prefix_path')
[0.788s] INFO:colcon.colcon_core.shell:Creating environment hook '/home/nvidia/learn_ros/chapt3/topic_practice_ws/install/status_pulisher/share/status_pulisher/hook/ament_prefix_path.ps1'
[0.788s] INFO:colcon.colcon_core.shell:Creating environment descriptor '/home/nvidia/learn_ros/chapt3/topic_practice_ws/install/status_pulisher/share/status_pulisher/hook/ament_prefix_path.dsv'
[0.789s] INFO:colcon.colcon_core.shell:Creating environment hook '/home/nvidia/learn_ros/chapt3/topic_practice_ws/install/status_pulisher/share/status_pulisher/hook/ament_prefix_path.sh'
[0.789s] INFO:colcon.colcon_core.shell:Skip shell extension 'powershell' for command environment: Not usable outside of PowerShell
[0.789s] DEBUG:colcon.colcon_core.shell:Skip shell extension 'dsv' for command environment
[1.300s] INFO:colcon.colcon_core.task.python.build:Building Python package in '/home/nvidia/learn_ros/chapt3/topic_practice_ws/src/status_pulisher'
[1.300s] INFO:colcon.colcon_core.shell:Skip shell extension 'powershell' for command environment: Not usable outside of PowerShell
[1.300s] DEBUG:colcon.colcon_core.shell:Skip shell extension 'dsv' for command environment
[1.862s] DEBUG:colcon.colcon_core.task.python.build:Available setuptools commands: install_headers, check, bdist_wheel, clean, update_catalog, upload_docs, symlink_data, bdist_egg, build_scripts, install_scripts, build_py, bdist, install, test, saveopts, sdist, develop, upload, compile_catalog, build_ext, init_catalog, egg_info, build, build_clib, setopt, bdist_rpm, install_lib, register, alias, install_data, dist_info, rotate, extract_messages, install_egg_info, bdist_dumb, easy_install
[1.865s] DEBUG:colcon.colcon_core.event_handler.log_command:Invoking command in '/home/nvidia/learn_ros/chapt3/topic_practice_ws/src/status_pulisher': PYTHONPATH=/home/nvidia/learn_ros/chapt3/topic_practice_ws/build/status_pulisher/prefix_override:/usr/lib/python3/dist-packages/colcon_core/task/python/colcon_distutils_commands:/home/nvidia/learn_ros/chapt3/topic_practice_ws/install/status_pulisher/lib/python3.10/site-packages:${PYTHONPATH} /usr/bin/python3 -W ignore:setup.py install is deprecated -W ignore:easy_install command is deprecated setup.py egg_info --egg-base ../../build/status_pulisher build --build-base /home/nvidia/learn_ros/chapt3/topic_practice_ws/build/status_pulisher/build install --record /home/nvidia/learn_ros/chapt3/topic_practice_ws/build/status_pulisher/install.log --install-scripts $base/lib/status_pulisher --single-version-externally-managed install_data
[2.027s] Level 1:colcon.colcon_core.environment:checking '/home/nvidia/learn_ros/chapt3/topic_practice_ws/install/status_pulisher' for CMake module files
[2.027s] DEBUG:colcon.colcon_core.event_handler.log_command:Invoked command in '/home/nvidia/learn_ros/chapt3/topic_practice_ws/src/status_pulisher' returned '0': PYTHONPATH=/home/nvidia/learn_ros/chapt3/topic_practice_ws/build/status_pulisher/prefix_override:/usr/lib/python3/dist-packages/colcon_core/task/python/colcon_distutils_commands:/home/nvidia/learn_ros/chapt3/topic_practice_ws/install/status_pulisher/lib/python3.10/site-packages:${PYTHONPATH} /usr/bin/python3 -W ignore:setup.py install is deprecated -W ignore:easy_install command is deprecated setup.py egg_info --egg-base ../../build/status_pulisher build --build-base /home/nvidia/learn_ros/chapt3/topic_practice_ws/build/status_pulisher/build install --record /home/nvidia/learn_ros/chapt3/topic_practice_ws/build/status_pulisher/install.log --install-scripts $base/lib/status_pulisher --single-version-externally-managed install_data
[2.028s] Level 1:colcon.colcon_core.environment:checking '/home/nvidia/learn_ros/chapt3/topic_practice_ws/install/status_pulisher' for CMake config files
[2.028s] Level 1:colcon.colcon_core.environment:checking '/home/nvidia/learn_ros/chapt3/topic_practice_ws/install/status_pulisher/lib'
[2.028s] Level 1:colcon.colcon_core.environment:checking '/home/nvidia/learn_ros/chapt3/topic_practice_ws/install/status_pulisher/bin'
[2.028s] Level 1:colcon.colcon_core.environment:checking '/home/nvidia/learn_ros/chapt3/topic_practice_ws/install/status_pulisher/lib/pkgconfig/status_pulisher.pc'
[2.028s] Level 1:colcon.colcon_core.environment:checking '/home/nvidia/learn_ros/chapt3/topic_practice_ws/install/status_pulisher/lib/python3.10/site-packages'
[2.028s] Level 1:colcon.colcon_core.shell:create_environment_hook('status_pulisher', 'pythonpath')
[2.028s] INFO:colcon.colcon_core.shell:Creating environment hook '/home/nvidia/learn_ros/chapt3/topic_practice_ws/install/status_pulisher/share/status_pulisher/hook/pythonpath.ps1'
[2.029s] INFO:colcon.colcon_core.shell:Creating environment descriptor '/home/nvidia/learn_ros/chapt3/topic_practice_ws/install/status_pulisher/share/status_pulisher/hook/pythonpath.dsv'
[2.029s] INFO:colcon.colcon_core.shell:Creating environment hook '/home/nvidia/learn_ros/chapt3/topic_practice_ws/install/status_pulisher/share/status_pulisher/hook/pythonpath.sh'
[2.029s] Level 1:colcon.colcon_core.environment:checking '/home/nvidia/learn_ros/chapt3/topic_practice_ws/install/status_pulisher/bin'
[2.029s] Level 1:colcon.colcon_core.environment:create_environment_scripts_only(status_pulisher)
[2.030s] INFO:colcon.colcon_core.shell:Creating package script '/home/nvidia/learn_ros/chapt3/topic_practice_ws/install/status_pulisher/share/status_pulisher/package.ps1'
[2.030s] INFO:colcon.colcon_core.shell:Creating package descriptor '/home/nvidia/learn_ros/chapt3/topic_practice_ws/install/status_pulisher/share/status_pulisher/package.dsv'
[2.030s] INFO:colcon.colcon_core.shell:Creating package script '/home/nvidia/learn_ros/chapt3/topic_practice_ws/install/status_pulisher/share/status_pulisher/package.sh'
[2.031s] INFO:colcon.colcon_core.shell:Creating package script '/home/nvidia/learn_ros/chapt3/topic_practice_ws/install/status_pulisher/share/status_pulisher/package.bash'
[2.031s] INFO:colcon.colcon_core.shell:Creating package script '/home/nvidia/learn_ros/chapt3/topic_practice_ws/install/status_pulisher/share/status_pulisher/package.zsh'
[2.031s] Level 1:colcon.colcon_core.environment:create_file_with_runtime_dependencies(/home/nvidia/learn_ros/chapt3/topic_practice_ws/install/status_pulisher/share/colcon-core/packages/status_pulisher)
[2.031s] DEBUG:colcon.colcon_parallel_executor.executor.parallel:closing loop
[2.032s] DEBUG:colcon.colcon_parallel_executor.executor.parallel:loop closed
[2.032s] DEBUG:colcon.colcon_parallel_executor.executor.parallel:run_until_complete finished with '0'
[2.032s] DEBUG:colcon.colcon_core.event_reactor:joining thread
[2.181s] INFO:colcon.colcon_core.plugin_system:Skipping extension 'colcon_notification.desktop_notification.notify_send': Could not find 'notify-send'
[2.181s] INFO:colcon.colcon_core.plugin_system:Skipping extension 'colcon_notification.desktop_notification.terminal_notifier': Not used on non-Darwin systems
[2.181s] INFO:colcon.colcon_core.plugin_system:Skipping extension 'colcon_notification.desktop_notification.win32': Not used on non-Windows systems
[2.181s] INFO:colcon.colcon_notification.desktop_notification:Sending desktop notification using 'notify2'
[2.181s] DEBUG:colcon.colcon_notification.desktop_notification.notify2:Failed to initialize notify2: org.freedesktop.DBus.Error.FileNotFound: Failed to connect to socket /run/user/1000/bus: No such file or directory
[2.181s] DEBUG:colcon.colcon_core.event_reactor:joined thread
[2.182s] INFO:colcon.colcon_core.shell:Creating prefix script '/home/nvidia/learn_ros/chapt3/topic_practice_ws/install/local_setup.ps1'
[2.182s] INFO:colcon.colcon_core.shell:Creating prefix util module '/home/nvidia/learn_ros/chapt3/topic_practice_ws/install/_local_setup_util_ps1.py'
[2.183s] INFO:colcon.colcon_core.shell:Creating prefix chain script '/home/nvidia/learn_ros/chapt3/topic_practice_ws/install/setup.ps1'
[2.184s] INFO:colcon.colcon_core.shell:Creating prefix script '/home/nvidia/learn_ros/chapt3/topic_practice_ws/install/local_setup.sh'
[2.184s] INFO:colcon.colcon_core.shell:Creating prefix util module '/home/nvidia/learn_ros/chapt3/topic_practice_ws/install/_local_setup_util_sh.py'
[2.185s] INFO:colcon.colcon_core.shell:Creating prefix chain script '/home/nvidia/learn_ros/chapt3/topic_practice_ws/install/setup.sh'
[2.186s] INFO:colcon.colcon_core.shell:Creating prefix script '/home/nvidia/learn_ros/chapt3/topic_practice_ws/install/local_setup.bash'
[2.186s] INFO:colcon.colcon_core.shell:Creating prefix chain script '/home/nvidia/learn_ros/chapt3/topic_practice_ws/install/setup.bash'
[2.186s] INFO:colcon.colcon_core.shell:Creating prefix script '/home/nvidia/learn_ros/chapt3/topic_practice_ws/install/local_setup.zsh'
[2.187s] INFO:colcon.colcon_core.shell:Creating prefix chain script '/home/nvidia/learn_ros/chapt3/topic_practice_ws/install/setup.zsh'
