[0.011s] Invoking command in '/home/nvidia/learn_ros/chapt2/build/demo_cpp_pkg': CMAKE_PREFIX_PATH=${CMAKE_PREFIX_PATH}:/home/nvidia/learn_ros/chapt2/install/demo_python_pkg:/opt/ros/humble /usr/bin/cmake --build /home/nvidia/learn_ros/chapt2/build/demo_cpp_pkg -- -j24 -l24
[0.023s] -- Found ament_cmake: 1.3.14 (/opt/ros/humble/share/ament_cmake/cmake)
[0.096s] -- Found rclcpp: 16.0.21 (/opt/ros/humble/share/rclcpp/cmake)
[0.417s] -- Found rosidl_generator_c: 3.1.9 (/opt/ros/humble/share/rosidl_generator_c/cmake)
[0.418s] -- Found rosidl_adapter: 3.1.9 (/opt/ros/humble/share/rosidl_adapter/cmake)
[0.422s] -- Found rosidl_generator_cpp: 3.1.9 (/opt/ros/humble/share/rosidl_generator_cpp/cmake)
[0.427s] -- Using all available rosidl_typesupport_c: rosidl_typesupport_fastrtps_c;rosidl_typesupport_introspection_c
[0.433s] -- Using all available rosidl_typesupport_cpp: rosidl_typesupport_fastrtps_cpp;rosidl_typesupport_introspection_cpp
[0.450s] -- Found rmw_implementation_cmake: 6.1.4 (/opt/ros/humble/share/rmw_implementation_cmake/cmake)
[0.450s] -- Found rmw_fastrtps_cpp: 6.2.10 (/opt/ros/humble/share/rmw_fastrtps_cpp/cmake)
[12.922s] -- Using RMW implementation 'rmw_fastrtps_cpp' as default
[12.949s] -- Found ament_lint_auto: 0.12.15 (/opt/ros/humble/share/ament_lint_auto/cmake)
[12.985s] -- Added test 'cppcheck' to perform static code analysis on C / C++ code
[12.985s] -- Configured cppcheck include dirs: 
[12.985s] -- Configured cppcheck exclude dirs and/or files: 
[12.986s] -- Added test 'lint_cmake' to check CMake code style
[12.988s] -- Added test 'uncrustify' to check C / C++ code style
[12.988s] -- Configured uncrustify additional arguments: 
[12.988s] -- Added test 'xmllint' to check XML markup files
[12.988s] -- Configuring done
[12.993s] -- Generating done
[12.995s] -- Build files have been written to: /home/nvidia/learn_ros/chapt2/build/demo_cpp_pkg
[13.008s] [35m[1mConsolidate compiler generated dependencies of target cpp_node[0m
[13.017s] [100%] Built target cpp_node
[13.023s] Invoked command in '/home/nvidia/learn_ros/chapt2/build/demo_cpp_pkg' returned '0': CMAKE_PREFIX_PATH=${CMAKE_PREFIX_PATH}:/home/nvidia/learn_ros/chapt2/install/demo_python_pkg:/opt/ros/humble /usr/bin/cmake --build /home/nvidia/learn_ros/chapt2/build/demo_cpp_pkg -- -j24 -l24
[13.028s] Invoking command in '/home/nvidia/learn_ros/chapt2/build/demo_cpp_pkg': CMAKE_PREFIX_PATH=${CMAKE_PREFIX_PATH}:/home/nvidia/learn_ros/chapt2/install/demo_python_pkg:/opt/ros/humble /usr/bin/cmake --install /home/nvidia/learn_ros/chapt2/build/demo_cpp_pkg
[13.032s] -- Install configuration: ""
[13.032s] -- Up-to-date: /home/nvidia/learn_ros/chapt2/install/demo_cpp_pkg/lib/demo_cpp_pkg/cpp_node
[13.032s] -- Installing: /home/nvidia/learn_ros/chapt2/install/demo_cpp_pkg/share/ament_index/resource_index/package_run_dependencies/demo_cpp_pkg
[13.032s] -- Up-to-date: /home/nvidia/learn_ros/chapt2/install/demo_cpp_pkg/share/ament_index/resource_index/parent_prefix_path/demo_cpp_pkg
[13.032s] -- Up-to-date: /home/nvidia/learn_ros/chapt2/install/demo_cpp_pkg/share/demo_cpp_pkg/environment/ament_prefix_path.sh
[13.033s] -- Installing: /home/nvidia/learn_ros/chapt2/install/demo_cpp_pkg/share/demo_cpp_pkg/environment/ament_prefix_path.dsv
[13.033s] -- Up-to-date: /home/nvidia/learn_ros/chapt2/install/demo_cpp_pkg/share/demo_cpp_pkg/environment/path.sh
[13.033s] -- Installing: /home/nvidia/learn_ros/chapt2/install/demo_cpp_pkg/share/demo_cpp_pkg/environment/path.dsv
[13.033s] -- Up-to-date: /home/nvidia/learn_ros/chapt2/install/demo_cpp_pkg/share/demo_cpp_pkg/local_setup.bash
[13.033s] -- Up-to-date: /home/nvidia/learn_ros/chapt2/install/demo_cpp_pkg/share/demo_cpp_pkg/local_setup.sh
[13.033s] -- Up-to-date: /home/nvidia/learn_ros/chapt2/install/demo_cpp_pkg/share/demo_cpp_pkg/local_setup.zsh
[13.033s] -- Installing: /home/nvidia/learn_ros/chapt2/install/demo_cpp_pkg/share/demo_cpp_pkg/local_setup.dsv
[13.033s] -- Installing: /home/nvidia/learn_ros/chapt2/install/demo_cpp_pkg/share/demo_cpp_pkg/package.dsv
[13.033s] -- Up-to-date: /home/nvidia/learn_ros/chapt2/install/demo_cpp_pkg/share/ament_index/resource_index/packages/demo_cpp_pkg
[13.033s] -- Up-to-date: /home/nvidia/learn_ros/chapt2/install/demo_cpp_pkg/share/demo_cpp_pkg/cmake/demo_cpp_pkgConfig.cmake
[13.034s] -- Up-to-date: /home/nvidia/learn_ros/chapt2/install/demo_cpp_pkg/share/demo_cpp_pkg/cmake/demo_cpp_pkgConfig-version.cmake
[13.035s] -- Installing: /home/nvidia/learn_ros/chapt2/install/demo_cpp_pkg/share/demo_cpp_pkg/package.xml
[13.035s] Invoked command in '/home/nvidia/learn_ros/chapt2/build/demo_cpp_pkg' returned '0': CMAKE_PREFIX_PATH=${CMAKE_PREFIX_PATH}:/home/nvidia/learn_ros/chapt2/install/demo_python_pkg:/opt/ros/humble /usr/bin/cmake --install /home/nvidia/learn_ros/chapt2/build/demo_cpp_pkg
